Archive member included to satisfy reference by file (symbol)

c:/st/stm32cubeide_1.3.0/stm32cubeide/plugins/com.st.stm32cube.ide.mcu.externaltools.gnu-tools-for-stm32.7-2018-q2-update.win32_1.0.0.201904181610/tools/bin/../lib/gcc/arm-none-eabi/7.3.1/../../../../arm-none-eabi/lib/thumb/v7e-m/fpv4-sp/hard\libc_nano.a(lib_a-exit.o)
                              c:/st/stm32cubeide_1.3.0/stm32cubeide/plugins/com.st.stm32cube.ide.mcu.externaltools.gnu-tools-for-stm32.7-2018-q2-update.win32_1.0.0.201904181610/tools/bin/../lib/gcc/arm-none-eabi/7.3.1/../../../../arm-none-eabi/lib/thumb/v7e-m/fpv4-sp/hard/crt0.o (exit)
c:/st/stm32cubeide_1.3.0/stm32cubeide/plugins/com.st.stm32cube.ide.mcu.externaltools.gnu-tools-for-stm32.7-2018-q2-update.win32_1.0.0.201904181610/tools/bin/../lib/gcc/arm-none-eabi/7.3.1/../../../../arm-none-eabi/lib/thumb/v7e-m/fpv4-sp/hard\libc_nano.a(lib_a-impure.o)
                              c:/st/stm32cubeide_1.3.0/stm32cubeide/plugins/com.st.stm32cube.ide.mcu.externaltools.gnu-tools-for-stm32.7-2018-q2-update.win32_1.0.0.201904181610/tools/bin/../lib/gcc/arm-none-eabi/7.3.1/../../../../arm-none-eabi/lib/thumb/v7e-m/fpv4-sp/hard\libc_nano.a(lib_a-exit.o) (_global_impure_ptr)
c:/st/stm32cubeide_1.3.0/stm32cubeide/plugins/com.st.stm32cube.ide.mcu.externaltools.gnu-tools-for-stm32.7-2018-q2-update.win32_1.0.0.201904181610/tools/bin/../lib/gcc/arm-none-eabi/7.3.1/../../../../arm-none-eabi/lib/thumb/v7e-m/fpv4-sp/hard\libc_nano.a(lib_a-init.o)
                              c:/st/stm32cubeide_1.3.0/stm32cubeide/plugins/com.st.stm32cube.ide.mcu.externaltools.gnu-tools-for-stm32.7-2018-q2-update.win32_1.0.0.201904181610/tools/bin/../lib/gcc/arm-none-eabi/7.3.1/../../../../arm-none-eabi/lib/thumb/v7e-m/fpv4-sp/hard/crt0.o (__libc_init_array)
c:/st/stm32cubeide_1.3.0/stm32cubeide/plugins/com.st.stm32cube.ide.mcu.externaltools.gnu-tools-for-stm32.7-2018-q2-update.win32_1.0.0.201904181610/tools/bin/../lib/gcc/arm-none-eabi/7.3.1/../../../../arm-none-eabi/lib/thumb/v7e-m/fpv4-sp/hard\libc_nano.a(lib_a-memcpy-stub.o)
                              Src/FPC1020/FPC1020_Command.o (memcpy)
c:/st/stm32cubeide_1.3.0/stm32cubeide/plugins/com.st.stm32cube.ide.mcu.externaltools.gnu-tools-for-stm32.7-2018-q2-update.win32_1.0.0.201904181610/tools/bin/../lib/gcc/arm-none-eabi/7.3.1/../../../../arm-none-eabi/lib/thumb/v7e-m/fpv4-sp/hard\libc_nano.a(lib_a-memset.o)
                              c:/st/stm32cubeide_1.3.0/stm32cubeide/plugins/com.st.stm32cube.ide.mcu.externaltools.gnu-tools-for-stm32.7-2018-q2-update.win32_1.0.0.201904181610/tools/bin/../lib/gcc/arm-none-eabi/7.3.1/../../../../arm-none-eabi/lib/thumb/v7e-m/fpv4-sp/hard/crt0.o (memset)
c:/st/stm32cubeide_1.3.0/stm32cubeide/plugins/com.st.stm32cube.ide.mcu.externaltools.gnu-tools-for-stm32.7-2018-q2-update.win32_1.0.0.201904181610/tools/bin/../lib/gcc/arm-none-eabi/7.3.1/../../../../arm-none-eabi/lib/thumb/v7e-m/fpv4-sp/hard\libc_nano.a(lib_a-sprintf.o)
                              Src/FPC1020/FPC1020Application.o (sprintf)
c:/st/stm32cubeide_1.3.0/stm32cubeide/plugins/com.st.stm32cube.ide.mcu.externaltools.gnu-tools-for-stm32.7-2018-q2-update.win32_1.0.0.201904181610/tools/bin/../lib/gcc/arm-none-eabi/7.3.1/../../../../arm-none-eabi/lib/thumb/v7e-m/fpv4-sp/hard\libc_nano.a(lib_a-strlen.o)
                              Src/FPC1020/FPC1020Application.o (strlen)
c:/st/stm32cubeide_1.3.0/stm32cubeide/plugins/com.st.stm32cube.ide.mcu.externaltools.gnu-tools-for-stm32.7-2018-q2-update.win32_1.0.0.201904181610/tools/bin/../lib/gcc/arm-none-eabi/7.3.1/../../../../arm-none-eabi/lib/thumb/v7e-m/fpv4-sp/hard\libc_nano.a(lib_a-nano-svfprintf.o)
                              c:/st/stm32cubeide_1.3.0/stm32cubeide/plugins/com.st.stm32cube.ide.mcu.externaltools.gnu-tools-for-stm32.7-2018-q2-update.win32_1.0.0.201904181610/tools/bin/../lib/gcc/arm-none-eabi/7.3.1/../../../../arm-none-eabi/lib/thumb/v7e-m/fpv4-sp/hard\libc_nano.a(lib_a-sprintf.o) (_svfprintf_r)
c:/st/stm32cubeide_1.3.0/stm32cubeide/plugins/com.st.stm32cube.ide.mcu.externaltools.gnu-tools-for-stm32.7-2018-q2-update.win32_1.0.0.201904181610/tools/bin/../lib/gcc/arm-none-eabi/7.3.1/../../../../arm-none-eabi/lib/thumb/v7e-m/fpv4-sp/hard\libc_nano.a(lib_a-nano-vfprintf_i.o)
                              c:/st/stm32cubeide_1.3.0/stm32cubeide/plugins/com.st.stm32cube.ide.mcu.externaltools.gnu-tools-for-stm32.7-2018-q2-update.win32_1.0.0.201904181610/tools/bin/../lib/gcc/arm-none-eabi/7.3.1/../../../../arm-none-eabi/lib/thumb/v7e-m/fpv4-sp/hard\libc_nano.a(lib_a-nano-svfprintf.o) (_printf_i)
c:/st/stm32cubeide_1.3.0/stm32cubeide/plugins/com.st.stm32cube.ide.mcu.externaltools.gnu-tools-for-stm32.7-2018-q2-update.win32_1.0.0.201904181610/tools/bin/../lib/gcc/arm-none-eabi/7.3.1/../../../../arm-none-eabi/lib/thumb/v7e-m/fpv4-sp/hard\libc_nano.a(lib_a-memchr.o)
[...]
Memory Configuration

Name             Origin             Length             Attributes
RAM              0x0000000020000000 0x0000000000010000 xrw
FLASH            0x0000000008000000 0x0000000000040000 xr
*default*        0x0000000000000000 0xffffffffffffffff

Linker script and memory map

LOAD c:/st/stm32cubeide_1.3.0/stm32cubeide/plugins/com.st.stm32cube.ide.mcu.externaltools.gnu-tools-for-stm32.7-2018-q2-update.win32_1.0.0.201904181610/tools/bin/../lib/gcc/arm-none-eabi/7.3.1/thumb/v7e-m/fpv4-sp/hard/crti.o
LOAD c:/st/stm32cubeide_1.3.0/stm32cubeide/plugins/com.st.stm32cube.ide.mcu.externaltools.gnu-tools-for-stm32.7-2018-q2-update.win32_1.0.0.201904181610/tools/bin/../lib/gcc/arm-none-eabi/7.3.1/thumb/v7e-m/fpv4-sp/hard/crtbegin.o
LOAD c:/st/stm32cubeide_1.3.0/stm32cubeide/plugins/com.st.stm32cube.ide.mcu.externaltools.gnu-tools-for-stm32.7-2018-q2-update.win32_1.0.0.201904181610/tools/bin/../lib/gcc/arm-none-eabi/7.3.1/../../../../arm-none-eabi/lib/thumb/v7e-m/fpv4-sp/hard/crt0.o
LOAD Drivers/STM32L4xx_HAL_Driver/Src/stm32l4xx_hal.o
LOAD Drivers/STM32L4xx_HAL_Driver/Src/stm32l4xx_hal_cortex.o
LOAD Drivers/STM32L4xx_HAL_Driver/Src/stm32l4xx_hal_dma.o
LOAD Drivers/STM32L4xx_HAL_Driver/Src/stm32l4xx_hal_dma_ex.o
LOAD Drivers/STM32L4xx_HAL_Driver/Src/stm32l4xx_hal_flash.o
LOAD Drivers/STM32L4xx_HAL_Driver/Src/stm32l4xx_hal_flash_ex.o
LOAD Drivers/STM32L4xx_HAL_Driver/Src/stm32l4xx_hal_flash_ramfunc.o
LOAD Drivers/STM32L4xx_HAL_Driver/Src/stm32l4xx_hal_gpio.o
LOAD Drivers/STM32L4xx_HAL_Driver/Src/stm32l4xx_hal_i2c.o
LOAD Drivers/STM32L4xx_HAL_Driver/Src/stm32l4xx_hal_i2c_ex.o
LOAD Drivers/STM32L4xx_HAL_Driver/Src/stm32l4xx_hal_pcd.o
LOAD Drivers/STM32L4xx_HAL_Driver/Src/stm32l4xx_hal_pcd_ex.o
LOAD Drivers/STM32L4xx_HAL_Driver/Src/stm32l4xx_hal_pwr.o
LOAD Drivers/STM32L4xx_HAL_Driver/Src/stm32l4xx_hal_pwr_ex.o
LOAD Drivers/STM32L4xx_HAL_Driver/Src/stm32l4xx_hal_rcc.o
LOAD Drivers/STM32L4xx_HAL_Driver/Src/stm32l4xx_hal_rcc_ex.o
LOAD Drivers/STM32L4xx_HAL_Driver/Src/stm32l4xx_hal_tim.o
LOAD Drivers/STM32L4xx_HAL_Driver/Src/stm32l4xx_hal_tim_ex.o
LOAD Drivers/STM32L4xx_HAL_Driver/Src/stm32l4xx_hal_uart.o
LOAD Drivers/STM32L4xx_HAL_Driver/Src/stm32l4xx_hal_uart_ex.o
LOAD Drivers/STM32L4xx_HAL_Driver/Src/stm32l4xx_ll_usb.o
LOAD Middlewares/ST/STM32_USB_Device_Library/Class/CDC/Src/usbd_cdc.o
LOAD Middlewares/ST/STM32_USB_Device_Library/Class/HID/Src/usbd_hid.o
LOAD Middlewares/ST/STM32_USB_Device_Library/Core/Src/usbd_core.o
LOAD Middlewares/ST/STM32_USB_Device_Library/Core/Src/usbd_ctlreq.o
LOAD Middlewares/ST/STM32_USB_Device_Library/Core/Src/usbd_ioreq.o
LOAD Src/FPC1020/FPC1020Application.o
LOAD Src/FPC1020/FPC1020_Command.o
LOAD Src/FPC1020/FPC1020_Communication.o
LOAD Src/VCPusb_device.o
LOAD Src/VCPusbd_desc.o
LOAD Src/main.o
LOAD Src/stm32l4xx_hal_msp.o
LOAD Src/stm32l4xx_it.o
LOAD Src/system_stm32l4xx.o
LOAD Src/usb_device.o
LOAD Src/usbd_cdc_if.o
LOAD Src/usbd_conf.o
LOAD Src/usbd_desc.o
LOAD startup/startup_stm32l432xx.o
START GROUP
LOAD c:/st/stm32cubeide_1.3.0/stm32cubeide/plugins/com.st.stm32cube.ide.mcu.externaltools.gnu-tools-for-stm32.7-2018-q2-update.win32_1.0.0.201904181610/tools/bin/../lib/gcc/arm-none-eabi/7.3.1/../../../../arm-none-eabi/lib/thumb/v7e-m/fpv4-sp/hard\libc_nano.a
LOAD c:/st/stm32cubeide_1.3.0/stm32cubeide/plugins/com.st.stm32cube.ide.mcu.externaltools.gnu-tools-for-stm32.7-2018-q2-update.win32_1.0.0.201904181610/tools/bin/../lib/gcc/arm-none-eabi/7.3.1/../../../../arm-none-eabi/lib/thumb/v7e-m/fpv4-sp/hard\libm.a
END GROUP
START GROUP
LOAD c:/st/stm32cubeide_1.3.0/stm32cubeide/plugins/com.st.stm32cube.ide.mcu.externaltools.gnu-tools-for-stm32.7-2018-q2-update.win32_1.0.0.201904181610/tools/bin/../lib/gcc/arm-none-eabi/7.3.1/thumb/v7e-m/fpv4-sp/hard\libgcc.a
LOAD c:/st/stm32cubeide_1.3.0/stm32cubeide/plugins/com.st.stm32cube.ide.mcu.externaltools.gnu-tools-for-stm32.7-2018-q2-update.win32_1.0.0.201904181610/tools/bin/../lib/gcc/arm-none-eabi/7.3.1/../../../../arm-none-eabi/lib/thumb/v7e-m/fpv4-sp/hard\libc_nano.a
END GROUP
START GROUP
LOAD c:/st/stm32cubeide_1.3.0/stm32cubeide/plugins/com.st.stm32cube.ide.mcu.externaltools.gnu-tools-for-stm32.7-2018-q2-update.win32_1.0.0.201904181610/tools/bin/../lib/gcc/arm-none-eabi/7.3.1/thumb/v7e-m/fpv4-sp/hard\libgcc.a
LOAD c:/st/stm32cubeide_1.3.0/stm32cubeide/plugins/com.st.stm32cube.ide.mcu.externaltools.gnu-tools-for-stm32.7-2018-q2-update.win32_1.0.0.201904181610/tools/bin/../lib/gcc/arm-none-eabi/7.3.1/../../../../arm-none-eabi/lib/thumb/v7e-m/fpv4-sp/hard\libc_nano.a
LOAD c:/st/stm32cubeide_1.3.0/stm32cubeide/plugins/com.st.stm32cube.ide.mcu.externaltools.gnu-tools-for-stm32.7-2018-q2-update.win32_1.0.0.201904181610/tools/bin/../lib/gcc/arm-none-eabi/7.3.1/../../../../arm-none-eabi/lib/thumb/v7e-m/fpv4-sp/hard\libnosys.a
END GROUP
START GROUP
LOAD c:/st/stm32cubeide_1.3.0/stm32cubeide/plugins/com.st.stm32cube.ide.mcu.externaltools.gnu-tools-for-stm32.7-2018-q2-update.win32_1.0.0.201904181610/tools/bin/../lib/gcc/arm-none-eabi/7.3.1/thumb/v7e-m/fpv4-sp/hard\libgcc.a
LOAD c:/st/stm32cubeide_1.3.0/stm32cubeide/plugins/com.st.stm32cube.ide.mcu.externaltools.gnu-tools-for-stm32.7-2018-q2-update.win32_1.0.0.201904181610/tools/bin/../lib/gcc/arm-none-eabi/7.3.1/../../../../arm-none-eabi/lib/thumb/v7e-m/fpv4-sp/hard\libc_nano.a
LOAD c:/st/stm32cubeide_1.3.0/stm32cubeide/plugins/com.st.stm32cube.ide.mcu.externaltools.gnu-tools-for-stm32.7-2018-q2-update.win32_1.0.0.201904181610/tools/bin/../lib/gcc/arm-none-eabi/7.3.1/../../../../arm-none-eabi/lib/thumb/v7e-m/fpv4-sp/hard\libnosys.a
END GROUP
LOAD c:/st/stm32cubeide_1.3.0/stm32cubeide/plugins/com.st.stm32cube.ide.mcu.externaltools.gnu-tools-for-stm32.7-2018-q2-update.win32_1.0.0.201904181610/tools/bin/../lib/gcc/arm-none-eabi/7.3.1/thumb/v7e-m/fpv4-sp/hard/crtend.o
LOAD c:/st/stm32cubeide_1.3.0/stm32cubeide/plugins/com.st.stm32cube.ide.mcu.externaltools.gnu-tools-for-stm32.7-2018-q2-update.win32_1.0.0.201904181610/tools/bin/../lib/gcc/arm-none-eabi/7.3.1/thumb/v7e-m/fpv4-sp/hard/crtn.o
                0x0000000020010000                _estack = 0x20010000
                0x0000000000000200                _Min_Heap_Size = 0x200
                0x0000000000000400                _Min_Stack_Size = 0x400

.isr_vector     0x0000000008000000      0x18c
                0x0000000008000000                . = ALIGN (0x4)
 *(.isr_vector)
 .isr_vector    0x0000000008000000      0x18c startup/startup_stm32l432xx.o
                0x0000000008000000                g_pfnVectors
                0x000000000800018c                . = ALIGN (0x4)

.text           0x0000000008000190     0x98f4
                0x0000000008000190                . = ALIGN (0x4)
 *(.text)
 .text          0x0000000008000190       0x40 c:/st/stm32cubeide_1.3.0/stm32cubeide/plugins/com.st.stm32cube.ide.mcu.externaltools.gnu-tools-for-stm32.7-2018-q2-update.win32_1.0.0.201904181610/tools/bin/../lib/gcc/arm-none-eabi/7.3.1/thumb/v7e-m/fpv4-sp/hard/crtbegin.o
 .text          0x00000000080001d0       0x10 c:/st/stm32cubeide_1.3.0/stm32cubeide/plugins/com.st.stm32cube.ide.mcu.externaltools.gnu-tools-for-stm32.7-2018-q2-update.win32_1.0.0.201904181610/tools/bin/../lib/gcc/arm-none-eabi/7.3.1/../../../../arm-none-eabi/lib/thumb/v7e-m/fpv4-sp/hard\libc_nano.a(lib_a-strlen.o)
                0x00000000080001d0                strlen
 .text          0x00000000080001e0       0xa0 c:/st/stm32cubeide_1.3.0/stm32cubeide/plugins/com.st.stm32cube.ide.mcu.externaltools.gnu-tools-for-stm32.7-2018-q2-update.win32_1.0.0.201904181610/tools/bin/../lib/gcc/arm-none-eabi/7.3.1/../../../../arm-none-eabi/lib/thumb/v7e-m/fpv4-sp/hard\libc_nano.a(lib_a-memchr.o)
                0x00000000080001e0                memchr
 .text          0x0000000008000280       0x30 c:/st/stm32cubeide_1.3.0/stm32cubeide/plugins/com.st.stm32cube.ide.mcu.externaltools.gnu-tools-for-stm32.7-2018-q2-update.win32_1.0.0.201904181610/tools/bin/../lib/gcc/arm-none-eabi/7.3.1/thumb/v7e-m/fpv4-sp/hard\libgcc.a(_aeabi_uldivmod.o)
                0x0000000008000280                __aeabi_uldivmod
 .text          0x00000000080002b0      0x2cc c:/st/stm32cubeide_1.3.0/stm32cubeide/plugins/com.st.stm32cube.ide.mcu.externaltools.gnu-tools-for-stm32.7-2018-q2-update.win32_1.0.0.201904181610/tools/bin/../lib/gcc/arm-none-eabi/7.3.1/thumb/v7e-m/fpv4-sp/hard\libgcc.a(_udivmoddi4.o)
                0x00000000080002b0                __udivmoddi4
 .text          0x000000000800057c        0x4 c:/st/stm32cubeide_1.3.0/stm32cubeide/plugins/com.st.stm32cube.ide.mcu.externaltools.gnu-tools-for-stm32.7-2018-q2-update.win32_1.0.0.201904181610/tools/bin/../lib/gcc/arm-none-eabi/7.3.1/thumb/v7e-m/fpv4-sp/hard\libgcc.a(_dvmd_tls.o)
                0x000000000800057c                __aeabi_idiv0
                0x000000000800057c                __aeabi_ldiv0
 *(.text*)
 .text.HAL_Init
                0x0000000008000580       0x1a Drivers/STM32L4xx_HAL_Driver/Src/stm32l4xx_hal.o
                0x0000000008000580                HAL_Init
 *fill*         0x000000000800059a        0x2 
 .text.HAL_InitTick
                0x000000000800059c       0x38 Drivers/STM32L4xx_HAL_Driver/Src/stm32l4xx_hal.o
                0x000000000800059c                HAL_InitTick
 .text.HAL_IncTick
                0x00000000080005d4       0x1c Drivers/STM32L4xx_HAL_Driver/Src/stm32l4xx_hal.o
                0x00000000080005d4                HAL_IncTick
 .text.HAL_GetTick
                0x00000000080005f0       0x18 Drivers/STM32L4xx_HAL_Driver/Src/stm32l4xx_hal.o
                0x00000000080005f0                HAL_GetTick
 .text.HAL_Delay
                0x0000000008000608       0x3a Drivers/STM32L4xx_HAL_Driver/Src/stm32l4xx_hal.o
                0x0000000008000608                HAL_Delay
 *fill*         0x0000000008000642        0x2 
 .text.NVIC_SetPriorityGrouping
                0x0000000008000644       0x48 Drivers/STM32L4xx_HAL_Driver/Src/stm32l4xx_hal_cortex.o
 .text.NVIC_GetPriorityGrouping
                0x000000000800068c       0x1c Drivers/STM32L4xx_HAL_Driver/Src/stm32l4xx_hal_cortex.o
 .text.NVIC_EnableIRQ
                0x00000000080006a8       0x34 Drivers/STM32L4xx_HAL_Driver/Src/stm32l4xx_hal_cortex.o
 .text.NVIC_SetPriority
                0x00000000080006dc       0x54 Drivers/STM32L4xx_HAL_Driver/Src/stm32l4xx_hal_cortex.o
 .text.NVIC_EncodePriority
                0x0000000008000730       0x62 Drivers/STM32L4xx_HAL_Driver/Src/stm32l4xx_hal_cortex.o
 *fill*         0x0000000008000792        0x2 
 .text.SysTick_Config
                0x0000000008000794       0x44 Drivers/STM32L4xx_HAL_Driver/Src/stm32l4xx_hal_cortex.o
 .text.HAL_NVIC_SetPriorityGrouping
                0x00000000080007d8       0x16 Drivers/STM32L4xx_HAL_Driver/Src/stm32l4xx_hal_cortex.o
                0x00000000080007d8                HAL_NVIC_SetPriorityGrouping
 .text.HAL_NVIC_SetPriority
                0x00000000080007ee       0x38 Drivers/STM32L4xx_HAL_Driver/Src/stm32l4xx_hal_cortex.o
                0x00000000080007ee                HAL_NVIC_SetPriority
 .text.HAL_NVIC_EnableIRQ
                0x0000000008000826       0x1c Drivers/STM32L4xx_HAL_Driver/Src/stm32l4xx_hal_cortex.o
                0x0000000008000826                HAL_NVIC_EnableIRQ
 .text.HAL_SYSTICK_Config
                0x0000000008000842       0x18 Drivers/STM32L4xx_HAL_Driver/Src/stm32l4xx_hal_cortex.o
                0x0000000008000842                HAL_SYSTICK_Config
 *fill*         0x000000000800085a        0x2 
 .text.HAL_SYSTICK_CLKSourceConfig
                0x000000000800085c       0x38 Drivers/STM32L4xx_HAL_Driver/Src/stm32l4xx_hal_cortex.o
                0x000000000800085c                HAL_SYSTICK_CLKSourceConfig
 .text.HAL_SYSTICK_IRQHandler
                0x0000000008000894        0xc Drivers/STM32L4xx_HAL_Driver/Src/stm32l4xx_hal_cortex.o
                0x0000000008000894                HAL_SYSTICK_IRQHandler
 .text.HAL_SYSTICK_Callback
                0x00000000080008a0        0xe Drivers/STM32L4xx_HAL_Driver/Src/stm32l4xx_hal_cortex.o
                0x00000000080008a0                HAL_SYSTICK_Callback
 *fill*         0x00000000080008ae        0x2 
 .text.HAL_DMA_Init
                0x00000000080008b0      0x17c Drivers/STM32L4xx_HAL_Driver/Src/stm32l4xx_hal_dma.o
                0x00000000080008b0                HAL_DMA_Init
 .text.HAL_DMA_Start_IT
                0x0000000008000a2c       0xc0 Drivers/STM32L4xx_HAL_Driver/Src/stm32l4xx_hal_dma.o
                0x0000000008000a2c                HAL_DMA_Start_IT
 .text.HAL_DMA_Abort_IT
                0x0000000008000aec       0x7e Drivers/STM32L4xx_HAL_Driver/Src/stm32l4xx_hal_dma.o
                0x0000000008000aec                HAL_DMA_Abort_IT
 .text.HAL_DMA_IRQHandler
                0x0000000008000b6a      0x146 Drivers/STM32L4xx_HAL_Driver/Src/stm32l4xx_hal_dma.o
                0x0000000008000b6a                HAL_DMA_IRQHandler
 .text.DMA_SetConfig
                0x0000000008000cb0       0x5c Drivers/STM32L4xx_HAL_Driver/Src/stm32l4xx_hal_dma.o
 .text.HAL_GPIO_Init
                0x0000000008000d0c      0x2dc Drivers/STM32L4xx_HAL_Driver/Src/stm32l4xx_hal_gpio.o
                0x0000000008000d0c                HAL_GPIO_Init
 .text.HAL_GPIO_ReadPin
                0x0000000008000fe8       0x30 Drivers/STM32L4xx_HAL_Driver/Src/stm32l4xx_hal_gpio.o
                0x0000000008000fe8                HAL_GPIO_ReadPin
 .text.HAL_GPIO_WritePin
                0x0000000008001018       0x30 Drivers/STM32L4xx_HAL_Driver/Src/stm32l4xx_hal_gpio.o
                0x0000000008001018                HAL_GPIO_WritePin
 .text.HAL_PCD_Init
                0x0000000008001048      0x1e0 Drivers/STM32L4xx_HAL_Driver/Src/stm32l4xx_hal_pcd.o
                0x0000000008001048                HAL_PCD_Init
 .text.HAL_PCD_Start
                0x0000000008001228       0x44 Drivers/STM32L4xx_HAL_Driver/Src/stm32l4xx_hal_pcd.o
                0x0000000008001228                HAL_PCD_Start
 .text.HAL_PCD_IRQHandler
                0x000000000800126c      0x2fe Drivers/STM32L4xx_HAL_Driver/Src/stm32l4xx_hal_pcd.o
                0x000000000800126c                HAL_PCD_IRQHandler
 .text.HAL_PCD_SetAddress
                0x000000000800156a       0x4a Drivers/STM32L4xx_HAL_Driver/Src/stm32l4xx_hal_pcd.o
                0x000000000800156a                HAL_PCD_SetAddress
 .text.HAL_PCD_EP_Open
                0x00000000080015b4       0xae Drivers/STM32L4xx_HAL_Driver/Src/stm32l4xx_hal_pcd.o
                0x00000000080015b4                HAL_PCD_EP_Open
 .text.HAL_PCD_EP_Close
                0x0000000008001662       0x90 Drivers/STM32L4xx_HAL_Driver/Src/stm32l4xx_hal_pcd.o
                0x0000000008001662                HAL_PCD_EP_Close
 .text.HAL_PCD_EP_Receive
                0x00000000080016f2       0x86 Drivers/STM32L4xx_HAL_Driver/Src/stm32l4xx_hal_pcd.o
                0x00000000080016f2                HAL_PCD_EP_Receive
 .text.HAL_PCD_EP_GetRxCount
                0x0000000008001778       0x2c Drivers/STM32L4xx_HAL_Driver/Src/stm32l4xx_hal_pcd.o
                0x0000000008001778                HAL_PCD_EP_GetRxCount
 .text.HAL_PCD_EP_Transmit
                0x00000000080017a4       0x84 Drivers/STM32L4xx_HAL_Driver/Src/stm32l4xx_hal_pcd.o
                0x00000000080017a4                HAL_PCD_EP_Transmit
 .text.HAL_PCD_EP_SetStall
                0x0000000008001828       0xb2 Drivers/STM32L4xx_HAL_Driver/Src/stm32l4xx_hal_pcd.o
                0x0000000008001828                HAL_PCD_EP_SetStall
 .text.HAL_PCD_EP_ClrStall
                0x00000000080018da       0x92 Drivers/STM32L4xx_HAL_Driver/Src/stm32l4xx_hal_pcd.o
                0x00000000080018da                HAL_PCD_EP_ClrStall
 .text.PCD_EP_ISR_Handler
                0x000000000800196c      0x630 Drivers/STM32L4xx_HAL_Driver/Src/stm32l4xx_hal_pcd.o
 .text.HAL_PCDEx_PMAConfig
                0x0000000008001f9c       0x82 Drivers/STM32L4xx_HAL_Driver/Src/stm32l4xx_hal_pcd_ex.o
                0x0000000008001f9c                HAL_PCDEx_PMAConfig
 .text.HAL_PCDEx_ActivateBCD
                0x000000000800201e       0x4c Drivers/STM32L4xx_HAL_Driver/Src/stm32l4xx_hal_pcd_ex.o
                0x000000000800201e                HAL_PCDEx_ActivateBCD
 .text.HAL_PCDEx_ActivateLPM
                0x000000000800206a       0x54 Drivers/STM32L4xx_HAL_Driver/Src/stm32l4xx_hal_pcd_ex.o
                0x000000000800206a                HAL_PCDEx_ActivateLPM
 *fill*         0x00000000080020be        0x2 
 .text.HAL_PWREx_GetVoltageRange
                0x00000000080020c0       0x1c Drivers/STM32L4xx_HAL_Driver/Src/stm32l4xx_hal_pwr_ex.o
                0x00000000080020c0                HAL_PWREx_GetVoltageRange
 .text.HAL_PWREx_ControlVoltageScaling
                0x00000000080020dc       0xac Drivers/STM32L4xx_HAL_Driver/Src/stm32l4xx_hal_pwr_ex.o
                0x00000000080020dc                HAL_PWREx_ControlVoltageScaling
 .text.HAL_PWREx_EnableVddUSB
                0x0000000008002188       0x20 Drivers/STM32L4xx_HAL_Driver/Src/stm32l4xx_hal_pwr_ex.o
                0x0000000008002188                HAL_PWREx_EnableVddUSB
 .text.HAL_RCC_OscConfig
                0x00000000080021a8      0x73c Drivers/STM32L4xx_HAL_Driver/Src/stm32l4xx_hal_rcc.o
                0x00000000080021a8                HAL_RCC_OscConfig
 .text.HAL_RCC_ClockConfig
                0x00000000080028e4      0x230 Drivers/STM32L4xx_HAL_Driver/Src/stm32l4xx_hal_rcc.o
                0x00000000080028e4                HAL_RCC_ClockConfig
 .text.HAL_RCC_GetSysClockFreq
                0x0000000008002b14      0x160 Drivers/STM32L4xx_HAL_Driver/Src/stm32l4xx_hal_rcc.o
                0x0000000008002b14                HAL_RCC_GetSysClockFreq
 .text.HAL_RCC_GetHCLKFreq
                0x0000000008002c74       0x18 Drivers/STM32L4xx_HAL_Driver/Src/stm32l4xx_hal_rcc.o
                0x0000000008002c74                HAL_RCC_GetHCLKFreq
 .text.HAL_RCC_GetPCLK1Freq
                0x0000000008002c8c       0x28 Drivers/STM32L4xx_HAL_Driver/Src/stm32l4xx_hal_rcc.o
                0x0000000008002c8c                HAL_RCC_GetPCLK1Freq
 .text.HAL_RCC_GetPCLK2Freq
                0x0000000008002cb4       0x28 Drivers/STM32L4xx_HAL_Driver/Src/stm32l4xx_hal_rcc.o
                0x0000000008002cb4                HAL_RCC_GetPCLK2Freq
 .text.RCC_SetFlashLatencyFromMSIRange
                0x0000000008002cdc       0xc4 Drivers/STM32L4xx_HAL_Driver/Src/stm32l4xx_hal_rcc.o
 .text.HAL_RCCEx_PeriphCLKConfig
                0x0000000008002da0      0x3e4 Drivers/STM32L4xx_HAL_Driver/Src/stm32l4xx_hal_rcc_ex.o
                0x0000000008002da0                HAL_RCCEx_PeriphCLKConfig
 .text.RCCEx_PLLSAI1_Config
                0x0000000008003184      0x1e4 Drivers/STM32L4xx_HAL_Driver/Src/stm32l4xx_hal_rcc_ex.o
 .text.HAL_TIM_Base_Init
                0x0000000008003368       0x56 Drivers/STM32L4xx_HAL_Driver/Src/stm32l4xx_hal_tim.o
                0x0000000008003368                HAL_TIM_Base_Init
 .text.HAL_TIM_Base_Start_IT
                0x00000000080033be       0x36 Drivers/STM32L4xx_HAL_Driver/Src/stm32l4xx_hal_tim.o
                0x00000000080033be                HAL_TIM_Base_Start_IT
 .text.HAL_TIM_IRQHandler
                0x00000000080033f4      0x210 Drivers/STM32L4xx_HAL_Driver/Src/stm32l4xx_hal_tim.o
                0x00000000080033f4                HAL_TIM_IRQHandler
 .text.HAL_TIM_SlaveConfigSynchronization
                0x0000000008003604       0x6a Drivers/STM32L4xx_HAL_Driver/Src/stm32l4xx_hal_tim.o
                0x0000000008003604                HAL_TIM_SlaveConfigSynchronization
 .text.HAL_TIM_OC_DelayElapsedCallback
                0x000000000800366e       0x14 Drivers/STM32L4xx_HAL_Driver/Src/stm32l4xx_hal_tim.o
                0x000000000800366e                HAL_TIM_OC_DelayElapsedCallback
 .text.HAL_TIM_IC_CaptureCallback
                0x0000000008003682       0x14 Drivers/STM32L4xx_HAL_Driver/Src/stm32l4xx_hal_tim.o
                0x0000000008003682                HAL_TIM_IC_CaptureCallback
 .text.HAL_TIM_PWM_PulseFinishedCallback
                0x0000000008003696       0x14 Drivers/STM32L4xx_HAL_Driver/Src/stm32l4xx_hal_tim.o
                0x0000000008003696                HAL_TIM_PWM_PulseFinishedCallback
 .text.HAL_TIM_TriggerCallback
                0x00000000080036aa       0x14 Drivers/STM32L4xx_HAL_Driver/Src/stm32l4xx_hal_tim.o
                0x00000000080036aa                HAL_TIM_TriggerCallback
 *fill*         0x00000000080036be        0x2 
 .text.TIM_Base_SetConfig
                0x00000000080036c0       0xd0 Drivers/STM32L4xx_HAL_Driver/Src/stm32l4xx_hal_tim.o
                0x00000000080036c0                TIM_Base_SetConfig
 .text.TIM_SlaveTimer_SetConfig
                0x0000000008003790      0x11a Drivers/STM32L4xx_HAL_Driver/Src/stm32l4xx_hal_tim.o
 .text.TIM_TI1_ConfigInputStage
                0x00000000080038aa       0x66 Drivers/STM32L4xx_HAL_Driver/Src/stm32l4xx_hal_tim.o
 .text.TIM_TI2_ConfigInputStage
                0x0000000008003910       0x68 Drivers/STM32L4xx_HAL_Driver/Src/stm32l4xx_hal_tim.o
 .text.TIM_ETR_SetConfig
                0x0000000008003978       0x44 Drivers/STM32L4xx_HAL_Driver/Src/stm32l4xx_hal_tim.o
                0x0000000008003978                TIM_ETR_SetConfig
 .text.HAL_TIMEx_MasterConfigSynchronization
                0x00000000080039bc       0x9c Drivers/STM32L4xx_HAL_Driver/Src/stm32l4xx_hal_tim_ex.o
                0x00000000080039bc                HAL_TIMEx_MasterConfigSynchronization
 .text.HAL_TIMEx_CommutationCallback
                0x0000000008003a58       0x14 Drivers/STM32L4xx_HAL_Driver/Src/stm32l4xx_hal_tim_ex.o
                0x0000000008003a58                HAL_TIMEx_CommutationCallback
 .text.HAL_TIMEx_BreakCallback
                0x0000000008003a6c       0x14 Drivers/STM32L4xx_HAL_Driver/Src/stm32l4xx_hal_tim_ex.o
                0x0000000008003a6c                HAL_TIMEx_BreakCallback
 .text.HAL_UART_Init
                0x0000000008003a80       0xa2 Drivers/STM32L4xx_HAL_Driver/Src/stm32l4xx_hal_uart.o
                0x0000000008003a80                HAL_UART_Init
 .text.HAL_UART_Transmit
                0x0000000008003b22      0x11a Drivers/STM32L4xx_HAL_Driver/Src/stm32l4xx_hal_uart.o
                0x0000000008003b22                HAL_UART_Transmit
 .text.HAL_UART_Receive
                0x0000000008003c3c      0x186 Drivers/STM32L4xx_HAL_Driver/Src/stm32l4xx_hal_uart.o
                0x0000000008003c3c                HAL_UART_Receive
 *fill*         0x0000000008003dc2        0x2 
 .text.HAL_UART_Receive_IT
                0x0000000008003dc4      0x140 Drivers/STM32L4xx_HAL_Driver/Src/stm32l4xx_hal_uart.o
                0x0000000008003dc4                HAL_UART_Receive_IT
 .text.HAL_UART_Transmit_DMA
                0x0000000008003f04       0xd8 Drivers/STM32L4xx_HAL_Driver/Src/stm32l4xx_hal_uart.o
                0x0000000008003f04                HAL_UART_Transmit_DMA
 .text.HAL_UART_IRQHandler
                0x0000000008003fdc      0x26c Drivers/STM32L4xx_HAL_Driver/Src/stm32l4xx_hal_uart.o
                0x0000000008003fdc                HAL_UART_IRQHandler
 .text.HAL_UART_TxHalfCpltCallback
                0x0000000008004248       0x14 Drivers/STM32L4xx_HAL_Driver/Src/stm32l4xx_hal_uart.o
                0x0000000008004248                HAL_UART_TxHalfCpltCallback
 .text.HAL_UART_ErrorCallback
                0x000000000800425c       0x14 Drivers/STM32L4xx_HAL_Driver/Src/stm32l4xx_hal_uart.o
                0x000000000800425c                HAL_UART_ErrorCallback
 .text.UART_SetConfig
                0x0000000008004270      0x584 Drivers/STM32L4xx_HAL_Driver/Src/stm32l4xx_hal_uart.o
                0x0000000008004270                UART_SetConfig
 .text.UART_AdvFeatureConfig
                0x00000000080047f4      0x144 Drivers/STM32L4xx_HAL_Driver/Src/stm32l4xx_hal_uart.o
                0x00000000080047f4                UART_AdvFeatureConfig
 .text.UART_CheckIdleState
                0x0000000008004938       0x92 Drivers/STM32L4xx_HAL_Driver/Src/stm32l4xx_hal_uart.o
                0x0000000008004938                UART_CheckIdleState
 .text.UART_WaitOnFlagUntilTimeout
                0x00000000080049ca       0x94 Drivers/STM32L4xx_HAL_Driver/Src/stm32l4xx_hal_uart.o
                0x00000000080049ca                UART_WaitOnFlagUntilTimeout
 .text.UART_EndTxTransfer
                0x0000000008004a5e       0x2c Drivers/STM32L4xx_HAL_Driver/Src/stm32l4xx_hal_uart.o
 .text.UART_EndRxTransfer
                0x0000000008004a8a       0x42 Drivers/STM32L4xx_HAL_Driver/Src/stm32l4xx_hal_uart.o
 .text.UART_DMATransmitCplt
                0x0000000008004acc       0x54 Drivers/STM32L4xx_HAL_Driver/Src/stm32l4xx_hal_uart.o
 .text.UART_DMATxHalfCplt
                0x0000000008004b20       0x1c Drivers/STM32L4xx_HAL_Driver/Src/stm32l4xx_hal_uart.o
 .text.UART_DMAError
                0x0000000008004b3c       0x78 Drivers/STM32L4xx_HAL_Driver/Src/stm32l4xx_hal_uart.o
 .text.UART_DMAAbortOnError
                0x0000000008004bb4       0x2c Drivers/STM32L4xx_HAL_Driver/Src/stm32l4xx_hal_uart.o
 .text.UART_EndTransmit_IT
                0x0000000008004be0       0x34 Drivers/STM32L4xx_HAL_Driver/Src/stm32l4xx_hal_uart.o
 .text.UART_RxISR_8BIT
                0x0000000008004c14       0xa6 Drivers/STM32L4xx_HAL_Driver/Src/stm32l4xx_hal_uart.o
 .text.UART_RxISR_16BIT
                0x0000000008004cba       0xaa Drivers/STM32L4xx_HAL_Driver/Src/stm32l4xx_hal_uart.o
 .text.HAL_UARTEx_WakeupCallback
                0x0000000008004d64       0x14 Drivers/STM32L4xx_HAL_Driver/Src/stm32l4xx_hal_uart_ex.o
                0x0000000008004d64                HAL_UARTEx_WakeupCallback
 .text.USB_CoreInit
                0x0000000008004d78       0x22 Drivers/STM32L4xx_HAL_Driver/Src/stm32l4xx_ll_usb.o
                0x0000000008004d78                USB_CoreInit
 .text.USB_EnableGlobalInt
                0x0000000008004d9a       0x36 Drivers/STM32L4xx_HAL_Driver/Src/stm32l4xx_ll_usb.o
                0x0000000008004d9a                USB_EnableGlobalInt
 .text.USB_DisableGlobalInt
                0x0000000008004dd0       0x3a Drivers/STM32L4xx_HAL_Driver/Src/stm32l4xx_ll_usb.o
                0x0000000008004dd0                USB_DisableGlobalInt
 .text.USB_SetCurrentMode
                0x0000000008004e0a       0x1a Drivers/STM32L4xx_HAL_Driver/Src/stm32l4xx_ll_usb.o
                0x0000000008004e0a                USB_SetCurrentMode
 .text.USB_DevInit
                0x0000000008004e24       0x42 Drivers/STM32L4xx_HAL_Driver/Src/stm32l4xx_ll_usb.o
                0x0000000008004e24                USB_DevInit
 *fill*         0x0000000008004e66        0x2 
 .text.USB_ActivateEndpoint
                0x0000000008004e68      0x5c4 Drivers/STM32L4xx_HAL_Driver/Src/stm32l4xx_ll_usb.o
                0x0000000008004e68                USB_ActivateEndpoint
 .text.USB_DeactivateEndpoint
                0x000000000800542c      0x330 Drivers/STM32L4xx_HAL_Driver/Src/stm32l4xx_ll_usb.o
                0x000000000800542c                USB_DeactivateEndpoint
 .text.USB_EPStartXfer
                0x000000000800575c      0x440 Drivers/STM32L4xx_HAL_Driver/Src/stm32l4xx_ll_usb.o
                0x000000000800575c                USB_EPStartXfer
 .text.USB_EPSetStall
                0x0000000008005b9c       0xc0 Drivers/STM32L4xx_HAL_Driver/Src/stm32l4xx_ll_usb.o
                0x0000000008005b9c                USB_EPSetStall
 .text.USB_EPClearStall
                0x0000000008005c5c      0x11c Drivers/STM32L4xx_HAL_Driver/Src/stm32l4xx_ll_usb.o
                0x0000000008005c5c                USB_EPClearStall
 .text.USB_SetDevAddress
                0x0000000008005d78       0x28 Drivers/STM32L4xx_HAL_Driver/Src/stm32l4xx_ll_usb.o
                0x0000000008005d78                USB_SetDevAddress
 .text.USB_DevConnect
                0x0000000008005da0       0x34 Drivers/STM32L4xx_HAL_Driver/Src/stm32l4xx_ll_usb.o
                0x0000000008005da0                USB_DevConnect
 .text.USB_DevDisconnect
                0x0000000008005dd4       0x30 Drivers/STM32L4xx_HAL_Driver/Src/stm32l4xx_ll_usb.o
                0x0000000008005dd4                USB_DevDisconnect
 .text.USB_ReadInterrupts
                0x0000000008005e04       0x24 Drivers/STM32L4xx_HAL_Driver/Src/stm32l4xx_ll_usb.o
                0x0000000008005e04                USB_ReadInterrupts
 .text.USB_EP0_OutStart
                0x0000000008005e28       0x1c Drivers/STM32L4xx_HAL_Driver/Src/stm32l4xx_ll_usb.o
                0x0000000008005e28                USB_EP0_OutStart
 .text.USB_WritePMA
                0x0000000008005e44       0x76 Drivers/STM32L4xx_HAL_Driver/Src/stm32l4xx_ll_usb.o
                0x0000000008005e44                USB_WritePMA
 .text.USB_ReadPMA
                0x0000000008005eba       0x5e Drivers/STM32L4xx_HAL_Driver/Src/stm32l4xx_ll_usb.o
                0x0000000008005eba                USB_ReadPMA
 .text.USBD_CDC_Init
                0x0000000008005f18       0xd2 Middlewares/ST/STM32_USB_Device_Library/Class/CDC/Src/usbd_cdc.o
 .text.USBD_CDC_DeInit
                0x0000000008005fea       0x5a Middlewares/ST/STM32_USB_Device_Library/Class/CDC/Src/usbd_cdc.o
 .text.USBD_CDC_Setup
                0x0000000008006044       0xbc Middlewares/ST/STM32_USB_Device_Library/Class/CDC/Src/usbd_cdc.o
 .text.USBD_CDC_DataIn
                0x0000000008006100       0x38 Middlewares/ST/STM32_USB_Device_Library/Class/CDC/Src/usbd_cdc.o
 .text.USBD_CDC_DataOut
                0x0000000008006138       0x56 Middlewares/ST/STM32_USB_Device_Library/Class/CDC/Src/usbd_cdc.o
 .text.USBD_CDC_EP0_RxReady
                0x000000000800618e       0x50 Middlewares/ST/STM32_USB_Device_Library/Class/CDC/Src/usbd_cdc.o
 *fill*         0x00000000080061de        0x2 
 .text.USBD_CDC_GetFSCfgDesc
                0x00000000080061e0       0x20 Middlewares/ST/STM32_USB_Device_Library/Class/CDC/Src/usbd_cdc.o
 .text.USBD_CDC_GetHSCfgDesc
                0x0000000008006200       0x20 Middlewares/ST/STM32_USB_Device_Library/Class/CDC/Src/usbd_cdc.o
 .text.USBD_CDC_GetOtherSpeedCfgDesc
                0x0000000008006220       0x20 Middlewares/ST/STM32_USB_Device_Library/Class/CDC/Src/usbd_cdc.o
 .text.USBD_CDC_GetDeviceQualifierDescriptor
                0x0000000008006240       0x20 Middlewares/ST/STM32_USB_Device_Library/Class/CDC/Src/usbd_cdc.o
                0x0000000008006240                USBD_CDC_GetDeviceQualifierDescriptor
 .text.USBD_CDC_RegisterInterface
                0x0000000008006260       0x2e Middlewares/ST/STM32_USB_Device_Library/Class/CDC/Src/usbd_cdc.o
                0x0000000008006260                USBD_CDC_RegisterInterface
 .text.USBD_CDC_SetTxBuffer
                0x000000000800628e       0x34 Middlewares/ST/STM32_USB_Device_Library/Class/CDC/Src/usbd_cdc.o
                0x000000000800628e                USBD_CDC_SetTxBuffer
 .text.USBD_CDC_SetRxBuffer
                0x00000000080062c2       0x28 Middlewares/ST/STM32_USB_Device_Library/Class/CDC/Src/usbd_cdc.o
                0x00000000080062c2                USBD_CDC_SetRxBuffer
 .text.USBD_CDC_TransmitPacket
                0x00000000080062ea       0x54 Middlewares/ST/STM32_USB_Device_Library/Class/CDC/Src/usbd_cdc.o
                0x00000000080062ea                USBD_CDC_TransmitPacket
 .text.USBD_CDC_ReceivePacket
                0x000000000800633e       0x54 Middlewares/ST/STM32_USB_Device_Library/Class/CDC/Src/usbd_cdc.o
                0x000000000800633e                USBD_CDC_ReceivePacket
 .text.USBD_HID_Init
                0x0000000008006392       0x4e Middlewares/ST/STM32_USB_Device_Library/Class/HID/Src/usbd_hid.o
 .text.USBD_HID_DeInit
                0x00000000080063e0       0x3c Middlewares/ST/STM32_USB_Device_Library/Class/HID/Src/usbd_hid.o
 .text.USBD_HID_Setup
                0x000000000800641c      0x138 Middlewares/ST/STM32_USB_Device_Library/Class/HID/Src/usbd_hid.o
 .text.USBD_HID_SendReport
                0x0000000008006554       0x44 Middlewares/ST/STM32_USB_Device_Library/Class/HID/Src/usbd_hid.o
                0x0000000008006554                USBD_HID_SendReport
 .text.USBD_HID_GetCfgDesc
                0x0000000008006598       0x20 Middlewares/ST/STM32_USB_Device_Library/Class/HID/Src/usbd_hid.o
 .text.USBD_HID_DataIn
                0x00000000080065b8       0x24 Middlewares/ST/STM32_USB_Device_Library/Class/HID/Src/usbd_hid.o
 .text.USBD_HID_GetDeviceQualifierDesc
                0x00000000080065dc       0x20 Middlewares/ST/STM32_USB_Device_Library/Class/HID/Src/usbd_hid.o
 .text.USBD_Init
                0x00000000080065fc       0x56 Middlewares/ST/STM32_USB_Device_Library/Core/Src/usbd_core.o
                0x00000000080065fc                USBD_Init
 .text.USBD_RegisterClass
                0x0000000008006652       0x34 Middlewares/ST/STM32_USB_Device_Library/Core/Src/usbd_core.o
                0x0000000008006652                USBD_RegisterClass
 .text.USBD_Start
                0x0000000008006686       0x18 Middlewares/ST/STM32_USB_Device_Library/Core/Src/usbd_core.o
                0x0000000008006686                USBD_Start
 .text.USBD_RunTestMode
                0x000000000800669e       0x16 Middlewares/ST/STM32_USB_Device_Library/Core/Src/usbd_core.o
                0x000000000800669e                USBD_RunTestMode
 .text.USBD_SetClassConfig
                0x00000000080066b4       0x3e Middlewares/ST/STM32_USB_Device_Library/Core/Src/usbd_core.o
                0x00000000080066b4                USBD_SetClassConfig
 .text.USBD_ClrClassConfig
                0x00000000080066f2       0x26 Middlewares/ST/STM32_USB_Device_Library/Core/Src/usbd_core.o
                0x00000000080066f2                USBD_ClrClassConfig
 .text.USBD_LL_SetupStage
                0x0000000008006718       0x94 Middlewares/ST/STM32_USB_Device_Library/Core/Src/usbd_core.o
                0x0000000008006718                USBD_LL_SetupStage
 .text.USBD_LL_DataOutStage
                0x00000000080067ac       0xb6 Middlewares/ST/STM32_USB_Device_Library/Core/Src/usbd_core.o
                0x00000000080067ac                USBD_LL_DataOutStage
 .text.USBD_LL_DataInStage
                0x0000000008006862      0x11e Middlewares/ST/STM32_USB_Device_Library/Core/Src/usbd_core.o
                0x0000000008006862                USBD_LL_DataInStage
 .text.USBD_LL_Reset
                0x0000000008006980       0x5e Middlewares/ST/STM32_USB_Device_Library/Core/Src/usbd_core.o
                0x0000000008006980                USBD_LL_Reset
 .text.USBD_LL_SetSpeed
                0x00000000080069de       0x20 Middlewares/ST/STM32_USB_Device_Library/Core/Src/usbd_core.o
                0x00000000080069de                USBD_LL_SetSpeed
 .text.USBD_LL_Suspend
                0x00000000080069fe       0x2a Middlewares/ST/STM32_USB_Device_Library/Core/Src/usbd_core.o
                0x00000000080069fe                USBD_LL_Suspend
 .text.USBD_LL_Resume
                0x0000000008006a28       0x22 Middlewares/ST/STM32_USB_Device_Library/Core/Src/usbd_core.o
                0x0000000008006a28                USBD_LL_Resume
 .text.USBD_LL_SOF
                0x0000000008006a4a       0x34 Middlewares/ST/STM32_USB_Device_Library/Core/Src/usbd_core.o
                0x0000000008006a4a                USBD_LL_SOF
 *fill*         0x0000000008006a7e        0x2 
 .text.USBD_StdDevReq
                0x0000000008006a80       0xa0 Middlewares/ST/STM32_USB_Device_Library/Core/Src/usbd_ctlreq.o
                0x0000000008006a80                USBD_StdDevReq
 .text.USBD_StdItfReq
                0x0000000008006b20       0x66 Middlewares/ST/STM32_USB_Device_Library/Core/Src/usbd_ctlreq.o
                0x0000000008006b20                USBD_StdItfReq
 .text.USBD_StdEPReq
                0x0000000008006b86      0x1b0 Middlewares/ST/STM32_USB_Device_Library/Core/Src/usbd_ctlreq.o
                0x0000000008006b86                USBD_StdEPReq
 *fill*         0x0000000008006d36        0x2 
 .text.USBD_GetDescriptor
                0x0000000008006d38      0x220 Middlewares/ST/STM32_USB_Device_Library/Core/Src/usbd_ctlreq.o
 .text.USBD_SetAddress
                0x0000000008006f58       0x7c Middlewares/ST/STM32_USB_Device_Library/Core/Src/usbd_ctlreq.o
 .text.USBD_SetConfig
                0x0000000008006fd4      0x110 Middlewares/ST/STM32_USB_Device_Library/Core/Src/usbd_ctlreq.o
 .text.USBD_GetConfig
                0x00000000080070e4       0x64 Middlewares/ST/STM32_USB_Device_Library/Core/Src/usbd_ctlreq.o
 .text.USBD_GetStatus
                0x0000000008007148       0x54 Middlewares/ST/STM32_USB_Device_Library/Core/Src/usbd_ctlreq.o
 .text.USBD_SetFeature
                0x000000000800719c       0x36 Middlewares/ST/STM32_USB_Device_Library/Core/Src/usbd_ctlreq.o
 .text.USBD_ClrFeature
                0x00000000080071d2       0x50 Middlewares/ST/STM32_USB_Device_Library/Core/Src/usbd_ctlreq.o
 .text.USBD_ParseSetupRequest
                0x0000000008007222       0x7a Middlewares/ST/STM32_USB_Device_Library/Core/Src/usbd_ctlreq.o
                0x0000000008007222                USBD_ParseSetupRequest
 .text.USBD_CtlError
                0x000000000800729c       0x22 Middlewares/ST/STM32_USB_Device_Library/Core/Src/usbd_ctlreq.o
                0x000000000800729c                USBD_CtlError
 .text.USBD_GetString
                0x00000000080072be       0x86 Middlewares/ST/STM32_USB_Device_Library/Core/Src/usbd_ctlreq.o
                0x00000000080072be                USBD_GetString
 .text.USBD_GetLen
                0x0000000008007344       0x30 Middlewares/ST/STM32_USB_Device_Library/Core/Src/usbd_ctlreq.o
 .text.USBD_CtlSendData
                0x0000000008007374       0x38 Middlewares/ST/STM32_USB_Device_Library/Core/Src/usbd_ioreq.o
                0x0000000008007374                USBD_CtlSendData
 .text.USBD_CtlContinueSendData
                0x00000000080073ac       0x24 Middlewares/ST/STM32_USB_Device_Library/Core/Src/usbd_ioreq.o
                0x00000000080073ac                USBD_CtlContinueSendData
 .text.USBD_CtlPrepareRx
                0x00000000080073d0       0x3c Middlewares/ST/STM32_USB_Device_Library/Core/Src/usbd_ioreq.o
                0x00000000080073d0                USBD_CtlPrepareRx
 .text.USBD_CtlContinueRx
                0x000000000800740c       0x24 Middlewares/ST/STM32_USB_Device_Library/Core/Src/usbd_ioreq.o
                0x000000000800740c                USBD_CtlContinueRx
 .text.USBD_CtlSendStatus
                0x0000000008007430       0x26 Middlewares/ST/STM32_USB_Device_Library/Core/Src/usbd_ioreq.o
                0x0000000008007430                USBD_CtlSendStatus
 .text.USBD_CtlReceiveStatus
                0x0000000008007456       0x26 Middlewares/ST/STM32_USB_Device_Library/Core/Src/usbd_ioreq.o
                0x0000000008007456                USBD_CtlReceiveStatus
 .text.fingerIdentify
                0x000000000800747c      0x124 Src/FPC1020/FPC1020Application.o
                0x000000000800747c                fingerIdentify
 .text.InitCmdPacket
                0x00000000080075a0       0xa8 Src/FPC1020/FPC1020_Command.o
                0x00000000080075a0                InitCmdPacket
 .text.SendCommand
                0x0000000008007648       0x58 Src/FPC1020/FPC1020_Command.o
                0x0000000008007648                SendCommand
 .text.CheckReceive
                0x00000000080076a0       0x9a Src/FPC1020/FPC1020_Command.o
                0x00000000080076a0                CheckReceive
 *fill*         0x000000000800773a        0x2 
 .text.ReceiveAck
                0x000000000800773c       0x8c Src/FPC1020/FPC1020_Command.o
                0x000000000800773c                ReceiveAck
 .text.ReadDataN
                0x00000000080077c8       0x3c Src/FPC1020/FPC1020_Command.o
                0x00000000080077c8                ReadDataN
 .text.Run_TestConnection
                0x0000000008007804       0x58 Src/FPC1020/FPC1020_Communication.o
                0x0000000008007804                Run_TestConnection
 .text.Run_Command_NP
                0x000000000800785c       0x44 Src/FPC1020/FPC1020_Communication.o
                0x000000000800785c                Run_Command_NP
 .text.Run_GetImage
                0x00000000080078a0       0x34 Src/FPC1020/FPC1020_Communication.o
                0x00000000080078a0                Run_GetImage
 .text.Run_Generate
                0x00000000080078d4       0x6c Src/FPC1020/FPC1020_Communication.o
                0x00000000080078d4                Run_Generate
 .text.Run_Search
                0x0000000008007940       0xc4 Src/FPC1020/FPC1020_Communication.o
                0x0000000008007940                Run_Search
 .text.Run_GetStatus
                0x0000000008007a04       0x88 Src/FPC1020/FPC1020_Communication.o
                0x0000000008007a04                Run_GetStatus
 .text.MX_VCP_USB_DEVICE_Init
                0x0000000008007a8c       0x44 Src/VCPusb_device.o
                0x0000000008007a8c                MX_VCP_USB_DEVICE_Init
 .text.USBD_VCP_FS_DeviceDescriptor
                0x0000000008007ad0       0x24 Src/VCPusbd_desc.o
                0x0000000008007ad0                USBD_VCP_FS_DeviceDescriptor
 .text.USBD_VCP_FS_LangIDStrDescriptor
                0x0000000008007af4       0x24 Src/VCPusbd_desc.o
                0x0000000008007af4                USBD_VCP_FS_LangIDStrDescriptor
 .text.USBD_VCP_FS_ProductStrDescriptor
                0x0000000008007b18       0x3c Src/VCPusbd_desc.o
                0x0000000008007b18                USBD_VCP_FS_ProductStrDescriptor
 .text.USBD_VCP_FS_ManufacturerStrDescriptor
                0x0000000008007b54       0x28 Src/VCPusbd_desc.o
                0x0000000008007b54                USBD_VCP_FS_ManufacturerStrDescriptor
 .text.USBD_VCP_FS_SerialStrDescriptor
                0x0000000008007b7c       0x3c Src/VCPusbd_desc.o
                0x0000000008007b7c                USBD_VCP_FS_SerialStrDescriptor
 .text.USBD_VCP_FS_ConfigStrDescriptor
                0x0000000008007bb8       0x3c Src/VCPusbd_desc.o
                0x0000000008007bb8                USBD_VCP_FS_ConfigStrDescriptor
 .text.USBD_VCP_FS_InterfaceStrDescriptor
                0x0000000008007bf4       0x3c Src/VCPusbd_desc.o
                0x0000000008007bf4                USBD_VCP_FS_InterfaceStrDescriptor
 .text.USBD_VCP_FS_USR_BOSDescriptor
                0x0000000008007c30       0x24 Src/VCPusbd_desc.o
                0x0000000008007c30                USBD_VCP_FS_USR_BOSDescriptor
 .text.main     0x0000000008007c54      0x104 Src/main.o
                0x0000000008007c54                main
 .text.SystemClock_Config
                0x0000000008007d58      0x120 Src/main.o
                0x0000000008007d58                SystemClock_Config
 .text.MX_TIM15_Init
                0x0000000008007e78       0xa4 Src/main.o
 .text.MX_USART1_UART_Init
                0x0000000008007f1c       0x68 Src/main.o
 .text.MX_USART2_UART_Init
                0x0000000008007f84       0x68 Src/main.o
 .text.MX_DMA_Init
                0x0000000008007fec       0x3c Src/main.o
 .text.MX_GPIO_Init
                0x0000000008008028       0x90 Src/main.o
 .text.playBeep
                0x00000000080080b8       0x34 Src/main.o
                0x00000000080080b8                playBeep
 .text.HAL_UART_RxCpltCallback
                0x00000000080080ec       0x44 Src/main.o
                0x00000000080080ec                HAL_UART_RxCpltCallback
 .text.HAL_TIM_PeriodElapsedCallback
                0x0000000008008130       0x88 Src/main.o
                0x0000000008008130                HAL_TIM_PeriodElapsedCallback
 .text.sendHIDKey
                0x00000000080081b8       0xa0 Src/main.o
                0x00000000080081b8                sendHIDKey
 .text.convertNumbertoKeycode
                0x0000000008008258      0x150 Src/main.o
                0x0000000008008258                convertNumbertoKeycode
 .text._Error_Handler
                0x00000000080083a8        0xc Src/main.o
                0x00000000080083a8                _Error_Handler
 .text.HAL_MspInit
                0x00000000080083b4       0x9c Src/stm32l4xx_hal_msp.o
                0x00000000080083b4                HAL_MspInit
 .text.HAL_TIM_Base_MspInit
                0x0000000008008450       0x4c Src/stm32l4xx_hal_msp.o
                0x0000000008008450                HAL_TIM_Base_MspInit
 .text.HAL_UART_MspInit
                0x000000000800849c      0x140 Src/stm32l4xx_hal_msp.o
                0x000000000800849c                HAL_UART_MspInit
 .text.NMI_Handler
                0x00000000080085dc        0xe Src/stm32l4xx_it.o
                0x00000000080085dc                NMI_Handler
 .text.HardFault_Handler
                0x00000000080085ea        0x6 Src/stm32l4xx_it.o
                0x00000000080085ea                HardFault_Handler
 .text.MemManage_Handler
                0x00000000080085f0        0x6 Src/stm32l4xx_it.o
                0x00000000080085f0                MemManage_Handler
 .text.BusFault_Handler
                0x00000000080085f6        0x6 Src/stm32l4xx_it.o
                0x00000000080085f6                BusFault_Handler
 .text.UsageFault_Handler
                0x00000000080085fc        0x6 Src/stm32l4xx_it.o
                0x00000000080085fc                UsageFault_Handler
 .text.SVC_Handler
                0x0000000008008602        0xe Src/stm32l4xx_it.o
                0x0000000008008602                SVC_Handler
 .text.DebugMon_Handler
                0x0000000008008610        0xe Src/stm32l4xx_it.o
                0x0000000008008610                DebugMon_Handler
 .text.PendSV_Handler
                0x000000000800861e        0xe Src/stm32l4xx_it.o
                0x000000000800861e                PendSV_Handler
 .text.SysTick_Handler
                0x000000000800862c       0x10 Src/stm32l4xx_it.o
                0x000000000800862c                SysTick_Handler
 .text.DMA1_Channel4_IRQHandler
                0x000000000800863c       0x14 Src/stm32l4xx_it.o
                0x000000000800863c                DMA1_Channel4_IRQHandler
 .text.TIM1_BRK_TIM15_IRQHandler
                0x0000000008008650       0x14 Src/stm32l4xx_it.o
                0x0000000008008650                TIM1_BRK_TIM15_IRQHandler
 .text.USART1_IRQHandler
                0x0000000008008664       0x14 Src/stm32l4xx_it.o
                0x0000000008008664                USART1_IRQHandler
 .text.USB_IRQHandler
                0x0000000008008678       0x14 Src/stm32l4xx_it.o
                0x0000000008008678                USB_IRQHandler
 .text.SystemInit
                0x000000000800868c       0x6c Src/system_stm32l4xx.o
                0x000000000800868c                SystemInit
 .text.MX_USB_DEVICE_Init
                0x00000000080086f8       0x38 Src/usb_device.o
                0x00000000080086f8                MX_USB_DEVICE_Init
 .text.CDC_Init_FS
                0x0000000008008730       0x28 Src/usbd_cdc_if.o
 .text.CDC_DeInit_FS
                0x0000000008008758       0x10 Src/usbd_cdc_if.o
 .text.CDC_Control_FS
                0x0000000008008768       0xbc Src/usbd_cdc_if.o
 .text.CDC_Receive_FS
                0x0000000008008824       0x28 Src/usbd_cdc_if.o
 .text.CDC_Transmit_FS
                0x000000000800884c       0x4c Src/usbd_cdc_if.o
                0x000000000800884c                CDC_Transmit_FS
 .text.HAL_UART_TxCpltCallback
                0x0000000008008898       0x28 Src/usbd_cdc_if.o
                0x0000000008008898                HAL_UART_TxCpltCallback
 .text.HAL_PCD_MspInit
                0x00000000080088c0       0x4c Src/usbd_conf.o
                0x00000000080088c0                HAL_PCD_MspInit
 .text.HAL_PCD_SetupStageCallback
                0x000000000800890c       0x24 Src/usbd_conf.o
                0x000000000800890c                HAL_PCD_SetupStageCallback
 .text.HAL_PCD_DataOutStageCallback
                0x0000000008008930       0x30 Src/usbd_conf.o
                0x0000000008008930                HAL_PCD_DataOutStageCallback
 .text.HAL_PCD_DataInStageCallback
                0x0000000008008960       0x2e Src/usbd_conf.o
                0x0000000008008960                HAL_PCD_DataInStageCallback
 .text.HAL_PCD_SOFCallback
                0x000000000800898e       0x1c Src/usbd_conf.o
                0x000000000800898e                HAL_PCD_SOFCallback
 .text.HAL_PCD_ResetCallback
                0x00000000080089aa       0x44 Src/usbd_conf.o
                0x00000000080089aa                HAL_PCD_ResetCallback
 *fill*         0x00000000080089ee        0x2 
 .text.HAL_PCD_SuspendCallback
                0x00000000080089f0       0x34 Src/usbd_conf.o
                0x00000000080089f0                HAL_PCD_SuspendCallback
 .text.HAL_PCD_ResumeCallback
                0x0000000008008a24       0x38 Src/usbd_conf.o
                0x0000000008008a24                HAL_PCD_ResumeCallback
 .text.USBD_LL_Init
                0x0000000008008a5c       0xe0 Src/usbd_conf.o
                0x0000000008008a5c                USBD_LL_Init
 .text.USBD_LL_Start
                0x0000000008008b3c       0x64 Src/usbd_conf.o
                0x0000000008008b3c                USBD_LL_Start
 .text.USBD_LL_OpenEP
                0x0000000008008ba0       0x7c Src/usbd_conf.o
                0x0000000008008ba0                USBD_LL_OpenEP
 .text.USBD_LL_CloseEP
                0x0000000008008c1c       0x6c Src/usbd_conf.o
                0x0000000008008c1c                USBD_LL_CloseEP
 .text.USBD_LL_StallEP
                0x0000000008008c88       0x6c Src/usbd_conf.o
                0x0000000008008c88                USBD_LL_StallEP
 .text.USBD_LL_ClearStallEP
                0x0000000008008cf4       0x6c Src/usbd_conf.o
                0x0000000008008cf4                USBD_LL_ClearStallEP
 .text.USBD_LL_IsStallEP
                0x0000000008008d60       0x4c Src/usbd_conf.o
                0x0000000008008d60                USBD_LL_IsStallEP
 .text.USBD_LL_SetUSBAddress
                0x0000000008008dac       0x6c Src/usbd_conf.o
                0x0000000008008dac                USBD_LL_SetUSBAddress
 .text.USBD_LL_Transmit
                0x0000000008008e18       0x74 Src/usbd_conf.o
                0x0000000008008e18                USBD_LL_Transmit
 .text.USBD_LL_PrepareReceive
                0x0000000008008e8c       0x74 Src/usbd_conf.o
                0x0000000008008e8c                USBD_LL_PrepareReceive
 .text.USBD_LL_GetRxDataSize
                0x0000000008008f00       0x26 Src/usbd_conf.o
                0x0000000008008f00                USBD_LL_GetRxDataSize
 *fill*         0x0000000008008f26        0x2 
 .text.HAL_PCDEx_LPM_Callback
                0x0000000008008f28       0x6c Src/usbd_conf.o
                0x0000000008008f28                HAL_PCDEx_LPM_Callback
 .text.USBD_static_malloc
                0x0000000008008f94       0x30 Src/usbd_conf.o
                0x0000000008008f94                USBD_static_malloc
 .text.USBD_static_free
                0x0000000008008fc4       0x14 Src/usbd_conf.o
                0x0000000008008fc4                USBD_static_free
 .text.SystemClockConfig_Resume
                0x0000000008008fd8        0xc Src/usbd_conf.o
 .text.USBD_LL_BatteryCharging
                0x0000000008008fe4       0x2a Src/usbd_conf.o
                0x0000000008008fe4                USBD_LL_BatteryCharging
 *fill*         0x000000000800900e        0x2 
 .text.USBD_FS_DeviceDescriptor
                0x0000000008009010       0x24 Src/usbd_desc.o
                0x0000000008009010                USBD_FS_DeviceDescriptor
 .text.USBD_FS_LangIDStrDescriptor
                0x0000000008009034       0x24 Src/usbd_desc.o
                0x0000000008009034                USBD_FS_LangIDStrDescriptor
 .text.USBD_FS_ProductStrDescriptor
                0x0000000008009058       0x3c Src/usbd_desc.o
                0x0000000008009058                USBD_FS_ProductStrDescriptor
 .text.USBD_FS_ManufacturerStrDescriptor
                0x0000000008009094       0x28 Src/usbd_desc.o
                0x0000000008009094                USBD_FS_ManufacturerStrDescriptor
 .text.USBD_FS_SerialStrDescriptor
                0x00000000080090bc       0x3c Src/usbd_desc.o
                0x00000000080090bc                USBD_FS_SerialStrDescriptor
 .text.USBD_FS_ConfigStrDescriptor
                0x00000000080090f8       0x3c Src/usbd_desc.o
                0x00000000080090f8                USBD_FS_ConfigStrDescriptor
 .text.USBD_FS_InterfaceStrDescriptor
                0x0000000008009134       0x3c Src/usbd_desc.o
                0x0000000008009134                USBD_FS_InterfaceStrDescriptor
 .text.USBD_FS_USR_BOSDescriptor
                0x0000000008009170       0x24 Src/usbd_desc.o
                0x0000000008009170                USBD_FS_USR_BOSDescriptor
 .text.Reset_Handler
                0x0000000008009194       0x50 startup/startup_stm32l432xx.o
                0x0000000008009194                Reset_Handler
 .text.Default_Handler
                0x00000000080091e4        0x2 startup/startup_stm32l432xx.o
                0x00000000080091e4                RTC_Alarm_IRQHandler
                0x00000000080091e4                EXTI2_IRQHandler
                0x00000000080091e4                TIM1_CC_IRQHandler
                0x00000000080091e4                TSC_IRQHandler
                0x00000000080091e4                TAMP_STAMP_IRQHandler
                0x00000000080091e4                EXTI3_IRQHandler
                0x00000000080091e4                LPTIM2_IRQHandler
                0x00000000080091e4                I2C3_ER_IRQHandler
                0x00000000080091e4                EXTI0_IRQHandler
                0x00000000080091e4                CAN1_RX0_IRQHandler
                0x00000000080091e4                FPU_IRQHandler
                0x00000000080091e4                TIM1_UP_TIM16_IRQHandler
                0x00000000080091e4                SPI1_IRQHandler
                0x00000000080091e4                TIM6_DAC_IRQHandler
                0x00000000080091e4                DMA2_Channel2_IRQHandler
                0x00000000080091e4                ADC1_IRQHandler
                0x00000000080091e4                DMA1_Channel7_IRQHandler
                0x00000000080091e4                CAN1_RX1_IRQHandler
                0x00000000080091e4                DMA2_Channel1_IRQHandler
                0x00000000080091e4                QUADSPI_IRQHandler
                0x00000000080091e4                I2C1_EV_IRQHandler
                0x00000000080091e4                DMA1_Channel6_IRQHandler
                0x00000000080091e4                DMA2_Channel4_IRQHandler
                0x00000000080091e4                RCC_IRQHandler
                0x00000000080091e4                TIM1_TRG_COM_IRQHandler
                0x00000000080091e4                DMA1_Channel1_IRQHandler
                0x00000000080091e4                Default_Handler
                0x00000000080091e4                DMA2_Channel7_IRQHandler
                0x00000000080091e4                EXTI15_10_IRQHandler
                0x00000000080091e4                TIM7_IRQHandler
                0x00000000080091e4                I2C3_EV_IRQHandler
                0x00000000080091e4                EXTI9_5_IRQHandler
                0x00000000080091e4                RTC_WKUP_IRQHandler
                0x00000000080091e4                PVD_PVM_IRQHandler
                0x00000000080091e4                CAN1_TX_IRQHandler
                0x00000000080091e4                DMA2_Channel5_IRQHandler
                0x00000000080091e4                CRS_IRQHandler
                0x00000000080091e4                DMA1_Channel5_IRQHandler
                0x00000000080091e4                EXTI4_IRQHandler
                0x00000000080091e4                RNG_IRQHandler
                0x00000000080091e4                DMA1_Channel3_IRQHandler
                0x00000000080091e4                COMP_IRQHandler
                0x00000000080091e4                WWDG_IRQHandler
                0x00000000080091e4                LPUART1_IRQHandler
                0x00000000080091e4                DMA2_Channel6_IRQHandler
                0x00000000080091e4                TIM2_IRQHandler
                0x00000000080091e4                EXTI1_IRQHandler
                0x00000000080091e4                USART2_IRQHandler
                0x00000000080091e4                DMA1_Channel2_IRQHandler
                0x00000000080091e4                CAN1_SCE_IRQHandler
                0x00000000080091e4                FLASH_IRQHandler
                0x00000000080091e4                SPI3_IRQHandler
                0x00000000080091e4                I2C1_ER_IRQHandler
                0x00000000080091e4                SWPMI1_IRQHandler
                0x00000000080091e4                LPTIM1_IRQHandler
                0x00000000080091e4                SAI1_IRQHandler
                0x00000000080091e4                DMA2_Channel3_IRQHandler
 *fill*         0x00000000080091e6        0x2 
 .text.__libc_init_array
                0x00000000080091e8       0x48 c:/st/stm32cubeide_1.3.0/stm32cubeide/plugins/com.st.stm32cube.ide.mcu.externaltools.gnu-tools-for-stm32.7-2018-q2-update.win32_1.0.0.201904181610/tools/bin/../lib/gcc/arm-none-eabi/7.3.1/../../../../arm-none-eabi/lib/thumb/v7e-m/fpv4-sp/hard\libc_nano.a(lib_a-init.o)
                0x00000000080091e8                __libc_init_array
 .text.memcpy   0x0000000008009230       0x16 c:/st/stm32cubeide_1.3.0/stm32cubeide/plugins/com.st.stm32cube.ide.mcu.externaltools.gnu-tools-for-stm32.7-2018-q2-update.win32_1.0.0.201904181610/tools/bin/../lib/gcc/arm-none-eabi/7.3.1/../../../../arm-none-eabi/lib/thumb/v7e-m/fpv4-sp/hard\libc_nano.a(lib_a-memcpy-stub.o)
                0x0000000008009230                memcpy
 .text.memset   0x0000000008009246       0x10 c:/st/stm32cubeide_1.3.0/stm32cubeide/plugins/com.st.stm32cube.ide.mcu.externaltools.gnu-tools-for-stm32.7-2018-q2-update.win32_1.0.0.201904181610/tools/bin/../lib/gcc/arm-none-eabi/7.3.1/../../../../arm-none-eabi/lib/thumb/v7e-m/fpv4-sp/hard\libc_nano.a(lib_a-memset.o)
                0x0000000008009246                memset
 *fill*         0x0000000008009256        0x2 
 .text.sprintf  0x0000000008009258       0x40 c:/st/stm32cubeide_1.3.0/stm32cubeide/plugins/com.st.stm32cube.ide.mcu.externaltools.gnu-tools-for-stm32.7-2018-q2-update.win32_1.0.0.201904181610/tools/bin/../lib/gcc/arm-none-eabi/7.3.1/../../../../arm-none-eabi/lib/thumb/v7e-m/fpv4-sp/hard\libc_nano.a(lib_a-sprintf.o)
                0x0000000008009258                siprintf
                0x0000000008009258                sprintf
 .text.__ssputs_r
                0x0000000008009298       0xb4 c:/st/stm32cubeide_1.3.0/stm32cubeide/plugins/com.st.stm32cube.ide.mcu.externaltools.gnu-tools-for-stm32.7-2018-q2-update.win32_1.0.0.201904181610/tools/bin/../lib/gcc/arm-none-eabi/7.3.1/../../../../arm-none-eabi/lib/thumb/v7e-m/fpv4-sp/hard\libc_nano.a(lib_a-nano-svfprintf.o)
                0x0000000008009298                __ssputs_r
 .text._svfprintf_r
                0x000000000800934c      0x1f0 c:/st/stm32cubeide_1.3.0/stm32cubeide/plugins/com.st.stm32cube.ide.mcu.externaltools.gnu-tools-for-stm32.7-2018-q2-update.win32_1.0.0.201904181610/tools/bin/../lib/gcc/arm-none-eabi/7.3.1/../../../../arm-none-eabi/lib/thumb/v7e-m/fpv4-sp/hard\libc_nano.a(lib_a-nano-svfprintf.o)
                0x000000000800934c                _svfiprintf_r
                0x000000000800934c                _svfprintf_r
 .text._printf_common
                0x000000000800953c       0xea c:/st/stm32cubeide_1.3.0/stm32cubeide/plugins/com.st.stm32cube.ide.mcu.externaltools.gnu-tools-for-stm32.7-2018-q2-update.win32_1.0.0.201904181610/tools/bin/../lib/gcc/arm-none-eabi/7.3.1/../../../../arm-none-eabi/lib/thumb/v7e-m/fpv4-sp/hard\libc_nano.a(lib_a-nano-vfprintf_i.o)
                0x000000000800953c                _printf_common
 *fill*         0x0000000008009626        0x2 
 .text._printf_i
                0x0000000008009628      0x224 c:/st/stm32cubeide_1.3.0/stm32cubeide/plugins/com.st.stm32cube.ide.mcu.externaltools.gnu-tools-for-stm32.7-2018-q2-update.win32_1.0.0.201904181610/tools/bin/../lib/gcc/arm-none-eabi/7.3.1/../../../../arm-none-eabi/lib/thumb/v7e-m/fpv4-sp/hard\libc_nano.a(lib_a-nano-vfprintf_i.o)
                0x0000000008009628                _printf_i
 .text.memmove  0x000000000800984c       0x32 c:/st/stm32cubeide_1.3.0/stm32cubeide/plugins/com.st.stm32cube.ide.mcu.externaltools.gnu-tools-for-stm32.7-2018-q2-update.win32_1.0.0.201904181610/tools/bin/../lib/gcc/arm-none-eabi/7.3.1/../../../../arm-none-eabi/lib/thumb/v7e-m/fpv4-sp/hard\libc_nano.a(lib_a-memmove.o)
                0x000000000800984c                memmove
 *fill*         0x000000000800987e        0x2 
 .text._free_r  0x0000000008009880       0x9c c:/st/stm32cubeide_1.3.0/stm32cubeide/plugins/com.st.stm32cube.ide.mcu.externaltools.gnu-tools-for-stm32.7-2018-q2-update.win32_1.0.0.201904181610/tools/bin/../lib/gcc/arm-none-eabi/7.3.1/../../../../arm-none-eabi/lib/thumb/v7e-m/fpv4-sp/hard\libc_nano.a(lib_a-nano-freer.o)
                0x0000000008009880                _free_r
 .text._malloc_r
                0x000000000800991c       0xb4 c:/st/stm32cubeide_1.3.0/stm32cubeide/plugins/com.st.stm32cube.ide.mcu.externaltools.gnu-tools-for-stm32.7-2018-q2-update.win32_1.0.0.201904181610/tools/bin/../lib/gcc/arm-none-eabi/7.3.1/../../../../arm-none-eabi/lib/thumb/v7e-m/fpv4-sp/hard\libc_nano.a(lib_a-nano-mallocr.o)
                0x000000000800991c                _malloc_r
 .text._realloc_r
                0x00000000080099d0       0x4c c:/st/stm32cubeide_1.3.0/stm32cubeide/plugins/com.st.stm32cube.ide.mcu.externaltools.gnu-tools-for-stm32.7-2018-q2-update.win32_1.0.0.201904181610/tools/bin/../lib/gcc/arm-none-eabi/7.3.1/../../../../arm-none-eabi/lib/thumb/v7e-m/fpv4-sp/hard\libc_nano.a(lib_a-nano-reallocr.o)
                0x00000000080099d0                _realloc_r
 .text._sbrk_r  0x0000000008009a1c       0x20 c:/st/stm32cubeide_1.3.0/stm32cubeide/plugins/com.st.stm32cube.ide.mcu.externaltools.gnu-tools-for-stm32.7-2018-q2-update.win32_1.0.0.201904181610/tools/bin/../lib/gcc/arm-none-eabi/7.3.1/../../../../arm-none-eabi/lib/thumb/v7e-m/fpv4-sp/hard\libc_nano.a(lib_a-sbrkr.o)
                0x0000000008009a1c                _sbrk_r
 .text.__malloc_lock
                0x0000000008009a3c        0x2 c:/st/stm32cubeide_1.3.0/stm32cubeide/plugins/com.st.stm32cube.ide.mcu.externaltools.gnu-tools-for-stm32.7-2018-q2-update.win32_1.0.0.201904181610/tools/bin/../lib/gcc/arm-none-eabi/7.3.1/../../../../arm-none-eabi/lib/thumb/v7e-m/fpv4-sp/hard\libc_nano.a(lib_a-mlock.o)
                0x0000000008009a3c                __malloc_lock
 .text.__malloc_unlock
                0x0000000008009a3e        0x2 c:/st/stm32cubeide_1.3.0/stm32cubeide/plugins/com.st.stm32cube.ide.mcu.externaltools.gnu-tools-for-stm32.7-2018-q2-update.win32_1.0.0.201904181610/tools/bin/../lib/gcc/arm-none-eabi/7.3.1/../../../../arm-none-eabi/lib/thumb/v7e-m/fpv4-sp/hard\libc_nano.a(lib_a-mlock.o)
                0x0000000008009a3e                __malloc_unlock
 .text._malloc_usable_size_r
                0x0000000008009a40       0x10 c:/st/stm32cubeide_1.3.0/stm32cubeide/plugins/com.st.stm32cube.ide.mcu.externaltools.gnu-tools-for-stm32.7-2018-q2-update.win32_1.0.0.201904181610/tools/bin/../lib/gcc/arm-none-eabi/7.3.1/../../../../arm-none-eabi/lib/thumb/v7e-m/fpv4-sp/hard\libc_nano.a(lib_a-nano-msizer.o)
                0x0000000008009a40                _malloc_usable_size_r
 .text._sbrk    0x0000000008009a50       0x1c c:/st/stm32cubeide_1.3.0/stm32cubeide/plugins/com.st.stm32cube.ide.mcu.externaltools.gnu-tools-for-stm32.7-2018-q2-update.win32_1.0.0.201904181610/tools/bin/../lib/gcc/arm-none-eabi/7.3.1/../../../../arm-none-eabi/lib/thumb/v7e-m/fpv4-sp/hard\libnosys.a(sbrk.o)
                0x0000000008009a50                _sbrk
 *(.glue_7)
 .glue_7        0x0000000008009a6c        0x0 linker stubs
 *(.glue_7t)
 .glue_7t       0x0000000008009a6c        0x0 linker stubs
 *(.eh_frame)
 .eh_frame      0x0000000008009a6c        0x0 c:/st/stm32cubeide_1.3.0/stm32cubeide/plugins/com.st.stm32cube.ide.mcu.externaltools.gnu-tools-for-stm32.7-2018-q2-update.win32_1.0.0.201904181610/tools/bin/../lib/gcc/arm-none-eabi/7.3.1/thumb/v7e-m/fpv4-sp/hard/crtbegin.o
 *(.init)
 .init          0x0000000008009a6c        0x4 c:/st/stm32cubeide_1.3.0/stm32cubeide/plugins/com.st.stm32cube.ide.mcu.externaltools.gnu-tools-for-stm32.7-2018-q2-update.win32_1.0.0.201904181610/tools/bin/../lib/gcc/arm-none-eabi/7.3.1/thumb/v7e-m/fpv4-sp/hard/crti.o
                0x0000000008009a6c                _init
 .init          0x0000000008009a70        0x8 c:/st/stm32cubeide_1.3.0/stm32cubeide/plugins/com.st.stm32cube.ide.mcu.externaltools.gnu-tools-for-stm32.7-2018-q2-update.win32_1.0.0.201904181610/tools/bin/../lib/gcc/arm-none-eabi/7.3.1/thumb/v7e-m/fpv4-sp/hard/crtn.o
 *(.fini)
 .fini          0x0000000008009a78        0x4 c:/st/stm32cubeide_1.3.0/stm32cubeide/plugins/com.st.stm32cube.ide.mcu.externaltools.gnu-tools-for-stm32.7-2018-q2-update.win32_1.0.0.201904181610/tools/bin/../lib/gcc/arm-none-eabi/7.3.1/thumb/v7e-m/fpv4-sp/hard/crti.o
                0x0000000008009a78                _fini
 .fini          0x0000000008009a7c        0x8 c:/st/stm32cubeide_1.3.0/stm32cubeide/plugins/com.st.stm32cube.ide.mcu.externaltools.gnu-tools-for-stm32.7-2018-q2-update.win32_1.0.0.201904181610/tools/bin/../lib/gcc/arm-none-eabi/7.3.1/thumb/v7e-m/fpv4-sp/hard/crtn.o
                0x0000000008009a84                . = ALIGN (0x4)
                0x0000000008009a84                _etext = .

.vfp11_veneer   0x0000000008009a84        0x0
 .vfp11_veneer  0x0000000008009a84        0x0 linker stubs

.v4_bx          0x0000000008009a84        0x0
 .v4_bx         0x0000000008009a84        0x0 linker stubs

.iplt           0x0000000008009a84        0x0
 .iplt          0x0000000008009a84        0x0 c:/st/stm32cubeide_1.3.0/stm32cubeide/plugins/com.st.stm32cube.ide.mcu.externaltools.gnu-tools-for-stm32.7-2018-q2-update.win32_1.0.0.201904181610/tools/bin/../lib/gcc/arm-none-eabi/7.3.1/thumb/v7e-m/fpv4-sp/hard/crtbegin.o

.rodata         0x0000000008009a84      0x2f8
                0x0000000008009a84                . = ALIGN (0x4)
 *(.rodata)
 .rodata        0x0000000008009a84      0x194 Src/FPC1020/FPC1020Application.o
 .rodata        0x0000000008009c18       0x56 Src/VCPusbd_desc.o
 *fill*         0x0000000008009c6e        0x2 
 .rodata        0x0000000008009c70       0x16 Src/main.o
 *fill*         0x0000000008009c86        0x2 
 .rodata        0x0000000008009c88       0x1b Src/stm32l4xx_hal_msp.o
 *fill*         0x0000000008009ca3        0x1 
 .rodata        0x0000000008009ca4       0x13 Src/usbd_conf.o
 *fill*         0x0000000008009cb7        0x1 
 .rodata        0x0000000008009cb8       0x46 Src/usbd_desc.o
 *(.rodata*)
 *fill*         0x0000000008009cfe        0x2 
 .rodata.AHBPrescTable
                0x0000000008009d00       0x10 Src/system_stm32l4xx.o
                0x0000000008009d00                AHBPrescTable
 .rodata.APBPrescTable
                0x0000000008009d10        0x8 Src/system_stm32l4xx.o
                0x0000000008009d10                APBPrescTable
 .rodata.MSIRangeTable
                0x0000000008009d18       0x30 Src/system_stm32l4xx.o
                0x0000000008009d18                MSIRangeTable
 .rodata._svfprintf_r.str1.1
                0x0000000008009d48       0x11 c:/st/stm32cubeide_1.3.0/stm32cubeide/plugins/com.st.stm32cube.ide.mcu.externaltools.gnu-tools-for-stm32.7-2018-q2-update.win32_1.0.0.201904181610/tools/bin/../lib/gcc/arm-none-eabi/7.3.1/../../../../arm-none-eabi/lib/thumb/v7e-m/fpv4-sp/hard\libc_nano.a(lib_a-nano-svfprintf.o)
 .rodata._printf_i.str1.1
                0x0000000008009d59       0x22 c:/st/stm32cubeide_1.3.0/stm32cubeide/plugins/com.st.stm32cube.ide.mcu.externaltools.gnu-tools-for-stm32.7-2018-q2-update.win32_1.0.0.201904181610/tools/bin/../lib/gcc/arm-none-eabi/7.3.1/../../../../arm-none-eabi/lib/thumb/v7e-m/fpv4-sp/hard\libc_nano.a(lib_a-nano-vfprintf_i.o)
                0x0000000008009d7c                . = ALIGN (0x4)
 *fill*         0x0000000008009d7b        0x1 

.ARM.extab
 *(.ARM.extab* .gnu.linkonce.armextab.*)

.ARM            0x0000000008009d7c        0x8
                0x0000000008009d7c                __exidx_start = .
 *(.ARM.exidx*)
 .ARM.exidx     0x0000000008009d7c        0x8 c:/st/stm32cubeide_1.3.0/stm32cubeide/plugins/com.st.stm32cube.ide.mcu.externaltools.gnu-tools-for-stm32.7-2018-q2-update.win32_1.0.0.201904181610/tools/bin/../lib/gcc/arm-none-eabi/7.3.1/thumb/v7e-m/fpv4-sp/hard\libgcc.a(_udivmoddi4.o)
                0x0000000008009d84                __exidx_end = .

.rel.dyn        0x0000000008009d84        0x0
 .rel.iplt      0x0000000008009d84        0x0 c:/st/stm32cubeide_1.3.0/stm32cubeide/plugins/com.st.stm32cube.ide.mcu.externaltools.gnu-tools-for-stm32.7-2018-q2-update.win32_1.0.0.201904181610/tools/bin/../lib/gcc/arm-none-eabi/7.3.1/thumb/v7e-m/fpv4-sp/hard/crtbegin.o

.preinit_array  0x0000000008009d84        0x0
                0x0000000008009d84                PROVIDE (__preinit_array_start = .)
 *(.preinit_array*)
                0x0000000008009d84                PROVIDE (__preinit_array_end = .)

.init_array     0x0000000008009d84        0x4
                0x0000000008009d84                PROVIDE (__init_array_start = .)
 *(SORT_BY_NAME(.init_array.*))
 *(.init_array*)
 .init_array    0x0000000008009d84        0x4 c:/st/stm32cubeide_1.3.0/stm32cubeide/plugins/com.st.stm32cube.ide.mcu.externaltools.gnu-tools-for-stm32.7-2018-q2-update.win32_1.0.0.201904181610/tools/bin/../lib/gcc/arm-none-eabi/7.3.1/thumb/v7e-m/fpv4-sp/hard/crtbegin.o
                0x0000000008009d88                PROVIDE (__init_array_end = .)

.fini_array     0x0000000008009d88        0x4
                [!provide]                        PROVIDE (__fini_array_start = .)
 *(SORT_BY_NAME(.fini_array.*))
 *(.fini_array*)
 .fini_array    0x0000000008009d88        0x4 c:/st/stm32cubeide_1.3.0/stm32cubeide/plugins/com.st.stm32cube.ide.mcu.externaltools.gnu-tools-for-stm32.7-2018-q2-update.win32_1.0.0.201904181610/tools/bin/../lib/gcc/arm-none-eabi/7.3.1/thumb/v7e-m/fpv4-sp/hard/crtbegin.o
                [!provide]                        PROVIDE (__fini_array_end = .)
                0x0000000008009d8c                _sidata = LOADADDR (.data)

.data           0x0000000020000000      0x2c8 load address 0x0000000008009d8c
                0x0000000020000000                . = ALIGN (0x4)
                0x0000000020000000                _sdata = .
 *(.data)
 *(.data*)
 .data.USBD_CDC_DeviceQualifierDesc
                0x0000000020000000        0xa Middlewares/ST/STM32_USB_Device_Library/Class/CDC/Src/usbd_cdc.o
 *fill*         0x000000002000000a        0x2 
 .data.USBD_CDC
                0x000000002000000c       0x38 Middlewares/ST/STM32_USB_Device_Library/Class/CDC/Src/usbd_cdc.o
                0x000000002000000c                USBD_CDC
 .data.USBD_CDC_CfgHSDesc
                0x0000000020000044       0x43 Middlewares/ST/STM32_USB_Device_Library/Class/CDC/Src/usbd_cdc.o
                0x0000000020000044                USBD_CDC_CfgHSDesc
 *fill*         0x0000000020000087        0x1 
 .data.USBD_CDC_CfgFSDesc
                0x0000000020000088       0x43 Middlewares/ST/STM32_USB_Device_Library/Class/CDC/Src/usbd_cdc.o
                0x0000000020000088                USBD_CDC_CfgFSDesc
 *fill*         0x00000000200000cb        0x1 
 .data.USBD_CDC_OtherSpeedCfgDesc
                0x00000000200000cc       0x43 Middlewares/ST/STM32_USB_Device_Library/Class/CDC/Src/usbd_cdc.o
                0x00000000200000cc                USBD_CDC_OtherSpeedCfgDesc
 *fill*         0x000000002000010f        0x1 
 .data.USBD_HID
                0x0000000020000110       0x38 Middlewares/ST/STM32_USB_Device_Library/Class/HID/Src/usbd_hid.o
                0x0000000020000110                USBD_HID
 .data.USBD_HID_CfgDesc
                0x0000000020000148       0x22 Middlewares/ST/STM32_USB_Device_Library/Class/HID/Src/usbd_hid.o
 *fill*         0x000000002000016a        0x2 
 .data.USBD_HID_Desc
                0x000000002000016c        0x9 Middlewares/ST/STM32_USB_Device_Library/Class/HID/Src/usbd_hid.o
 *fill*         0x0000000020000175        0x3 
 .data.USBD_HID_DeviceQualifierDesc
                0x0000000020000178        0xa Middlewares/ST/STM32_USB_Device_Library/Class/HID/Src/usbd_hid.o
 *fill*         0x0000000020000182        0x2 
 .data.HID_MOUSE_ReportDesc
                0x0000000020000184       0x2d Middlewares/ST/STM32_USB_Device_Library/Class/HID/Src/usbd_hid.o
 *fill*         0x00000000200001b1        0x3 
 .data.g_pCmdPacket
                0x00000000200001b4        0x4 Src/FPC1020/FPC1020_Command.o
                0x00000000200001b4                g_pCmdPacket
 .data.g_pRcmPacket
                0x00000000200001b8        0x4 Src/FPC1020/FPC1020_Command.o
                0x00000000200001b8                g_pRcmPacket
 .data.uartFinger
                0x00000000200001bc        0x4 Src/FPC1020/FPC1020_Command.o
                0x00000000200001bc                uartFinger
 .data.VCP_FS_Desc
                0x00000000200001c0       0x20 Src/VCPusbd_desc.o
                0x00000000200001c0                VCP_FS_Desc
 .data.USBD_VCP_FS_DeviceDesc
                0x00000000200001e0       0x12 Src/VCPusbd_desc.o
                0x00000000200001e0                USBD_VCP_FS_DeviceDesc
 *fill*         0x00000000200001f2        0x2 
 .data.USBD_VCP_FS_BOSDesc
                0x00000000200001f4        0xc Src/VCPusbd_desc.o
                0x00000000200001f4                USBD_VCP_FS_BOSDesc
 .data.USBD_VCP_LangIDDesc
                0x0000000020000200        0x4 Src/VCPusbd_desc.o
                0x0000000020000200                USBD_VCP_LangIDDesc
 .data.g_nMaxFpCount
                0x0000000020000204        0x4 Src/main.o
                0x0000000020000204                g_nMaxFpCount
 .data.debugTerminal
                0x0000000020000208        0x4 Src/main.o
                0x0000000020000208                debugTerminal
 .data.SystemCoreClock
                0x000000002000020c        0x4 Src/system_stm32l4xx.o
                0x000000002000020c                SystemCoreClock
 .data.USBD_Interface_fops_FS
                0x0000000020000210       0x10 Src/usbd_cdc_if.o
                0x0000000020000210                USBD_Interface_fops_FS
 .data.FS_Desc  0x0000000020000220       0x20 Src/usbd_desc.o
                0x0000000020000220                FS_Desc
 .data.USBD_FS_DeviceDesc
                0x0000000020000240       0x12 Src/usbd_desc.o
                0x0000000020000240                USBD_FS_DeviceDesc
 *fill*         0x0000000020000252        0x2 
 .data.USBD_FS_BOSDesc
                0x0000000020000254        0xc Src/usbd_desc.o
                0x0000000020000254                USBD_FS_BOSDesc
 .data.USBD_LangIDDesc
                0x0000000020000260        0x4 Src/usbd_desc.o
                0x0000000020000260                USBD_LangIDDesc
 .data._impure_ptr
                0x0000000020000264        0x4 c:/st/stm32cubeide_1.3.0/stm32cubeide/plugins/com.st.stm32cube.ide.mcu.externaltools.gnu-tools-for-stm32.7-2018-q2-update.win32_1.0.0.201904181610/tools/bin/../lib/gcc/arm-none-eabi/7.3.1/../../../../arm-none-eabi/lib/thumb/v7e-m/fpv4-sp/hard\libc_nano.a(lib_a-impure.o)
                0x0000000020000264                _impure_ptr
 .data.impure_data
                0x0000000020000268       0x60 c:/st/stm32cubeide_1.3.0/stm32cubeide/plugins/com.st.stm32cube.ide.mcu.externaltools.gnu-tools-for-stm32.7-2018-q2-update.win32_1.0.0.201904181610/tools/bin/../lib/gcc/arm-none-eabi/7.3.1/../../../../arm-none-eabi/lib/thumb/v7e-m/fpv4-sp/hard\libc_nano.a(lib_a-impure.o)
                0x00000000200002c8                . = ALIGN (0x4)
                0x00000000200002c8                _edata = .

.igot.plt       0x00000000200002c8        0x0 load address 0x000000000800a054
 .igot.plt      0x00000000200002c8        0x0 c:/st/stm32cubeide_1.3.0/stm32cubeide/plugins/com.st.stm32cube.ide.mcu.externaltools.gnu-tools-for-stm32.7-2018-q2-update.win32_1.0.0.201904181610/tools/bin/../lib/gcc/arm-none-eabi/7.3.1/thumb/v7e-m/fpv4-sp/hard/crtbegin.o
                0x00000000200002c8                . = ALIGN (0x4)

.bss            0x00000000200002c8     0x1d08 load address 0x000000000800a054
                0x00000000200002c8                _sbss = .
                0x00000000200002c8                __bss_start__ = _sbss
 *(.bss)
 .bss           0x00000000200002c8       0x1c c:/st/stm32cubeide_1.3.0/stm32cubeide/plugins/com.st.stm32cube.ide.mcu.externaltools.gnu-tools-for-stm32.7-2018-q2-update.win32_1.0.0.201904181610/tools/bin/../lib/gcc/arm-none-eabi/7.3.1/thumb/v7e-m/fpv4-sp/hard/crtbegin.o
 *(.bss*)
 .bss.ifalt.10352
                0x00000000200002e4        0x1 Middlewares/ST/STM32_USB_Device_Library/Class/CDC/Src/usbd_cdc.o
 .bss.cfgidx.10358
                0x00000000200002e5        0x1 Middlewares/ST/STM32_USB_Device_Library/Core/Src/usbd_ctlreq.o
 *fill*         0x00000000200002e6        0x2 
 .bss.g_dwPacketSize
                0x00000000200002e8        0x4 Src/FPC1020/FPC1020_Command.o
                0x00000000200002e8                g_dwPacketSize
 .bss.m_bySrcDeviceID
                0x00000000200002ec        0x1 Src/FPC1020/FPC1020_Communication.o
                0x00000000200002ec                m_bySrcDeviceID
 .bss.m_byDstDeviceID
                0x00000000200002ed        0x1 Src/FPC1020/FPC1020_Communication.o
                0x00000000200002ed                m_byDstDeviceID
 *fill*         0x00000000200002ee        0x2 
 .bss.rxBuff    0x00000000200002f0      0x400 Src/main.o
                0x00000000200002f0                rxBuff
 .bss.UserTxBufPtrIn
                0x00000000200006f0        0x4 Src/main.o
                0x00000000200006f0                UserTxBufPtrIn
 .bss.UserTxBufPtrOut
                0x00000000200006f4        0x4 Src/main.o
                0x00000000200006f4                UserTxBufPtrOut
 .bss.mem.10542
                0x00000000200006f8      0x220 Src/usbd_conf.o
 .bss.mem1.10543
                0x0000000020000918       0x14 Src/usbd_conf.o
 .bss.__malloc_free_list
                0x000000002000092c        0x4 c:/st/stm32cubeide_1.3.0/stm32cubeide/plugins/com.st.stm32cube.ide.mcu.externaltools.gnu-tools-for-stm32.7-2018-q2-update.win32_1.0.0.201904181610/tools/bin/../lib/gcc/arm-none-eabi/7.3.1/../../../../arm-none-eabi/lib/thumb/v7e-m/fpv4-sp/hard\libc_nano.a(lib_a-nano-mallocr.o)
                0x000000002000092c                __malloc_free_list
 .bss.__malloc_sbrk_start
                0x0000000020000930        0x4 c:/st/stm32cubeide_1.3.0/stm32cubeide/plugins/com.st.stm32cube.ide.mcu.externaltools.gnu-tools-for-stm32.7-2018-q2-update.win32_1.0.0.201904181610/tools/bin/../lib/gcc/arm-none-eabi/7.3.1/../../../../arm-none-eabi/lib/thumb/v7e-m/fpv4-sp/hard\libc_nano.a(lib_a-nano-mallocr.o)
                0x0000000020000930                __malloc_sbrk_start
 .bss.heap_end.5377
                0x0000000020000934        0x4 c:/st/stm32cubeide_1.3.0/stm32cubeide/plugins/com.st.stm32cube.ide.mcu.externaltools.gnu-tools-for-stm32.7-2018-q2-update.win32_1.0.0.201904181610/tools/bin/../lib/gcc/arm-none-eabi/7.3.1/../../../../arm-none-eabi/lib/thumb/v7e-m/fpv4-sp/hard\libnosys.a(sbrk.o)
 *(COMMON)
 COMMON         0x0000000020000938        0x4 Drivers/STM32L4xx_HAL_Driver/Src/stm32l4xx_hal.o
                0x0000000020000938                uwTick
 COMMON         0x000000002000093c      0x280 Src/FPC1020/FPC1020_Command.o
                0x000000002000093c                g_Packet
 COMMON         0x0000000020000bbc      0x224 Src/VCPusb_device.o
                0x0000000020000bbc                hUsbDeviceFS
 COMMON         0x0000000020000de0      0x200 Src/VCPusbd_desc.o
                0x0000000020000de0                USBD_VCP_StrDesc
 COMMON         0x0000000020000fe0      0x1e8 Src/main.o
                0x0000000020000fe0                htim15
                0x0000000020001020                rx2Flag
                0x0000000020001024                BuffLength
                0x0000000020001028                hdma_usart1_tx
                0x0000000020001070                huart1
                0x00000000200010e8                configFlag
                0x00000000200010ec                huart2
                0x0000000020001164                st
 COMMON         0x00000000200011c8      0x7d0 Src/usbd_cdc_if.o
                0x00000000200011c8                UserRxBufferFS
                0x00000000200015b0                UserTxBufferFS
 COMMON         0x0000000020001998      0x434 Src/usbd_conf.o
                0x0000000020001998                hpcd_USB_FS
 COMMON         0x0000000020001dcc      0x200 Src/usbd_desc.o
                0x0000000020001dcc                USBD_StrDesc
 COMMON         0x0000000020001fcc        0x4 c:/st/stm32cubeide_1.3.0/stm32cubeide/plugins/com.st.stm32cube.ide.mcu.externaltools.gnu-tools-for-stm32.7-2018-q2-update.win32_1.0.0.201904181610/tools/bin/../lib/gcc/arm-none-eabi/7.3.1/../../../../arm-none-eabi/lib/thumb/v7e-m/fpv4-sp/hard\libc_nano.a(lib_a-reent.o)
                0x0000000020001fcc                errno
                0x0000000020001fd0                . = ALIGN (0x4)
                0x0000000020001fd0                _ebss = .
                0x0000000020001fd0                __bss_end__ = _ebss

._user_heap_stack
                0x0000000020001fd0      0x600 load address 0x000000000800a054
                0x0000000020001fd0                . = ALIGN (0x4)
                0x0000000020001fd0                PROVIDE (end = .)
                [!provide]                        PROVIDE (_end = .)
                0x00000000200021d0                . = (. + _Min_Heap_Size)
 *fill*         0x0000000020001fd0      0x200 
                0x00000000200025d0                . = (. + _Min_Stack_Size)
 *fill*         0x00000000200021d0      0x400 
                0x00000000200025d0                . = ALIGN (0x4)

/DISCARD/
 libc.a(*)
 libm.a(*)
 libgcc.a(*)

.ARM.attributes
                0x0000000000000000       0x30
 *(.ARM.attributes)
 .ARM.attributes
                0x0000000000000000       0x22 c:/st/stm32cubeide_1.3.0/stm32cubeide/plugins/com.st.stm32cube.ide.mcu.externaltools.gnu-tools-for-stm32.7-2018-q2-update.win32_1.0.0.201904181610/tools/bin/../lib/gcc/arm-none-eabi/7.3.1/thumb/v7e-m/fpv4-sp/hard/crti.o
 .ARM.attributes
                0x0000000000000022       0x34 c:/st/stm32cubeide_1.3.0/stm32cubeide/plugins/com.st.stm32cube.ide.mcu.externaltools.gnu-tools-for-stm32.7-2018-q2-update.win32_1.0.0.201904181610/tools/bin/../lib/gcc/arm-none-eabi/7.3.1/thumb/v7e-m/fpv4-sp/hard/crtbegin.o
 .ARM.attributes
                0x0000000000000056       0x39 Drivers/STM32L4xx_HAL_Driver/Src/stm32l4xx_hal.o
 .ARM.attributes
                0x000000000000008f       0x39 Drivers/STM32L4xx_HAL_Driver/Src/stm32l4xx_hal_cortex.o
 .ARM.attributes
                0x00000000000000c8       0x39 Drivers/STM32L4xx_HAL_Driver/Src/stm32l4xx_hal_dma.o
 .ARM.attributes
                0x0000000000000101       0x39 Drivers/STM32L4xx_HAL_Driver/Src/stm32l4xx_hal_gpio.o
 .ARM.attributes
                0x000000000000013a       0x39 Drivers/STM32L4xx_HAL_Driver/Src/stm32l4xx_hal_pcd.o
 .ARM.attributes
                0x0000000000000173       0x39 Drivers/STM32L4xx_HAL_Driver/Src/stm32l4xx_hal_pcd_ex.o
 .ARM.attributes
                0x00000000000001ac       0x39 Drivers/STM32L4xx_HAL_Driver/Src/stm32l4xx_hal_pwr_ex.o
 .ARM.attributes
                0x00000000000001e5       0x39 Drivers/STM32L4xx_HAL_Driver/Src/stm32l4xx_hal_rcc.o
 .ARM.attributes
                0x000000000000021e       0x39 Drivers/STM32L4xx_HAL_Driver/Src/stm32l4xx_hal_rcc_ex.o
 .ARM.attributes
                0x0000000000000257       0x39 Drivers/STM32L4xx_HAL_Driver/Src/stm32l4xx_hal_tim.o
 .ARM.attributes
                0x0000000000000290       0x39 Drivers/STM32L4xx_HAL_Driver/Src/stm32l4xx_hal_tim_ex.o
 .ARM.attributes
                0x00000000000002c9       0x39 Drivers/STM32L4xx_HAL_Driver/Src/stm32l4xx_hal_uart.o
 .ARM.attributes
                0x0000000000000302       0x39 Drivers/STM32L4xx_HAL_Driver/Src/stm32l4xx_hal_uart_ex.o
 .ARM.attributes
                0x000000000000033b       0x39 Drivers/STM32L4xx_HAL_Driver/Src/stm32l4xx_ll_usb.o
 .ARM.attributes
                0x0000000000000374       0x39 Middlewares/ST/STM32_USB_Device_Library/Class/CDC/Src/usbd_cdc.o
 .ARM.attributes
                0x00000000000003ad       0x39 Middlewares/ST/STM32_USB_Device_Library/Class/HID/Src/usbd_hid.o
 .ARM.attributes
                0x00000000000003e6       0x39 Middlewares/ST/STM32_USB_Device_Library/Core/Src/usbd_core.o
 .ARM.attributes
                0x000000000000041f       0x39 Middlewares/ST/STM32_USB_Device_Library/Core/Src/usbd_ctlreq.o
 .ARM.attributes
                0x0000000000000458       0x39 Middlewares/ST/STM32_USB_Device_Library/Core/Src/usbd_ioreq.o
 .ARM.attributes
                0x0000000000000491       0x39 Src/FPC1020/FPC1020Application.o
 .ARM.attributes
                0x00000000000004ca       0x39 Src/FPC1020/FPC1020_Command.o
 .ARM.attributes
                0x0000000000000503       0x39 Src/FPC1020/FPC1020_Communication.o
 .ARM.attributes
                0x000000000000053c       0x39 Src/VCPusb_device.o
 .ARM.attributes
                0x0000000000000575       0x39 Src/VCPusbd_desc.o
 .ARM.attributes
                0x00000000000005ae       0x39 Src/main.o
 .ARM.attributes
                0x00000000000005e7       0x39 Src/stm32l4xx_hal_msp.o
 .ARM.attributes
                0x0000000000000620       0x39 Src/stm32l4xx_it.o
 .ARM.attributes
                0x0000000000000659       0x39 Src/system_stm32l4xx.o
 .ARM.attributes
                0x0000000000000692       0x39 Src/usb_device.o
 .ARM.attributes
                0x00000000000006cb       0x39 Src/usbd_cdc_if.o
 .ARM.attributes
                0x0000000000000704       0x39 Src/usbd_conf.o
 .ARM.attributes
                0x000000000000073d       0x39 Src/usbd_desc.o
 .ARM.attributes
                0x0000000000000776       0x21 startup/startup_stm32l432xx.o
 .ARM.attributes
                0x0000000000000797       0x34 c:/st/stm32cubeide_1.3.0/stm32cubeide/plugins/com.st.stm32cube.ide.mcu.externaltools.gnu-tools-for-stm32.7-2018-q2-update.win32_1.0.0.201904181610/tools/bin/../lib/gcc/arm-none-eabi/7.3.1/../../../../arm-none-eabi/lib/thumb/v7e-m/fpv4-sp/hard\libc_nano.a(lib_a-impure.o)
 .ARM.attributes
                0x00000000000007cb       0x34 c:/st/stm32cubeide_1.3.0/stm32cubeide/plugins/com.st.stm32cube.ide.mcu.externaltools.gnu-tools-for-stm32.7-2018-q2-update.win32_1.0.0.201904181610/tools/bin/../lib/gcc/arm-none-eabi/7.3.1/../../../../arm-none-eabi/lib/thumb/v7e-m/fpv4-sp/hard\libc_nano.a(lib_a-init.o)
 .ARM.attributes
                0x00000000000007ff       0x34 c:/st/stm32cubeide_1.3.0/stm32cubeide/plugins/com.st.stm32cube.ide.mcu.externaltools.gnu-tools-for-stm32.7-2018-q2-update.win32_1.0.0.201904181610/tools/bin/../lib/gcc/arm-none-eabi/7.3.1/../../../../arm-none-eabi/lib/thumb/v7e-m/fpv4-sp/hard\libc_nano.a(lib_a-memcpy-stub.o)
 .ARM.attributes
                0x0000000000000833       0x34 c:/st/stm32cubeide_1.3.0/stm32cubeide/plugins/com.st.stm32cube.ide.mcu.externaltools.gnu-tools-for-stm32.7-2018-q2-update.win32_1.0.0.201904181610/tools/bin/../lib/gcc/arm-none-eabi/7.3.1/../../../../arm-none-eabi/lib/thumb/v7e-m/fpv4-sp/hard\libc_nano.a(lib_a-memset.o)
 .ARM.attributes
                0x0000000000000867       0x34 c:/st/stm32cubeide_1.3.0/stm32cubeide/plugins/com.st.stm32cube.ide.mcu.externaltools.gnu-tools-for-stm32.7-2018-q2-update.win32_1.0.0.201904181610/tools/bin/../lib/gcc/arm-none-eabi/7.3.1/../../../../arm-none-eabi/lib/thumb/v7e-m/fpv4-sp/hard\libc_nano.a(lib_a-sprintf.o)
 .ARM.attributes
                0x000000000000089b       0x1b c:/st/stm32cubeide_1.3.0/stm32cubeide/plugins/com.st.stm32cube.ide.mcu.externaltools.gnu-tools-for-stm32.7-2018-q2-update.win32_1.0.0.201904181610/tools/bin/../lib/gcc/arm-none-eabi/7.3.1/../../../../arm-none-eabi/lib/thumb/v7e-m/fpv4-sp/hard\libc_nano.a(lib_a-strlen.o)
 .ARM.attributes
                0x00000000000008b6       0x34 c:/st/stm32cubeide_1.3.0/stm32cubeide/plugins/com.st.stm32cube.ide.mcu.externaltools.gnu-tools-for-stm32.7-2018-q2-update.win32_1.0.0.201904181610/tools/bin/../lib/gcc/arm-none-eabi/7.3.1/../../../../arm-none-eabi/lib/thumb/v7e-m/fpv4-sp/hard\libc_nano.a(lib_a-nano-svfprintf.o)
 .ARM.attributes
                0x00000000000008ea       0x34 c:/st/stm32cubeide_1.3.0/stm32cubeide/plugins/com.st.stm32cube.ide.mcu.externaltools.gnu-tools-for-stm32.7-2018-q2-update.win32_1.0.0.201904181610/tools/bin/../lib/gcc/arm-none-eabi/7.3.1/../../../../arm-none-eabi/lib/thumb/v7e-m/fpv4-sp/hard\libc_nano.a(lib_a-nano-vfprintf_i.o)
 .ARM.attributes
                0x000000000000091e       0x20 c:/st/stm32cubeide_1.3.0/stm32cubeide/plugins/com.st.stm32cube.ide.mcu.externaltools.gnu-tools-for-stm32.7-2018-q2-update.win32_1.0.0.201904181610/tools/bin/../lib/gcc/arm-none-eabi/7.3.1/../../../../arm-none-eabi/lib/thumb/v7e-m/fpv4-sp/hard\libc_nano.a(lib_a-memchr.o)
 .ARM.attributes
                0x000000000000093e       0x34 c:/st/stm32cubeide_1.3.0/stm32cubeide/plugins/com.st.stm32cube.ide.mcu.externaltools.gnu-tools-for-stm32.7-2018-q2-update.win32_1.0.0.201904181610/tools/bin/../lib/gcc/arm-none-eabi/7.3.1/../../../../arm-none-eabi/lib/thumb/v7e-m/fpv4-sp/hard\libc_nano.a(lib_a-memmove.o)
 .ARM.attributes
                0x0000000000000972       0x34 c:/st/stm32cubeide_1.3.0/stm32cubeide/plugins/com.st.stm32cube.ide.mcu.externaltools.gnu-tools-for-stm32.7-2018-q2-update.win32_1.0.0.201904181610/tools/bin/../lib/gcc/arm-none-eabi/7.3.1/../../../../arm-none-eabi/lib/thumb/v7e-m/fpv4-sp/hard\libc_nano.a(lib_a-nano-freer.o)
 .ARM.attributes
                0x00000000000009a6       0x34 c:/st/stm32cubeide_1.3.0/stm32cubeide/plugins/com.st.stm32cube.ide.mcu.externaltools.gnu-tools-for-stm32.7-2018-q2-update.win32_1.0.0.201904181610/tools/bin/../lib/gcc/arm-none-eabi/7.3.1/../../../../arm-none-eabi/lib/thumb/v7e-m/fpv4-sp/hard\libc_nano.a(lib_a-nano-mallocr.o)
 .ARM.attributes
                0x00000000000009da       0x34 c:/st/stm32cubeide_1.3.0/stm32cubeide/plugins/com.st.stm32cube.ide.mcu.externaltools.gnu-tools-for-stm32.7-2018-q2-update.win32_1.0.0.201904181610/tools/bin/../lib/gcc/arm-none-eabi/7.3.1/../../../../arm-none-eabi/lib/thumb/v7e-m/fpv4-sp/hard\libc_nano.a(lib_a-nano-reallocr.o)
 .ARM.attributes
                0x0000000000000a0e       0x34 c:/st/stm32cubeide_1.3.0/stm32cubeide/plugins/com.st.stm32cube.ide.mcu.externaltools.gnu-tools-for-stm32.7-2018-q2-update.win32_1.0.0.201904181610/tools/bin/../lib/gcc/arm-none-eabi/7.3.1/../../../../arm-none-eabi/lib/thumb/v7e-m/fpv4-sp/hard\libc_nano.a(lib_a-sbrkr.o)
 .ARM.attributes
                0x0000000000000a42       0x34 c:/st/stm32cubeide_1.3.0/stm32cubeide/plugins/com.st.stm32cube.ide.mcu.externaltools.gnu-tools-for-stm32.7-2018-q2-update.win32_1.0.0.201904181610/tools/bin/../lib/gcc/arm-none-eabi/7.3.1/../../../../arm-none-eabi/lib/thumb/v7e-m/fpv4-sp/hard\libc_nano.a(lib_a-mlock.o)
 .ARM.attributes
                0x0000000000000a76       0x34 c:/st/stm32cubeide_1.3.0/stm32cubeide/plugins/com.st.stm32cube.ide.mcu.externaltools.gnu-tools-for-stm32.7-2018-q2-update.win32_1.0.0.201904181610/tools/bin/../lib/gcc/arm-none-eabi/7.3.1/../../../../arm-none-eabi/lib/thumb/v7e-m/fpv4-sp/hard\libc_nano.a(lib_a-nano-msizer.o)
 .ARM.attributes
                0x0000000000000aaa       0x34 c:/st/stm32cubeide_1.3.0/stm32cubeide/plugins/com.st.stm32cube.ide.mcu.externaltools.gnu-tools-for-stm32.7-2018-q2-update.win32_1.0.0.201904181610/tools/bin/../lib/gcc/arm-none-eabi/7.3.1/../../../../arm-none-eabi/lib/thumb/v7e-m/fpv4-sp/hard\libc_nano.a(lib_a-reent.o)
 .ARM.attributes
                0x0000000000000ade       0x22 c:/st/stm32cubeide_1.3.0/stm32cubeide/plugins/com.st.stm32cube.ide.mcu.externaltools.gnu-tools-for-stm32.7-2018-q2-update.win32_1.0.0.201904181610/tools/bin/../lib/gcc/arm-none-eabi/7.3.1/thumb/v7e-m/fpv4-sp/hard\libgcc.a(_aeabi_uldivmod.o)
 .ARM.attributes
                0x0000000000000b00       0x34 c:/st/stm32cubeide_1.3.0/stm32cubeide/plugins/com.st.stm32cube.ide.mcu.externaltools.gnu-tools-for-stm32.7-2018-q2-update.win32_1.0.0.201904181610/tools/bin/../lib/gcc/arm-none-eabi/7.3.1/thumb/v7e-m/fpv4-sp/hard\libgcc.a(_udivmoddi4.o)
 .ARM.attributes
                0x0000000000000b34       0x22 c:/st/stm32cubeide_1.3.0/stm32cubeide/plugins/com.st.stm32cube.ide.mcu.externaltools.gnu-tools-for-stm32.7-2018-q2-update.win32_1.0.0.201904181610/tools/bin/../lib/gcc/arm-none-eabi/7.3.1/thumb/v7e-m/fpv4-sp/hard\libgcc.a(_dvmd_tls.o)
 .ARM.attributes
                0x0000000000000b56       0x34 c:/st/stm32cubeide_1.3.0/stm32cubeide/plugins/com.st.stm32cube.ide.mcu.externaltools.gnu-tools-for-stm32.7-2018-q2-update.win32_1.0.0.201904181610/tools/bin/../lib/gcc/arm-none-eabi/7.3.1/../../../../arm-none-eabi/lib/thumb/v7e-m/fpv4-sp/hard\libnosys.a(sbrk.o)
 .ARM.attributes
                0x0000000000000b8a       0x22 c:/st/stm32cubeide_1.3.0/stm32cubeide/plugins/com.st.stm32cube.ide.mcu.externaltools.gnu-tools-for-stm32.7-2018-q2-update.win32_1.0.0.201904181610/tools/bin/../lib/gcc/arm-none-eabi/7.3.1/thumb/v7e-m/fpv4-sp/hard/crtn.o
OUTPUT(STM32L432KC_MFP_HID_VCP.elf elf32-littlearm)

.debug_info     0x0000000000000000    0x29316
 .debug_info    0x0000000000000000     0x10e9 Drivers/STM32L4xx_HAL_Driver/Src/stm32l4xx_hal.o
 .debug_info    0x00000000000010e9     0x1591 Drivers/STM32L4xx_HAL_Driver/Src/stm32l4xx_hal_cortex.o
 .debug_info    0x000000000000267a      0xfd2 Drivers/STM32L4xx_HAL_Driver/Src/stm32l4xx_hal_dma.o
 .debug_info    0x000000000000364c     0x1073 Drivers/STM32L4xx_HAL_Driver/Src/stm32l4xx_hal_gpio.o
 .debug_info    0x00000000000046bf     0x162f Drivers/STM32L4xx_HAL_Driver/Src/stm32l4xx_hal_pcd.o
 .debug_info    0x0000000000005cee     0x10b1 Drivers/STM32L4xx_HAL_Driver/Src/stm32l4xx_hal_pcd_ex.o
 .debug_info    0x0000000000006d9f     0x11e1 Drivers/STM32L4xx_HAL_Driver/Src/stm32l4xx_hal_pwr_ex.o
 .debug_info    0x0000000000007f80     0x132b Drivers/STM32L4xx_HAL_Driver/Src/stm32l4xx_hal_rcc.o
 .debug_info    0x00000000000092ab     0x1622 Drivers/STM32L4xx_HAL_Driver/Src/stm32l4xx_hal_rcc_ex.o