Archive member included to satisfy reference by file (symbol)

c:/program files (x86)/atollic/truestudio for stm32 9.0.1/armtools/bin/../lib/gcc/arm-atollic-eabi/6.3.1/../../../../arm-atollic-eabi/lib/armv7e-m/fpu\libc_nano.a(lib_a-init.o)
                              startup\startup_stm32l432xx.o (__libc_init_array)
c:/program files (x86)/atollic/truestudio for stm32 9.0.1/armtools/bin/../lib/gcc/arm-atollic-eabi/6.3.1/../../../../arm-atollic-eabi/lib/armv7e-m/fpu\libc_nano.a(lib_a-memcpy-stub.o)
                              Src\FPC1020\FPC1020_Command.o (memcpy)
c:/program files (x86)/atollic/truestudio for stm32 9.0.1/armtools/bin/../lib/gcc/arm-atollic-eabi/6.3.1/../../../../arm-atollic-eabi/lib/armv7e-m/fpu\libc_nano.a(lib_a-memset.o)
                              Src\FPC1020\FPC1020_Command.o (memset)
c:/program files (x86)/atollic/truestudio for stm32 9.0.1/armtools/bin/../lib/gcc/arm-atollic-eabi/6.3.1/../../../../arm-atollic-eabi/lib/armv7e-m/fpu\libc_nano.a(lib_a-sprintf.o)
                              Src\FPC1020\FPC1020Application.o (sprintf)
c:/program files (x86)/atollic/truestudio for stm32 9.0.1/armtools/bin/../lib/gcc/arm-atollic-eabi/6.3.1/../../../../arm-atollic-eabi/lib/armv7e-m/fpu\libc_nano.a(lib_a-strlen.o)
                              Src\FPC1020\FPC1020Application.o (strlen)
c:/program files (x86)/atollic/truestudio for stm32 9.0.1/armtools/bin/../lib/gcc/arm-atollic-eabi/6.3.1/../../../../arm-atollic-eabi/lib/armv7e-m/fpu\libc_nano.a(lib_a-impure.o)
                              c:/program files (x86)/atollic/truestudio for stm32 9.0.1/armtools/bin/../lib/gcc/arm-atollic-eabi/6.3.1/../../../../arm-atollic-eabi/lib/armv7e-m/fpu\libc_nano.a(lib_a-sprintf.o) (_impure_ptr)
c:/program files (x86)/atollic/truestudio for stm32 9.0.1/armtools/bin/../lib/gcc/arm-atollic-eabi/6.3.1/../../../../arm-atollic-eabi/lib/armv7e-m/fpu\libc_nano.a(lib_a-nano-svfprintf.o)
                              c:/program files (x86)/atollic/truestudio for stm32 9.0.1/armtools/bin/../lib/gcc/arm-atollic-eabi/6.3.1/../../../../arm-atollic-eabi/lib/armv7e-m/fpu\libc_nano.a(lib_a-sprintf.o) (_svfprintf_r)
c:/program files (x86)/atollic/truestudio for stm32 9.0.1/armtools/bin/../lib/gcc/arm-atollic-eabi/6.3.1/../../../../arm-atollic-eabi/lib/armv7e-m/fpu\libc_nano.a(lib_a-nano-vfprintf_i.o)
                              c:/program files (x86)/atollic/truestudio for stm32 9.0.1/armtools/bin/../lib/gcc/arm-atollic-eabi/6.3.1/../../../../arm-atollic-eabi/lib/armv7e-m/fpu\libc_nano.a(lib_a-nano-svfprintf.o) (_printf_i)
c:/program files (x86)/atollic/truestudio for stm32 9.0.1/armtools/bin/../lib/gcc/arm-atollic-eabi/6.3.1/../../../../arm-atollic-eabi/lib/armv7e-m/fpu\libc_nano.a(lib_a-memchr.o)
                              c:/program files (x86)/atollic/truestudio for stm32 9.0.1/armtools/bin/../lib/gcc/arm-atollic-eabi/6.3.1/../../../../arm-atollic-eabi/lib/armv7e-m/fpu\libc_nano.a(lib_a-nano-svfprintf.o) (memchr)
c:/program files (x86)/atollic/truestudio for stm32 9.0.1/armtools/bin/../lib/gcc/arm-atollic-eabi/6.3.1/../../../../arm-atollic-eabi/lib/armv7e-m/fpu\libc_nano.a(lib_a-memmove.o)
                              c:/program files (x86)/atollic/truestudio for stm32 9.0.1/armtools/bin/../lib/gcc/arm-atollic-eabi/6.3.1/../../../../arm-atollic-eabi/lib/armv7e-m/fpu\libc_nano.a(lib_a-nano-svfprintf.o) (memmove)
c:/program files (x86)/atollic/truestudio for stm32 9.0.1/armtools/bin/../lib/gcc/arm-atollic-eabi/6.3.1/../../../../arm-atollic-eabi/lib/armv7e-m/fpu\libc_nano.a(lib_a-nano-freer.o)
                              c:/program files (x86)/atollic/truestudio for stm32 9.0.1/armtools/bin/../lib/gcc/arm-atollic-eabi/6.3.1/../../../../arm-atollic-eabi/lib/armv7e-m/fpu\libc_nano.a(lib_a-nano-svfprintf.o) (_free_r)
c:/program files (x86)/atollic/truestudio for stm32 9.0.1/armtools/bin/../lib/gcc/arm-atollic-eabi/6.3.1/../../../../arm-atollic-eabi/lib/armv7e-m/fpu\libc_nano.a(lib_a-nano-mallocr.o)
                              c:/program files (x86)/atollic/truestudio for stm32 9.0.1/armtools/bin/../lib/gcc/arm-atollic-eabi/6.3.1/../../../../arm-atollic-eabi/lib/armv7e-m/fpu\libc_nano.a(lib_a-nano-svfprintf.o) (_malloc_r)
c:/program files (x86)/atollic/truestudio for stm32 9.0.1/armtools/bin/../lib/gcc/arm-atollic-eabi/6.3.1/../../../../arm-atollic-eabi/lib/armv7e-m/fpu\libc_nano.a(lib_a-nano-reallocr.o)
                              c:/program files (x86)/atollic/truestudio for stm32 9.0.1/armtools/bin/../lib/gcc/arm-atollic-eabi/6.3.1/../../../../arm-atollic-eabi/lib/armv7e-m/fpu\libc_nano.a(lib_a-nano-svfprintf.o) (_realloc_r)
c:/program files (x86)/atollic/truestudio for stm32 9.0.1/armtools/bin/../lib/gcc/arm-atollic-eabi/6.3.1/../../../../arm-atollic-eabi/lib/armv7e-m/fpu\libc_nano.a(lib_a-sbrkr.o)
[...]
Memory Configuration

Name             Origin             Length             Attributes
RAM              0x20000000         0x00010000         xrw
FLASH            0x08000000         0x00040000         xr
*default*        0x00000000         0xffffffff

Linker script and memory map

LOAD c:/program files (x86)/atollic/truestudio for stm32 9.0.1/armtools/bin/../lib/gcc/arm-atollic-eabi/6.3.1/armv7e-m/fpu/crti.o
LOAD c:/program files (x86)/atollic/truestudio for stm32 9.0.1/armtools/bin/../lib/gcc/arm-atollic-eabi/6.3.1/armv7e-m/fpu/crtbegin.o
LOAD Drivers\STM32L4xx_HAL_Driver\Src\stm32l4xx_hal.o
LOAD Drivers\STM32L4xx_HAL_Driver\Src\stm32l4xx_hal_cortex.o
LOAD Drivers\STM32L4xx_HAL_Driver\Src\stm32l4xx_hal_dma.o
LOAD Drivers\STM32L4xx_HAL_Driver\Src\stm32l4xx_hal_dma_ex.o
LOAD Drivers\STM32L4xx_HAL_Driver\Src\stm32l4xx_hal_flash.o
LOAD Drivers\STM32L4xx_HAL_Driver\Src\stm32l4xx_hal_flash_ex.o
LOAD Drivers\STM32L4xx_HAL_Driver\Src\stm32l4xx_hal_flash_ramfunc.o
LOAD Drivers\STM32L4xx_HAL_Driver\Src\stm32l4xx_hal_gpio.o
LOAD Drivers\STM32L4xx_HAL_Driver\Src\stm32l4xx_hal_i2c.o
LOAD Drivers\STM32L4xx_HAL_Driver\Src\stm32l4xx_hal_i2c_ex.o
LOAD Drivers\STM32L4xx_HAL_Driver\Src\stm32l4xx_hal_pcd.o
LOAD Drivers\STM32L4xx_HAL_Driver\Src\stm32l4xx_hal_pcd_ex.o
LOAD Drivers\STM32L4xx_HAL_Driver\Src\stm32l4xx_hal_pwr.o
LOAD Drivers\STM32L4xx_HAL_Driver\Src\stm32l4xx_hal_pwr_ex.o
LOAD Drivers\STM32L4xx_HAL_Driver\Src\stm32l4xx_hal_rcc.o
LOAD Drivers\STM32L4xx_HAL_Driver\Src\stm32l4xx_hal_rcc_ex.o
LOAD Drivers\STM32L4xx_HAL_Driver\Src\stm32l4xx_hal_tim.o
LOAD Drivers\STM32L4xx_HAL_Driver\Src\stm32l4xx_hal_tim_ex.o
LOAD Drivers\STM32L4xx_HAL_Driver\Src\stm32l4xx_hal_uart.o
LOAD Drivers\STM32L4xx_HAL_Driver\Src\stm32l4xx_hal_uart_ex.o
LOAD Drivers\STM32L4xx_HAL_Driver\Src\stm32l4xx_ll_usb.o
LOAD Middlewares\ST\STM32_USB_Device_Library\Class\CDC\Src\usbd_cdc.o
LOAD Middlewares\ST\STM32_USB_Device_Library\Class\HID\Src\usbd_hid.o
LOAD Middlewares\ST\STM32_USB_Device_Library\Core\Src\usbd_core.o
LOAD Middlewares\ST\STM32_USB_Device_Library\Core\Src\usbd_ctlreq.o
LOAD Middlewares\ST\STM32_USB_Device_Library\Core\Src\usbd_ioreq.o
LOAD Src\FPC1020\FPC1020Application.o
LOAD Src\FPC1020\FPC1020_Command.o
LOAD Src\FPC1020\FPC1020_Communication.o
LOAD Src\VCPusb_device.o
LOAD Src\VCPusbd_desc.o
LOAD Src\main.o
LOAD Src\stm32l4xx_hal_msp.o
LOAD Src\stm32l4xx_it.o
LOAD Src\system_stm32l4xx.o
LOAD Src\usb_device.o
LOAD Src\usbd_cdc_if.o
LOAD Src\usbd_conf.o
LOAD Src\usbd_desc.o
LOAD startup\startup_stm32l432xx.o
                0x00000080                malloc_getpagesize_P = 0x80
START GROUP
LOAD c:/program files (x86)/atollic/truestudio for stm32 9.0.1/armtools/bin/../lib/gcc/arm-atollic-eabi/6.3.1/../../../../arm-atollic-eabi/lib/armv7e-m/fpu\libc_nano.a
LOAD c:/program files (x86)/atollic/truestudio for stm32 9.0.1/armtools/bin/../lib/gcc/arm-atollic-eabi/6.3.1/../../../../arm-atollic-eabi/lib/armv7e-m/fpu\libm.a
END GROUP
START GROUP
LOAD c:/program files (x86)/atollic/truestudio for stm32 9.0.1/armtools/bin/../lib/gcc/arm-atollic-eabi/6.3.1/armv7e-m/fpu\libgcc.a
LOAD c:/program files (x86)/atollic/truestudio for stm32 9.0.1/armtools/bin/../lib/gcc/arm-atollic-eabi/6.3.1/../../../../arm-atollic-eabi/lib/armv7e-m/fpu\libc_nano.a
END GROUP
START GROUP
LOAD c:/program files (x86)/atollic/truestudio for stm32 9.0.1/armtools/bin/../lib/gcc/arm-atollic-eabi/6.3.1/armv7e-m/fpu\libgcc.a
LOAD c:/program files (x86)/atollic/truestudio for stm32 9.0.1/armtools/bin/../lib/gcc/arm-atollic-eabi/6.3.1/../../../../arm-atollic-eabi/lib/armv7e-m/fpu\libc_nano.a
LOAD c:/program files (x86)/atollic/truestudio for stm32 9.0.1/armtools/bin/../lib/gcc/arm-atollic-eabi/6.3.1/../../../../arm-atollic-eabi/lib/armv7e-m/fpu\libnosys.a
END GROUP
START GROUP
LOAD c:/program files (x86)/atollic/truestudio for stm32 9.0.1/armtools/bin/../lib/gcc/arm-atollic-eabi/6.3.1/armv7e-m/fpu\libgcc.a
LOAD c:/program files (x86)/atollic/truestudio for stm32 9.0.1/armtools/bin/../lib/gcc/arm-atollic-eabi/6.3.1/../../../../arm-atollic-eabi/lib/armv7e-m/fpu\libc_nano.a
LOAD c:/program files (x86)/atollic/truestudio for stm32 9.0.1/armtools/bin/../lib/gcc/arm-atollic-eabi/6.3.1/../../../../arm-atollic-eabi/lib/armv7e-m/fpu\libnosys.a
END GROUP
LOAD c:/program files (x86)/atollic/truestudio for stm32 9.0.1/armtools/bin/../lib/gcc/arm-atollic-eabi/6.3.1/armv7e-m/fpu/crtend.o
LOAD c:/program files (x86)/atollic/truestudio for stm32 9.0.1/armtools/bin/../lib/gcc/arm-atollic-eabi/6.3.1/armv7e-m/fpu/crtn.o
                0x20010000                _estack = 0x20010000
                0x00000200                _Min_Heap_Size = 0x200
                0x00000400                _Min_Stack_Size = 0x400

.isr_vector     0x08000000      0x18c
                0x08000000                . = ALIGN (0x4)
 *(.isr_vector)
 .isr_vector    0x08000000      0x18c startup\startup_stm32l432xx.o
                0x08000000                g_pfnVectors
                0x0800018c                . = ALIGN (0x4)

.text           0x08000190     0x5414
                0x08000190                . = ALIGN (0x4)
 *(.text)
 .text          0x08000190       0x40 c:/program files (x86)/atollic/truestudio for stm32 9.0.1/armtools/bin/../lib/gcc/arm-atollic-eabi/6.3.1/armv7e-m/fpu/crtbegin.o
 .text          0x080001d0       0x10 c:/program files (x86)/atollic/truestudio for stm32 9.0.1/armtools/bin/../lib/gcc/arm-atollic-eabi/6.3.1/../../../../arm-atollic-eabi/lib/armv7e-m/fpu\libc_nano.a(lib_a-strlen.o)
                0x080001d0                strlen
 .text          0x080001e0       0xa0 c:/program files (x86)/atollic/truestudio for stm32 9.0.1/armtools/bin/../lib/gcc/arm-atollic-eabi/6.3.1/../../../../arm-atollic-eabi/lib/armv7e-m/fpu\libc_nano.a(lib_a-memchr.o)
                0x080001e0                memchr
 .text          0x08000280       0x30 c:/program files (x86)/atollic/truestudio for stm32 9.0.1/armtools/bin/../lib/gcc/arm-atollic-eabi/6.3.1/armv7e-m/fpu\libgcc.a(_aeabi_uldivmod.o)
                0x08000280                __aeabi_uldivmod
 .text          0x080002b0      0x2dc c:/program files (x86)/atollic/truestudio for stm32 9.0.1/armtools/bin/../lib/gcc/arm-atollic-eabi/6.3.1/armv7e-m/fpu\libgcc.a(_udivmoddi4.o)
                0x080002b0                __udivmoddi4
 .text          0x0800058c        0x4 c:/program files (x86)/atollic/truestudio for stm32 9.0.1/armtools/bin/../lib/gcc/arm-atollic-eabi/6.3.1/armv7e-m/fpu\libgcc.a(_dvmd_tls.o)
                0x0800058c                __aeabi_idiv0
                0x0800058c                __aeabi_ldiv0
 *(.text*)
 .text.HAL_InitTick
                0x08000590       0x28 Drivers\STM32L4xx_HAL_Driver\Src\stm32l4xx_hal.o
                0x08000590                HAL_InitTick
 .text.HAL_Init
                0x080005b8       0x16 Drivers\STM32L4xx_HAL_Driver\Src\stm32l4xx_hal.o
                0x080005b8                HAL_Init
 *fill*         0x080005ce        0x2 
 .text.HAL_IncTick
                0x080005d0       0x10 Drivers\STM32L4xx_HAL_Driver\Src\stm32l4xx_hal.o
                0x080005d0                HAL_IncTick
 .text.HAL_GetTick
                0x080005e0        0xc Drivers\STM32L4xx_HAL_Driver\Src\stm32l4xx_hal.o
                0x080005e0                HAL_GetTick
 .text.HAL_Delay
                0x080005ec       0x1c Drivers\STM32L4xx_HAL_Driver\Src\stm32l4xx_hal.o
                0x080005ec                HAL_Delay
 .text.HAL_NVIC_SetPriorityGrouping
                0x08000608       0x24 Drivers\STM32L4xx_HAL_Driver\Src\stm32l4xx_hal_cortex.o
                0x08000608                HAL_NVIC_SetPriorityGrouping
 .text.HAL_NVIC_SetPriority
                0x0800062c       0x68 Drivers\STM32L4xx_HAL_Driver\Src\stm32l4xx_hal_cortex.o
                0x0800062c                HAL_NVIC_SetPriority
 .text.HAL_NVIC_EnableIRQ
                0x08000694       0x18 Drivers\STM32L4xx_HAL_Driver\Src\stm32l4xx_hal_cortex.o
                0x08000694                HAL_NVIC_EnableIRQ
 .text.HAL_SYSTICK_Config
                0x080006ac       0x2c Drivers\STM32L4xx_HAL_Driver\Src\stm32l4xx_hal_cortex.o
                0x080006ac                HAL_SYSTICK_Config
 .text.HAL_SYSTICK_CLKSourceConfig
                0x080006d8       0x18 Drivers\STM32L4xx_HAL_Driver\Src\stm32l4xx_hal_cortex.o
                0x080006d8                HAL_SYSTICK_CLKSourceConfig
 .text.HAL_SYSTICK_Callback
                0x080006f0        0x2 Drivers\STM32L4xx_HAL_Driver\Src\stm32l4xx_hal_cortex.o
                0x080006f0                HAL_SYSTICK_Callback
 .text.HAL_SYSTICK_IRQHandler
                0x080006f2        0x8 Drivers\STM32L4xx_HAL_Driver\Src\stm32l4xx_hal_cortex.o
                0x080006f2                HAL_SYSTICK_IRQHandler
 *fill*         0x080006fa        0x2 
 .text.HAL_DMA_Init
                0x080006fc       0xe0 Drivers\STM32L4xx_HAL_Driver\Src\stm32l4xx_hal_dma.o
                0x080006fc                HAL_DMA_Init
 .text.HAL_DMA_Start_IT
                0x080007dc       0x7c Drivers\STM32L4xx_HAL_Driver\Src\stm32l4xx_hal_dma.o
                0x080007dc                HAL_DMA_Start_IT
 .text.HAL_DMA_Abort_IT
                0x08000858       0x48 Drivers\STM32L4xx_HAL_Driver\Src\stm32l4xx_hal_dma.o
                0x08000858                HAL_DMA_Abort_IT
 .text.HAL_DMA_IRQHandler
                0x080008a0       0x90 Drivers\STM32L4xx_HAL_Driver\Src\stm32l4xx_hal_dma.o
                0x080008a0                HAL_DMA_IRQHandler
 .text.HAL_GPIO_Init
                0x08000930      0x168 Drivers\STM32L4xx_HAL_Driver\Src\stm32l4xx_hal_gpio.o
                0x08000930                HAL_GPIO_Init
 .text.HAL_GPIO_ReadPin
                0x08000a98        0xc Drivers\STM32L4xx_HAL_Driver\Src\stm32l4xx_hal_gpio.o
                0x08000a98                HAL_GPIO_ReadPin
 .text.HAL_GPIO_WritePin
                0x08000aa4        0xa Drivers\STM32L4xx_HAL_Driver\Src\stm32l4xx_hal_gpio.o
                0x08000aa4                HAL_GPIO_WritePin
 .text.HAL_PCD_Init
                0x08000aae      0x100 Drivers\STM32L4xx_HAL_Driver\Src\stm32l4xx_hal_pcd.o
                0x08000aae                HAL_PCD_Init
 .text.HAL_PCD_Start
                0x08000bae       0x2a Drivers\STM32L4xx_HAL_Driver\Src\stm32l4xx_hal_pcd.o
                0x08000bae                HAL_PCD_Start
 .text.HAL_PCD_SetAddress
                0x08000bd8       0x28 Drivers\STM32L4xx_HAL_Driver\Src\stm32l4xx_hal_pcd.o
                0x08000bd8                HAL_PCD_SetAddress
 .text.HAL_PCD_EP_Open
                0x08000c00       0x4a Drivers\STM32L4xx_HAL_Driver\Src\stm32l4xx_hal_pcd.o
                0x08000c00                HAL_PCD_EP_Open
 .text.HAL_PCD_EP_Close
                0x08000c4a       0x46 Drivers\STM32L4xx_HAL_Driver\Src\stm32l4xx_hal_pcd.o
                0x08000c4a                HAL_PCD_EP_Close
 .text.HAL_PCD_EP_Receive
                0x08000c90       0x34 Drivers\STM32L4xx_HAL_Driver\Src\stm32l4xx_hal_pcd.o
                0x08000c90                HAL_PCD_EP_Receive
 .text.HAL_PCD_EP_GetRxCount
                0x08000cc4        0xe Drivers\STM32L4xx_HAL_Driver\Src\stm32l4xx_hal_pcd.o
                0x08000cc4                HAL_PCD_EP_GetRxCount
 .text.HAL_PCD_EP_Transmit
                0x08000cd2       0x30 Drivers\STM32L4xx_HAL_Driver\Src\stm32l4xx_hal_pcd.o
                0x08000cd2                HAL_PCD_EP_Transmit
 *fill*         0x08000d02        0x2 
 .text.HAL_PCD_IRQHandler
                0x08000d04      0x57c Drivers\STM32L4xx_HAL_Driver\Src\stm32l4xx_hal_pcd.o
                0x08000d04                HAL_PCD_IRQHandler
 .text.HAL_PCD_EP_SetStall
                0x08001280       0x58 Drivers\STM32L4xx_HAL_Driver\Src\stm32l4xx_hal_pcd.o
                0x08001280                HAL_PCD_EP_SetStall
 .text.HAL_PCD_EP_ClrStall
                0x080012d8       0x4a Drivers\STM32L4xx_HAL_Driver\Src\stm32l4xx_hal_pcd.o
                0x080012d8                HAL_PCD_EP_ClrStall
 .text.HAL_PCDEx_PMAConfig
                0x08001322       0x30 Drivers\STM32L4xx_HAL_Driver\Src\stm32l4xx_hal_pcd_ex.o
                0x08001322                HAL_PCDEx_PMAConfig
 .text.HAL_PCDEx_ActivateBCD
                0x08001352       0x28 Drivers\STM32L4xx_HAL_Driver\Src\stm32l4xx_hal_pcd_ex.o
                0x08001352                HAL_PCDEx_ActivateBCD
 .text.HAL_PCDEx_ActivateLPM
                0x0800137a       0x2c Drivers\STM32L4xx_HAL_Driver\Src\stm32l4xx_hal_pcd_ex.o
                0x0800137a                HAL_PCDEx_ActivateLPM
 *fill*         0x080013a6        0x2 
 .text.HAL_PWREx_GetVoltageRange
                0x080013a8       0x10 Drivers\STM32L4xx_HAL_Driver\Src\stm32l4xx_hal_pwr_ex.o
                0x080013a8                HAL_PWREx_GetVoltageRange
 .text.HAL_PWREx_ControlVoltageScaling
                0x080013b8       0x68 Drivers\STM32L4xx_HAL_Driver\Src\stm32l4xx_hal_pwr_ex.o
                0x080013b8                HAL_PWREx_ControlVoltageScaling
 .text.HAL_PWREx_EnableVddUSB
                0x08001420       0x10 Drivers\STM32L4xx_HAL_Driver\Src\stm32l4xx_hal_pwr_ex.o
                0x08001420                HAL_PWREx_EnableVddUSB
 .text.RCC_SetFlashLatencyFromMSIRange
                0x08001430       0x84 Drivers\STM32L4xx_HAL_Driver\Src\stm32l4xx_hal_rcc.o
 .text.HAL_RCC_GetSysClockFreq
                0x080014b4       0xd0 Drivers\STM32L4xx_HAL_Driver\Src\stm32l4xx_hal_rcc.o
                0x080014b4                HAL_RCC_GetSysClockFreq
 .text.HAL_RCC_OscConfig
                0x08001584      0x4b8 Drivers\STM32L4xx_HAL_Driver\Src\stm32l4xx_hal_rcc.o
                0x08001584                HAL_RCC_OscConfig
 .text.HAL_RCC_ClockConfig
                0x08001a3c      0x16c Drivers\STM32L4xx_HAL_Driver\Src\stm32l4xx_hal_rcc.o
                0x08001a3c                HAL_RCC_ClockConfig
 .text.HAL_RCC_GetHCLKFreq
                0x08001ba8        0xc Drivers\STM32L4xx_HAL_Driver\Src\stm32l4xx_hal_rcc.o
                0x08001ba8                HAL_RCC_GetHCLKFreq
 .text.HAL_RCC_GetPCLK1Freq
                0x08001bb4       0x20 Drivers\STM32L4xx_HAL_Driver\Src\stm32l4xx_hal_rcc.o
                0x08001bb4                HAL_RCC_GetPCLK1Freq
 .text.HAL_RCC_GetPCLK2Freq
                0x08001bd4       0x20 Drivers\STM32L4xx_HAL_Driver\Src\stm32l4xx_hal_rcc.o
                0x08001bd4                HAL_RCC_GetPCLK2Freq
 .text.RCCEx_PLLSAI1_Config
                0x08001bf4      0x118 Drivers\STM32L4xx_HAL_Driver\Src\stm32l4xx_hal_rcc_ex.o
 .text.HAL_RCCEx_PeriphCLKConfig
                0x08001d0c      0x284 Drivers\STM32L4xx_HAL_Driver\Src\stm32l4xx_hal_rcc_ex.o
                0x08001d0c                HAL_RCCEx_PeriphCLKConfig
 .text.HAL_TIM_Base_Start_IT
                0x08001f90       0x16 Drivers\STM32L4xx_HAL_Driver\Src\stm32l4xx_hal_tim.o
                0x08001f90                HAL_TIM_Base_Start_IT
 .text.HAL_TIM_OC_DelayElapsedCallback
                0x08001fa6        0x2 Drivers\STM32L4xx_HAL_Driver\Src\stm32l4xx_hal_tim.o
                0x08001fa6                HAL_TIM_OC_DelayElapsedCallback
 .text.HAL_TIM_IC_CaptureCallback
                0x08001fa8        0x2 Drivers\STM32L4xx_HAL_Driver\Src\stm32l4xx_hal_tim.o
                0x08001fa8                HAL_TIM_IC_CaptureCallback
 .text.HAL_TIM_PWM_PulseFinishedCallback
                0x08001faa        0x2 Drivers\STM32L4xx_HAL_Driver\Src\stm32l4xx_hal_tim.o
                0x08001faa                HAL_TIM_PWM_PulseFinishedCallback
 .text.HAL_TIM_TriggerCallback
                0x08001fac        0x2 Drivers\STM32L4xx_HAL_Driver\Src\stm32l4xx_hal_tim.o
                0x08001fac                HAL_TIM_TriggerCallback
 .text.HAL_TIM_IRQHandler
                0x08001fae      0x144 Drivers\STM32L4xx_HAL_Driver\Src\stm32l4xx_hal_tim.o
                0x08001fae                HAL_TIM_IRQHandler
 *fill*         0x080020f2        0x2 
 .text.TIM_Base_SetConfig
                0x080020f4       0x74 Drivers\STM32L4xx_HAL_Driver\Src\stm32l4xx_hal_tim.o
                0x080020f4                TIM_Base_SetConfig
 .text.HAL_TIM_Base_Init
                0x08002168       0x34 Drivers\STM32L4xx_HAL_Driver\Src\stm32l4xx_hal_tim.o
                0x08002168                HAL_TIM_Base_Init
 .text.TIM_ETR_SetConfig
                0x0800219c       0x14 Drivers\STM32L4xx_HAL_Driver\Src\stm32l4xx_hal_tim.o
                0x0800219c                TIM_ETR_SetConfig
 .text.TIM_SlaveTimer_SetConfig
                0x080021b0       0xa0 Drivers\STM32L4xx_HAL_Driver\Src\stm32l4xx_hal_tim.o
 .text.HAL_TIM_SlaveConfigSynchronization
                0x08002250       0x40 Drivers\STM32L4xx_HAL_Driver\Src\stm32l4xx_hal_tim.o
                0x08002250                HAL_TIM_SlaveConfigSynchronization
 .text.HAL_TIMEx_MasterConfigSynchronization
                0x08002290       0x44 Drivers\STM32L4xx_HAL_Driver\Src\stm32l4xx_hal_tim_ex.o
                0x08002290                HAL_TIMEx_MasterConfigSynchronization
 .text.HAL_TIMEx_CommutationCallback
                0x080022d4        0x2 Drivers\STM32L4xx_HAL_Driver\Src\stm32l4xx_hal_tim_ex.o
                0x080022d4                HAL_TIMEx_CommutationCallback
 .text.HAL_TIMEx_BreakCallback
                0x080022d6        0x2 Drivers\STM32L4xx_HAL_Driver\Src\stm32l4xx_hal_tim_ex.o
                0x080022d6                HAL_TIMEx_BreakCallback
 .text.UART_EndRxTransfer
                0x080022d8       0x1e Drivers\STM32L4xx_HAL_Driver\Src\stm32l4xx_hal_uart.o
 *fill*         0x080022f6        0x2 
 .text.HAL_UART_Receive_IT
                0x080022f8       0xa8 Drivers\STM32L4xx_HAL_Driver\Src\stm32l4xx_hal_uart.o
                0x080022f8                HAL_UART_Receive_IT
 .text.HAL_UART_Transmit_DMA
                0x080023a0       0x78 Drivers\STM32L4xx_HAL_Driver\Src\stm32l4xx_hal_uart.o
                0x080023a0                HAL_UART_Transmit_DMA
 .text.UART_DMATransmitCplt
                0x08002418       0x2e Drivers\STM32L4xx_HAL_Driver\Src\stm32l4xx_hal_uart.o
 .text.HAL_UART_TxHalfCpltCallback
                0x08002446        0x2 Drivers\STM32L4xx_HAL_Driver\Src\stm32l4xx_hal_uart.o
                0x08002446                HAL_UART_TxHalfCpltCallback
 .text.UART_DMATxHalfCplt
                0x08002448        0xa Drivers\STM32L4xx_HAL_Driver\Src\stm32l4xx_hal_uart.o
 .text.UART_RxISR_8BIT
                0x08002452       0x56 Drivers\STM32L4xx_HAL_Driver\Src\stm32l4xx_hal_uart.o
 .text.UART_RxISR_16BIT
                0x080024a8       0x54 Drivers\STM32L4xx_HAL_Driver\Src\stm32l4xx_hal_uart.o
 .text.HAL_UART_ErrorCallback
                0x080024fc        0x2 Drivers\STM32L4xx_HAL_Driver\Src\stm32l4xx_hal_uart.o
                0x080024fc                HAL_UART_ErrorCallback
 .text.UART_DMAError
                0x080024fe       0x54 Drivers\STM32L4xx_HAL_Driver\Src\stm32l4xx_hal_uart.o
 *fill*         0x08002552        0x2 
 .text.HAL_UART_IRQHandler
                0x08002554      0x138 Drivers\STM32L4xx_HAL_Driver\Src\stm32l4xx_hal_uart.o
                0x08002554                HAL_UART_IRQHandler
 .text.UART_DMAAbortOnError
                0x0800268c       0x14 Drivers\STM32L4xx_HAL_Driver\Src\stm32l4xx_hal_uart.o
 .text.UART_SetConfig
                0x080026a0      0x244 Drivers\STM32L4xx_HAL_Driver\Src\stm32l4xx_hal_uart.o
                0x080026a0                UART_SetConfig
 .text.UART_AdvFeatureConfig
                0x080028e4       0xa8 Drivers\STM32L4xx_HAL_Driver\Src\stm32l4xx_hal_uart.o
                0x080028e4                UART_AdvFeatureConfig
 .text.UART_WaitOnFlagUntilTimeout
                0x0800298c       0x62 Drivers\STM32L4xx_HAL_Driver\Src\stm32l4xx_hal_uart.o
                0x0800298c                UART_WaitOnFlagUntilTimeout
 .text.HAL_UART_Transmit
                0x080029ee       0xae Drivers\STM32L4xx_HAL_Driver\Src\stm32l4xx_hal_uart.o
                0x080029ee                HAL_UART_Transmit
 .text.HAL_UART_Receive
                0x08002a9c       0xde Drivers\STM32L4xx_HAL_Driver\Src\stm32l4xx_hal_uart.o
                0x08002a9c                HAL_UART_Receive
 .text.UART_CheckIdleState
                0x08002b7a       0x64 Drivers\STM32L4xx_HAL_Driver\Src\stm32l4xx_hal_uart.o
                0x08002b7a                UART_CheckIdleState
 .text.HAL_UART_Init
                0x08002bde       0x64 Drivers\STM32L4xx_HAL_Driver\Src\stm32l4xx_hal_uart.o
                0x08002bde                HAL_UART_Init
 .text.HAL_UARTEx_WakeupCallback
                0x08002c42        0x2 Drivers\STM32L4xx_HAL_Driver\Src\stm32l4xx_hal_uart_ex.o
                0x08002c42                HAL_UARTEx_WakeupCallback
 .text.USB_CoreInit
                0x08002c44        0xe Drivers\STM32L4xx_HAL_Driver\Src\stm32l4xx_ll_usb.o
                0x08002c44                USB_CoreInit
 .text.USB_EnableGlobalInt
                0x08002c52       0x12 Drivers\STM32L4xx_HAL_Driver\Src\stm32l4xx_ll_usb.o
                0x08002c52                USB_EnableGlobalInt
 .text.USB_DisableGlobalInt
                0x08002c64       0x14 Drivers\STM32L4xx_HAL_Driver\Src\stm32l4xx_ll_usb.o
                0x08002c64                USB_DisableGlobalInt
 .text.USB_SetCurrentMode
                0x08002c78        0x4 Drivers\STM32L4xx_HAL_Driver\Src\stm32l4xx_ll_usb.o
                0x08002c78                USB_SetCurrentMode
 .text.USB_DevInit
                0x08002c7c       0x28 Drivers\STM32L4xx_HAL_Driver\Src\stm32l4xx_ll_usb.o
                0x08002c7c                USB_DevInit
 .text.USB_ActivateEndpoint
                0x08002ca4      0x2e8 Drivers\STM32L4xx_HAL_Driver\Src\stm32l4xx_ll_usb.o
                0x08002ca4                USB_ActivateEndpoint
 .text.USB_DeactivateEndpoint
                0x08002f8c      0x19e Drivers\STM32L4xx_HAL_Driver\Src\stm32l4xx_ll_usb.o
                0x08002f8c                USB_DeactivateEndpoint
 .text.USB_EPSetStall
                0x0800312a       0x66 Drivers\STM32L4xx_HAL_Driver\Src\stm32l4xx_ll_usb.o
                0x0800312a                USB_EPSetStall
 .text.USB_EPClearStall
                0x08003190       0x86 Drivers\STM32L4xx_HAL_Driver\Src\stm32l4xx_ll_usb.o
                0x08003190                USB_EPClearStall
 .text.USB_SetDevAddress
                0x08003216        0xc Drivers\STM32L4xx_HAL_Driver\Src\stm32l4xx_ll_usb.o
                0x08003216                USB_SetDevAddress
 *fill*         0x08003222        0x2 
 .text.USB_DevConnect
                0x08003224       0x1c Drivers\STM32L4xx_HAL_Driver\Src\stm32l4xx_ll_usb.o
                0x08003224                USB_DevConnect
 .text.USB_DevDisconnect
                0x08003240       0x18 Drivers\STM32L4xx_HAL_Driver\Src\stm32l4xx_ll_usb.o
                0x08003240                USB_DevDisconnect
 .text.USB_ReadInterrupts
                0x08003258        0x8 Drivers\STM32L4xx_HAL_Driver\Src\stm32l4xx_ll_usb.o
                0x08003258                USB_ReadInterrupts
 .text.USB_EP0_OutStart
                0x08003260        0x4 Drivers\STM32L4xx_HAL_Driver\Src\stm32l4xx_ll_usb.o
                0x08003260                USB_EP0_OutStart
 .text.USB_WritePMA
                0x08003264       0x26 Drivers\STM32L4xx_HAL_Driver\Src\stm32l4xx_ll_usb.o
                0x08003264                USB_WritePMA
 *fill*         0x0800328a        0x2 
 .text.USB_EPStartXfer
                0x0800328c      0x148 Drivers\STM32L4xx_HAL_Driver\Src\stm32l4xx_ll_usb.o
                0x0800328c                USB_EPStartXfer
 .text.USB_ReadPMA
                0x080033d4       0x20 Drivers\STM32L4xx_HAL_Driver\Src\stm32l4xx_ll_usb.o
                0x080033d4                USB_ReadPMA
 .text.USBD_CDC_DataIn
                0x080033f4       0x12 Middlewares\ST\STM32_USB_Device_Library\Class\CDC\Src\usbd_cdc.o
 .text.USBD_CDC_EP0_RxReady
                0x08003406       0x28 Middlewares\ST\STM32_USB_Device_Library\Class\CDC\Src\usbd_cdc.o
 *fill*         0x0800342e        0x2 
 .text.USBD_CDC_GetFSCfgDesc
                0x08003430        0xc Middlewares\ST\STM32_USB_Device_Library\Class\CDC\Src\usbd_cdc.o
 .text.USBD_CDC_GetHSCfgDesc
                0x0800343c        0xc Middlewares\ST\STM32_USB_Device_Library\Class\CDC\Src\usbd_cdc.o
 .text.USBD_CDC_GetOtherSpeedCfgDesc
                0x08003448        0xc Middlewares\ST\STM32_USB_Device_Library\Class\CDC\Src\usbd_cdc.o
 .text.USBD_CDC_GetDeviceQualifierDescriptor
                0x08003454        0xc Middlewares\ST\STM32_USB_Device_Library\Class\CDC\Src\usbd_cdc.o
                0x08003454                USBD_CDC_GetDeviceQualifierDescriptor
 .text.USBD_CDC_DataOut
                0x08003460       0x2e Middlewares\ST\STM32_USB_Device_Library\Class\CDC\Src\usbd_cdc.o
 *fill*         0x0800348e        0x2 
 .text.USBD_CDC_Setup
                0x08003490       0x68 Middlewares\ST\STM32_USB_Device_Library\Class\CDC\Src\usbd_cdc.o
 .text.USBD_CDC_DeInit
                0x080034f8       0x3a Middlewares\ST\STM32_USB_Device_Library\Class\CDC\Src\usbd_cdc.o
 .text.USBD_CDC_Init
                0x08003532       0x8c Middlewares\ST\STM32_USB_Device_Library\Class\CDC\Src\usbd_cdc.o
 .text.USBD_CDC_RegisterInterface
                0x080035be        0xe Middlewares\ST\STM32_USB_Device_Library\Class\CDC\Src\usbd_cdc.o
                0x080035be                USBD_CDC_RegisterInterface
 .text.USBD_CDC_SetTxBuffer
                0x080035cc       0x10 Middlewares\ST\STM32_USB_Device_Library\Class\CDC\Src\usbd_cdc.o
                0x080035cc                USBD_CDC_SetTxBuffer
 .text.USBD_CDC_SetRxBuffer
                0x080035dc        0xc Middlewares\ST\STM32_USB_Device_Library\Class\CDC\Src\usbd_cdc.o
                0x080035dc                USBD_CDC_SetRxBuffer
 .text.USBD_CDC_TransmitPacket
                0x080035e8       0x2e Middlewares\ST\STM32_USB_Device_Library\Class\CDC\Src\usbd_cdc.o
                0x080035e8                USBD_CDC_TransmitPacket
 .text.USBD_CDC_ReceivePacket
                0x08003616       0x26 Middlewares\ST\STM32_USB_Device_Library\Class\CDC\Src\usbd_cdc.o
                0x08003616                USBD_CDC_ReceivePacket
 .text.USBD_HID_GetCfgDesc
                0x0800363c        0xc Middlewares\ST\STM32_USB_Device_Library\Class\HID\Src\usbd_hid.o
 .text.USBD_HID_DataIn
                0x08003648        0xa Middlewares\ST\STM32_USB_Device_Library\Class\HID\Src\usbd_hid.o
 *fill*         0x08003652        0x2 
 .text.USBD_HID_GetDeviceQualifierDesc
                0x08003654        0xc Middlewares\ST\STM32_USB_Device_Library\Class\HID\Src\usbd_hid.o
 .text.USBD_HID_Setup
                0x08003660       0xac Middlewares\ST\STM32_USB_Device_Library\Class\HID\Src\usbd_hid.o
 .text.USBD_HID_DeInit
                0x0800370c       0x1e Middlewares\ST\STM32_USB_Device_Library\Class\HID\Src\usbd_hid.o
 .text.USBD_HID_Init
                0x0800372a       0x26 Middlewares\ST\STM32_USB_Device_Library\Class\HID\Src\usbd_hid.o
 .text.USBD_HID_SendReport
                0x08003750       0x24 Middlewares\ST\STM32_USB_Device_Library\Class\HID\Src\usbd_hid.o
                0x08003750                USBD_HID_SendReport
 .text.USBD_Init
                0x08003774       0x2a Middlewares\ST\STM32_USB_Device_Library\Core\Src\usbd_core.o
                0x08003774                USBD_Init
 .text.USBD_RegisterClass
                0x0800379e        0xe Middlewares\ST\STM32_USB_Device_Library\Core\Src\usbd_core.o
                0x0800379e                USBD_RegisterClass
 .text.USBD_Start
                0x080037ac        0xa Middlewares\ST\STM32_USB_Device_Library\Core\Src\usbd_core.o
                0x080037ac                USBD_Start
 .text.USBD_SetClassConfig
                0x080037b6       0x16 Middlewares\ST\STM32_USB_Device_Library\Core\Src\usbd_core.o
                0x080037b6                USBD_SetClassConfig
 .text.USBD_ClrClassConfig
                0x080037cc        0xe Middlewares\ST\STM32_USB_Device_Library\Core\Src\usbd_core.o
                0x080037cc                USBD_ClrClassConfig
 .text.USBD_LL_SetupStage
                0x080037da       0x5a Middlewares\ST\STM32_USB_Device_Library\Core\Src\usbd_core.o
                0x080037da                USBD_LL_SetupStage
 .text.USBD_LL_DataOutStage
                0x08003834       0x64 Middlewares\ST\STM32_USB_Device_Library\Core\Src\usbd_core.o
                0x08003834                USBD_LL_DataOutStage
 .text.USBD_LL_DataInStage
                0x08003898       0x9e Middlewares\ST\STM32_USB_Device_Library\Core\Src\usbd_core.o
                0x08003898                USBD_LL_DataInStage
 .text.USBD_LL_Reset
                0x08003936       0x3e Middlewares\ST\STM32_USB_Device_Library\Core\Src\usbd_core.o
                0x08003936                USBD_LL_Reset
 .text.USBD_LL_SetSpeed
                0x08003974        0x6 Middlewares\ST\STM32_USB_Device_Library\Core\Src\usbd_core.o
                0x08003974                USBD_LL_SetSpeed
 .text.USBD_LL_Suspend
                0x0800397a       0x12 Middlewares\ST\STM32_USB_Device_Library\Core\Src\usbd_core.o
                0x0800397a                USBD_LL_Suspend
 .text.USBD_LL_Resume
                0x0800398c        0xc Middlewares\ST\STM32_USB_Device_Library\Core\Src\usbd_core.o
                0x0800398c                USBD_LL_Resume
 .text.USBD_LL_SOF
                0x08003998       0x18 Middlewares\ST\STM32_USB_Device_Library\Core\Src\usbd_core.o
                0x08003998                USBD_LL_SOF
 .text.USBD_CtlError.constprop.0
                0x080039b0       0x16 Middlewares\ST\STM32_USB_Device_Library\Core\Src\usbd_ctlreq.o
 *fill*         0x080039c6        0x2 
 .text.USBD_StdDevReq
                0x080039c8      0x204 Middlewares\ST\STM32_USB_Device_Library\Core\Src\usbd_ctlreq.o
                0x080039c8                USBD_StdDevReq
 .text.USBD_StdItfReq
                0x08003bcc       0x30 Middlewares\ST\STM32_USB_Device_Library\Core\Src\usbd_ctlreq.o
                0x08003bcc                USBD_StdItfReq
 .text.USBD_StdEPReq
                0x08003bfc       0xc6 Middlewares\ST\STM32_USB_Device_Library\Core\Src\usbd_ctlreq.o
                0x08003bfc                USBD_StdEPReq
 .text.USBD_ParseSetupRequest
                0x08003cc2       0x28 Middlewares\ST\STM32_USB_Device_Library\Core\Src\usbd_ctlreq.o
                0x08003cc2                USBD_ParseSetupRequest
 .text.USBD_CtlError
                0x08003cea       0x16 Middlewares\ST\STM32_USB_Device_Library\Core\Src\usbd_ctlreq.o
                0x08003cea                USBD_CtlError
 .text.USBD_GetString
                0x08003d00       0x38 Middlewares\ST\STM32_USB_Device_Library\Core\Src\usbd_ctlreq.o
                0x08003d00                USBD_GetString
 .text.USBD_CtlSendData
                0x08003d38       0x1a Middlewares\ST\STM32_USB_Device_Library\Core\Src\usbd_ioreq.o
                0x08003d38                USBD_CtlSendData
 .text.USBD_CtlContinueSendData
                0x08003d52       0x10 Middlewares\ST\STM32_USB_Device_Library\Core\Src\usbd_ioreq.o
                0x08003d52                USBD_CtlContinueSendData
 .text.USBD_CtlPrepareRx
                0x08003d62       0x1e Middlewares\ST\STM32_USB_Device_Library\Core\Src\usbd_ioreq.o
                0x08003d62                USBD_CtlPrepareRx
 .text.USBD_CtlContinueRx
                0x08003d80       0x10 Middlewares\ST\STM32_USB_Device_Library\Core\Src\usbd_ioreq.o
                0x08003d80                USBD_CtlContinueRx
 .text.USBD_CtlSendStatus
                0x08003d90       0x16 Middlewares\ST\STM32_USB_Device_Library\Core\Src\usbd_ioreq.o
                0x08003d90                USBD_CtlSendStatus
 .text.USBD_CtlReceiveStatus
                0x08003da6       0x16 Middlewares\ST\STM32_USB_Device_Library\Core\Src\usbd_ioreq.o
                0x08003da6                USBD_CtlReceiveStatus
 .text.fingerIdentify
                0x08003dbc       0xf8 Src\FPC1020\FPC1020Application.o
                0x08003dbc                fingerIdentify
 .text.InitCmdPacket
                0x08003eb4       0x6c Src\FPC1020\FPC1020_Command.o
                0x08003eb4                InitCmdPacket
 .text.CheckReceive
                0x08003f20       0x3c Src\FPC1020\FPC1020_Command.o
                0x08003f20                CheckReceive
 .text.ReadDataN
                0x08003f5c       0x20 Src\FPC1020\FPC1020_Command.o
                0x08003f5c                ReadDataN
 .text.ReceiveAck
                0x08003f7c       0x44 Src\FPC1020\FPC1020_Command.o
                0x08003f7c                ReceiveAck
 .text.SendCommand
                0x08003fc0       0x3c Src\FPC1020\FPC1020_Command.o
                0x08003fc0                SendCommand
 .text.Run_TestConnection
                0x08003ffc       0x3c Src\FPC1020\FPC1020_Communication.o
                0x08003ffc                Run_TestConnection
 .text.Run_Command_NP
                0x08004038       0x2c Src\FPC1020\FPC1020_Communication.o
                0x08004038                Run_Command_NP
 .text.Run_GetImage
                0x08004064       0x1c Src\FPC1020\FPC1020_Communication.o
                0x08004064                Run_GetImage
 .text.Run_Generate
                0x08004080       0x48 Src\FPC1020\FPC1020_Communication.o
                0x08004080                Run_Generate
 .text.Run_Search
                0x080040c8       0x68 Src\FPC1020\FPC1020_Communication.o
                0x080040c8                Run_Search
 .text.Run_GetStatus
                0x08004130       0x50 Src\FPC1020\FPC1020_Communication.o
                0x08004130                Run_GetStatus
 .text.MX_VCP_USB_DEVICE_Init
                0x08004180       0x40 Src\VCPusb_device.o
                0x08004180                MX_VCP_USB_DEVICE_Init
 .text.USBD_VCP_FS_DeviceDescriptor
                0x080041c0        0xc Src\VCPusbd_desc.o
                0x080041c0                USBD_VCP_FS_DeviceDescriptor
 .text.USBD_VCP_FS_LangIDStrDescriptor
                0x080041cc        0xc Src\VCPusbd_desc.o
                0x080041cc                USBD_VCP_FS_LangIDStrDescriptor
 .text.USBD_VCP_FS_USR_BOSDescriptor
                0x080041d8        0xc Src\VCPusbd_desc.o
                0x080041d8                USBD_VCP_FS_USR_BOSDescriptor
 .text.USBD_VCP_FS_ManufacturerStrDescriptor
                0x080041e4       0x1c Src\VCPusbd_desc.o
                0x080041e4                USBD_VCP_FS_ManufacturerStrDescriptor
 .text.USBD_VCP_FS_ProductStrDescriptor
                0x08004200       0x1c Src\VCPusbd_desc.o
                0x08004200                USBD_VCP_FS_ProductStrDescriptor
 .text.USBD_VCP_FS_SerialStrDescriptor
                0x0800421c       0x1c Src\VCPusbd_desc.o
                0x0800421c                USBD_VCP_FS_SerialStrDescriptor
 .text.USBD_VCP_FS_ConfigStrDescriptor
                0x08004238       0x1c Src\VCPusbd_desc.o
                0x08004238                USBD_VCP_FS_ConfigStrDescriptor
 .text.USBD_VCP_FS_InterfaceStrDescriptor
                0x08004254       0x1c Src\VCPusbd_desc.o
                0x08004254                USBD_VCP_FS_InterfaceStrDescriptor
 .text.SystemClock_Config
                0x08004270       0xb0 Src\main.o
                0x08004270                SystemClock_Config
 .text.HAL_UART_RxCpltCallback
                0x08004320       0x24 Src\main.o
                0x08004320                HAL_UART_RxCpltCallback
 .text.HAL_TIM_PeriodElapsedCallback
                0x08004344       0x40 Src\main.o
                0x08004344                HAL_TIM_PeriodElapsedCallback
 .text.sendHIDKey
                0x08004384       0x70 Src\main.o
                0x08004384                sendHIDKey
 .text.startup.main
                0x080043f4      0x1cc Src\main.o
                0x080043f4                main
 .text._Error_Handler
                0x080045c0        0x2 Src\main.o
                0x080045c0                _Error_Handler
 *fill*         0x080045c2        0x2 
 .text.HAL_MspInit
                0x080045c4       0x8c Src\stm32l4xx_hal_msp.o
                0x080045c4                HAL_MspInit
 .text.HAL_TIM_Base_MspInit
                0x08004650       0x3c Src\stm32l4xx_hal_msp.o
                0x08004650                HAL_TIM_Base_MspInit
 .text.HAL_UART_MspInit
                0x0800468c       0xf0 Src\stm32l4xx_hal_msp.o
                0x0800468c                HAL_UART_MspInit
 .text.NMI_Handler
                0x0800477c        0x2 Src\stm32l4xx_it.o
                0x0800477c                NMI_Handler
 .text.HardFault_Handler
                0x0800477e        0x2 Src\stm32l4xx_it.o
                0x0800477e                HardFault_Handler
 .text.MemManage_Handler
                0x08004780        0x2 Src\stm32l4xx_it.o
                0x08004780                MemManage_Handler
 .text.BusFault_Handler
                0x08004782        0x2 Src\stm32l4xx_it.o
                0x08004782                BusFault_Handler
 .text.UsageFault_Handler
                0x08004784        0x2 Src\stm32l4xx_it.o
                0x08004784                UsageFault_Handler
 .text.SVC_Handler
                0x08004786        0x2 Src\stm32l4xx_it.o
                0x08004786                SVC_Handler
 .text.DebugMon_Handler
                0x08004788        0x2 Src\stm32l4xx_it.o
                0x08004788                DebugMon_Handler
 .text.PendSV_Handler
                0x0800478a        0x2 Src\stm32l4xx_it.o
                0x0800478a                PendSV_Handler
 .text.SysTick_Handler
                0x0800478c        0xe Src\stm32l4xx_it.o
                0x0800478c                SysTick_Handler
 *fill*         0x0800479a        0x2 
 .text.DMA1_Channel4_IRQHandler
                0x0800479c        0xc Src\stm32l4xx_it.o
                0x0800479c                DMA1_Channel4_IRQHandler
 .text.TIM1_BRK_TIM15_IRQHandler
                0x080047a8        0xc Src\stm32l4xx_it.o
                0x080047a8                TIM1_BRK_TIM15_IRQHandler
 .text.USART1_IRQHandler
                0x080047b4        0xc Src\stm32l4xx_it.o
                0x080047b4                USART1_IRQHandler
 .text.USB_IRQHandler
                0x080047c0        0xc Src\stm32l4xx_it.o
                0x080047c0                USB_IRQHandler
 .text.SystemInit
                0x080047cc       0x48 Src\system_stm32l4xx.o
                0x080047cc                SystemInit
 .text.MX_USB_DEVICE_Init
                0x08004814       0x34 Src\usb_device.o
                0x08004814                MX_USB_DEVICE_Init
 .text.CDC_DeInit_FS
                0x08004848        0x4 Src\usbd_cdc_if.o
 .text.CDC_Control_FS
                0x0800484c        0x4 Src\usbd_cdc_if.o
 .text.CDC_Receive_FS
                0x08004850       0x14 Src\usbd_cdc_if.o
 .text.CDC_Init_FS
                0x08004864       0x28 Src\usbd_cdc_if.o
 .text.CDC_Transmit_FS
                0x0800488c       0x2c Src\usbd_cdc_if.o
                0x0800488c                CDC_Transmit_FS
 .text.HAL_UART_TxCpltCallback
                0x080048b8       0x20 Src\usbd_cdc_if.o
                0x080048b8                HAL_UART_TxCpltCallback
 .text.HAL_PCD_MspInit
                0x080048d8       0x3c Src\usbd_conf.o
                0x080048d8                HAL_PCD_MspInit
 .text.HAL_PCD_SetupStageCallback
                0x08004914        0xc Src\usbd_conf.o
                0x08004914                HAL_PCD_SetupStageCallback
 .text.HAL_PCD_DataOutStageCallback
                0x08004920       0x10 Src\usbd_conf.o
                0x08004920                HAL_PCD_DataOutStageCallback
 .text.HAL_PCD_DataInStageCallback
                0x08004930        0xe Src\usbd_conf.o
                0x08004930                HAL_PCD_DataInStageCallback
 .text.HAL_PCD_SOFCallback
                0x0800493e        0x8 Src\usbd_conf.o
                0x0800493e                HAL_PCD_SOFCallback
 .text.HAL_PCD_ResetCallback
                0x08004946       0x1a Src\usbd_conf.o
                0x08004946                HAL_PCD_ResetCallback
 .text.HAL_PCD_SuspendCallback
                0x08004960       0x20 Src\usbd_conf.o
                0x08004960                HAL_PCD_SuspendCallback
 .text.HAL_PCD_ResumeCallback
                0x08004980       0x28 Src\usbd_conf.o
                0x08004980                HAL_PCD_ResumeCallback
 .text.USBD_LL_Init
                0x080049a8       0xa4 Src\usbd_conf.o
                0x080049a8                USBD_LL_Init
 .text.USBD_LL_Start
                0x08004a4c       0x1c Src\usbd_conf.o
                0x08004a4c                USBD_LL_Start
 .text.USBD_LL_OpenEP
                0x08004a68       0x20 Src\usbd_conf.o
                0x08004a68                USBD_LL_OpenEP
 .text.USBD_LL_CloseEP
                0x08004a88       0x1c Src\usbd_conf.o
                0x08004a88                USBD_LL_CloseEP
 .text.USBD_LL_StallEP
                0x08004aa4       0x1c Src\usbd_conf.o
                0x08004aa4                USBD_LL_StallEP
 .text.USBD_LL_ClearStallEP
                0x08004ac0       0x1c Src\usbd_conf.o
                0x08004ac0                USBD_LL_ClearStallEP
 .text.USBD_LL_IsStallEP
                0x08004adc       0x20 Src\usbd_conf.o
                0x08004adc                USBD_LL_IsStallEP
 .text.USBD_LL_SetUSBAddress
                0x08004afc       0x1c Src\usbd_conf.o
                0x08004afc                USBD_LL_SetUSBAddress
 .text.USBD_LL_Transmit
                0x08004b18       0x1c Src\usbd_conf.o
                0x08004b18                USBD_LL_Transmit
 .text.USBD_LL_PrepareReceive
                0x08004b34       0x1c Src\usbd_conf.o
                0x08004b34                USBD_LL_PrepareReceive
 .text.USBD_LL_GetRxDataSize
                0x08004b50        0xc Src\usbd_conf.o
                0x08004b50                USBD_LL_GetRxDataSize
 .text.HAL_PCDEx_LPM_Callback
                0x08004b5c       0x48 Src\usbd_conf.o
                0x08004b5c                HAL_PCDEx_LPM_Callback
 .text.USBD_static_malloc
                0x08004ba4       0x20 Src\usbd_conf.o
                0x08004ba4                USBD_static_malloc
 .text.USBD_static_free
                0x08004bc4        0x2 Src\usbd_conf.o
                0x08004bc4                USBD_static_free
 .text.USBD_LL_BatteryCharging
                0x08004bc6       0x10 Src\usbd_conf.o
                0x08004bc6                USBD_LL_BatteryCharging
 *fill*         0x08004bd6        0x2 
 .text.USBD_FS_DeviceDescriptor
                0x08004bd8        0xc Src\usbd_desc.o
                0x08004bd8                USBD_FS_DeviceDescriptor
 .text.USBD_FS_LangIDStrDescriptor
                0x08004be4        0xc Src\usbd_desc.o
                0x08004be4                USBD_FS_LangIDStrDescriptor
 .text.USBD_FS_USR_BOSDescriptor
                0x08004bf0        0xc Src\usbd_desc.o
                0x08004bf0                USBD_FS_USR_BOSDescriptor
 .text.USBD_FS_ManufacturerStrDescriptor
                0x08004bfc       0x1c Src\usbd_desc.o
                0x08004bfc                USBD_FS_ManufacturerStrDescriptor
 .text.USBD_FS_ProductStrDescriptor
                0x08004c18       0x1c Src\usbd_desc.o
                0x08004c18                USBD_FS_ProductStrDescriptor
 .text.USBD_FS_SerialStrDescriptor
                0x08004c34       0x1c Src\usbd_desc.o
                0x08004c34                USBD_FS_SerialStrDescriptor
 .text.USBD_FS_ConfigStrDescriptor
                0x08004c50       0x1c Src\usbd_desc.o
                0x08004c50                USBD_FS_ConfigStrDescriptor
 .text.USBD_FS_InterfaceStrDescriptor
                0x08004c6c       0x1c Src\usbd_desc.o
                0x08004c6c                USBD_FS_InterfaceStrDescriptor
 .text.Reset_Handler
                0x08004c88       0x50 startup\startup_stm32l432xx.o
                0x08004c88                Reset_Handler
 .text.Default_Handler
                0x08004cd8        0x2 startup\startup_stm32l432xx.o
                0x08004cd8                RTC_Alarm_IRQHandler
                0x08004cd8                EXTI2_IRQHandler
                0x08004cd8                TIM1_CC_IRQHandler
                0x08004cd8                TSC_IRQHandler
                0x08004cd8                TAMP_STAMP_IRQHandler
                0x08004cd8                EXTI3_IRQHandler
                0x08004cd8                LPTIM2_IRQHandler
                0x08004cd8                I2C3_ER_IRQHandler
                0x08004cd8                EXTI0_IRQHandler
                0x08004cd8                CAN1_RX0_IRQHandler
                0x08004cd8                FPU_IRQHandler
                0x08004cd8                TIM1_UP_TIM16_IRQHandler
                0x08004cd8                SPI1_IRQHandler
                0x08004cd8                TIM6_DAC_IRQHandler
                0x08004cd8                DMA2_Channel2_IRQHandler
                0x08004cd8                ADC1_IRQHandler
                0x08004cd8                DMA1_Channel7_IRQHandler
                0x08004cd8                CAN1_RX1_IRQHandler
                0x08004cd8                DMA2_Channel1_IRQHandler
                0x08004cd8                QUADSPI_IRQHandler
                0x08004cd8                I2C1_EV_IRQHandler
                0x08004cd8                DMA1_Channel6_IRQHandler
                0x08004cd8                DMA2_Channel4_IRQHandler
                0x08004cd8                RCC_IRQHandler
                0x08004cd8                TIM1_TRG_COM_IRQHandler
                0x08004cd8                DMA1_Channel1_IRQHandler
                0x08004cd8                Default_Handler
                0x08004cd8                DMA2_Channel7_IRQHandler
                0x08004cd8                EXTI15_10_IRQHandler
                0x08004cd8                TIM7_IRQHandler
                0x08004cd8                I2C3_EV_IRQHandler
                0x08004cd8                EXTI9_5_IRQHandler
                0x08004cd8                RTC_WKUP_IRQHandler
                0x08004cd8                PVD_PVM_IRQHandler
                0x08004cd8                CAN1_TX_IRQHandler
                0x08004cd8                DMA2_Channel5_IRQHandler
                0x08004cd8                CRS_IRQHandler
                0x08004cd8                DMA1_Channel5_IRQHandler
                0x08004cd8                EXTI4_IRQHandler
                0x08004cd8                RNG_IRQHandler
                0x08004cd8                DMA1_Channel3_IRQHandler
                0x08004cd8                COMP_IRQHandler
                0x08004cd8                WWDG_IRQHandler
                0x08004cd8                LPUART1_IRQHandler
                0x08004cd8                DMA2_Channel6_IRQHandler
                0x08004cd8                TIM2_IRQHandler
                0x08004cd8                EXTI1_IRQHandler
                0x08004cd8                USART2_IRQHandler
                0x08004cd8                DMA1_Channel2_IRQHandler
                0x08004cd8                CAN1_SCE_IRQHandler
                0x08004cd8                FLASH_IRQHandler
                0x08004cd8                SPI3_IRQHandler
                0x08004cd8                I2C1_ER_IRQHandler
                0x08004cd8                SWPMI1_IRQHandler
                0x08004cd8                LPTIM1_IRQHandler
                0x08004cd8                SAI1_IRQHandler
                0x08004cd8                DMA2_Channel3_IRQHandler
 *fill*         0x08004cda        0x2 
 .text.__libc_init_array
                0x08004cdc       0x48 c:/program files (x86)/atollic/truestudio for stm32 9.0.1/armtools/bin/../lib/gcc/arm-atollic-eabi/6.3.1/../../../../arm-atollic-eabi/lib/armv7e-m/fpu\libc_nano.a(lib_a-init.o)
                0x08004cdc                __libc_init_array
 .text.memcpy   0x08004d24       0x16 c:/program files (x86)/atollic/truestudio for stm32 9.0.1/armtools/bin/../lib/gcc/arm-atollic-eabi/6.3.1/../../../../arm-atollic-eabi/lib/armv7e-m/fpu\libc_nano.a(lib_a-memcpy-stub.o)
                0x08004d24                memcpy
 .text.memset   0x08004d3a       0x10 c:/program files (x86)/atollic/truestudio for stm32 9.0.1/armtools/bin/../lib/gcc/arm-atollic-eabi/6.3.1/../../../../arm-atollic-eabi/lib/armv7e-m/fpu\libc_nano.a(lib_a-memset.o)
                0x08004d3a                memset
 *fill*         0x08004d4a        0x2 
 .text.sprintf  0x08004d4c       0x48 c:/program files (x86)/atollic/truestudio for stm32 9.0.1/armtools/bin/../lib/gcc/arm-atollic-eabi/6.3.1/../../../../arm-atollic-eabi/lib/armv7e-m/fpu\libc_nano.a(lib_a-sprintf.o)
                0x08004d4c                siprintf
                0x08004d4c                sprintf
 .text.__ssputs_r
                0x08004d94       0xb6 c:/program files (x86)/atollic/truestudio for stm32 9.0.1/armtools/bin/../lib/gcc/arm-atollic-eabi/6.3.1/../../../../arm-atollic-eabi/lib/armv7e-m/fpu\libc_nano.a(lib_a-nano-svfprintf.o)
                0x08004d94                __ssputs_r
 *fill*         0x08004e4a        0x2 
 .text._svfprintf_r
                0x08004e4c      0x1e8 c:/program files (x86)/atollic/truestudio for stm32 9.0.1/armtools/bin/../lib/gcc/arm-atollic-eabi/6.3.1/../../../../arm-atollic-eabi/lib/armv7e-m/fpu\libc_nano.a(lib_a-nano-svfprintf.o)
                0x08004e4c                _svfiprintf_r
                0x08004e4c                _svfprintf_r
 .text._printf_common
                0x08005034       0xec c:/program files (x86)/atollic/truestudio for stm32 9.0.1/armtools/bin/../lib/gcc/arm-atollic-eabi/6.3.1/../../../../arm-atollic-eabi/lib/armv7e-m/fpu\libc_nano.a(lib_a-nano-vfprintf_i.o)
                0x08005034                _printf_common
 .text._printf_i
                0x08005120      0x240 c:/program files (x86)/atollic/truestudio for stm32 9.0.1/armtools/bin/../lib/gcc/arm-atollic-eabi/6.3.1/../../../../arm-atollic-eabi/lib/armv7e-m/fpu\libc_nano.a(lib_a-nano-vfprintf_i.o)
                0x08005120                _printf_i
 .text.memmove  0x08005360       0x34 c:/program files (x86)/atollic/truestudio for stm32 9.0.1/armtools/bin/../lib/gcc/arm-atollic-eabi/6.3.1/../../../../arm-atollic-eabi/lib/armv7e-m/fpu\libc_nano.a(lib_a-memmove.o)
                0x08005360                memmove
 .text._free_r  0x08005394       0x9c c:/program files (x86)/atollic/truestudio for stm32 9.0.1/armtools/bin/../lib/gcc/arm-atollic-eabi/6.3.1/../../../../arm-atollic-eabi/lib/armv7e-m/fpu\libc_nano.a(lib_a-nano-freer.o)
                0x08005394                _free_r
 .text._malloc_r
                0x08005430       0xbc c:/program files (x86)/atollic/truestudio for stm32 9.0.1/armtools/bin/../lib/gcc/arm-atollic-eabi/6.3.1/../../../../arm-atollic-eabi/lib/armv7e-m/fpu\libc_nano.a(lib_a-nano-mallocr.o)
                0x08005430                _malloc_r
 .text._realloc_r
                0x080054ec       0x4c c:/program files (x86)/atollic/truestudio for stm32 9.0.1/armtools/bin/../lib/gcc/arm-atollic-eabi/6.3.1/../../../../arm-atollic-eabi/lib/armv7e-m/fpu\libc_nano.a(lib_a-nano-reallocr.o)
                0x080054ec                _realloc_r
 .text._sbrk_r  0x08005538       0x20 c:/program files (x86)/atollic/truestudio for stm32 9.0.1/armtools/bin/../lib/gcc/arm-atollic-eabi/6.3.1/../../../../arm-atollic-eabi/lib/armv7e-m/fpu\libc_nano.a(lib_a-sbrkr.o)
                0x08005538                _sbrk_r
 .text.__malloc_lock
                0x08005558        0x2 c:/program files (x86)/atollic/truestudio for stm32 9.0.1/armtools/bin/../lib/gcc/arm-atollic-eabi/6.3.1/../../../../arm-atollic-eabi/lib/armv7e-m/fpu\libc_nano.a(lib_a-mlock.o)
                0x08005558                __malloc_lock
 .text.__malloc_unlock
                0x0800555a        0x2 c:/program files (x86)/atollic/truestudio for stm32 9.0.1/armtools/bin/../lib/gcc/arm-atollic-eabi/6.3.1/../../../../arm-atollic-eabi/lib/armv7e-m/fpu\libc_nano.a(lib_a-mlock.o)
                0x0800555a                __malloc_unlock
 .text._malloc_usable_size_r
                0x0800555c       0x12 c:/program files (x86)/atollic/truestudio for stm32 9.0.1/armtools/bin/../lib/gcc/arm-atollic-eabi/6.3.1/../../../../arm-atollic-eabi/lib/armv7e-m/fpu\libc_nano.a(lib_a-nano-msizer.o)
                0x0800555c                _malloc_usable_size_r
 *fill*         0x0800556e        0x2 
 .text._sbrk    0x08005570       0x1c c:/program files (x86)/atollic/truestudio for stm32 9.0.1/armtools/bin/../lib/gcc/arm-atollic-eabi/6.3.1/../../../../arm-atollic-eabi/lib/armv7e-m/fpu\libnosys.a(sbrk.o)
                0x08005570                _sbrk
 *(.glue_7)
 .glue_7        0x0800558c        0x0 linker stubs
 *(.glue_7t)
 .glue_7t       0x0800558c        0x0 linker stubs
 *(.eh_frame)
 .eh_frame      0x0800558c        0x0 c:/program files (x86)/atollic/truestudio for stm32 9.0.1/armtools/bin/../lib/gcc/arm-atollic-eabi/6.3.1/armv7e-m/fpu/crtbegin.o
 *(.init)
 .init          0x0800558c        0x4 c:/program files (x86)/atollic/truestudio for stm32 9.0.1/armtools/bin/../lib/gcc/arm-atollic-eabi/6.3.1/armv7e-m/fpu/crti.o
                0x0800558c                _init
 .init          0x08005590        0x8 c:/program files (x86)/atollic/truestudio for stm32 9.0.1/armtools/bin/../lib/gcc/arm-atollic-eabi/6.3.1/armv7e-m/fpu/crtn.o
 *(.fini)
 .fini          0x08005598        0x4 c:/program files (x86)/atollic/truestudio for stm32 9.0.1/armtools/bin/../lib/gcc/arm-atollic-eabi/6.3.1/armv7e-m/fpu/crti.o
                0x08005598                _fini
 .fini          0x0800559c        0x8 c:/program files (x86)/atollic/truestudio for stm32 9.0.1/armtools/bin/../lib/gcc/arm-atollic-eabi/6.3.1/armv7e-m/fpu/crtn.o
                0x080055a4                . = ALIGN (0x4)
                0x080055a4                _etext = .

.vfp11_veneer   0x080055a4        0x0
 .vfp11_veneer  0x080055a4        0x0 linker stubs

.v4_bx          0x080055a4        0x0
 .v4_bx         0x080055a4        0x0 linker stubs

.iplt           0x080055a4        0x0
 .iplt          0x080055a4        0x0 c:/program files (x86)/atollic/truestudio for stm32 9.0.1/armtools/bin/../lib/gcc/arm-atollic-eabi/6.3.1/armv7e-m/fpu/crtbegin.o

.rodata         0x080055a4      0x1d4
                0x080055a4                . = ALIGN (0x4)
 *(.rodata)
 *(.rodata*)
 .rodata.CSWTCH.51
                0x080055a4        0x4 Drivers\STM32L4xx_HAL_Driver\Src\stm32l4xx_hal_uart.o
 .rodata.CSWTCH.52
                0x080055a8        0xd Drivers\STM32L4xx_HAL_Driver\Src\stm32l4xx_hal_uart.o
 .rodata.fingerIdentify.str1.1
                0x080055b5       0x56 Src\FPC1020\FPC1020Application.o
 .rodata.USBD_VCP_FS_ConfigStrDescriptor.str1.1
                0x0800560b        0xb Src\VCPusbd_desc.o
 .rodata.USBD_VCP_FS_InterfaceStrDescriptor.str1.1
                0x08005616        0xe Src\VCPusbd_desc.o
 .rodata.USBD_VCP_FS_ManufacturerStrDescriptor.str1.1
                0x08005624       0x13 Src\VCPusbd_desc.o
 .rodata.USBD_VCP_FS_ProductStrDescriptor.str1.1
                0x08005637       0x16 Src\VCPusbd_desc.o
 .rodata.USBD_VCP_FS_SerialStrDescriptor.str1.1
                0x0800564d        0xd Src\VCPusbd_desc.o
 .rodata.CSWTCH.15
                0x0800565a       0x3a Src\main.o
 .rodata.main.str1.1
                0x08005694        0x5 Src\main.o
 .rodata.HAL_UART_MspInit.str1.1
                0x08005699       0x1b Src\stm32l4xx_hal_msp.o
 .rodata.AHBPrescTable
                0x080056b4       0x10 Src\system_stm32l4xx.o
                0x080056b4                AHBPrescTable
 .rodata.APBPrescTable
                0x080056c4        0x8 Src\system_stm32l4xx.o
                0x080056c4                APBPrescTable
 .rodata.MSIRangeTable
                0x080056cc       0x30 Src\system_stm32l4xx.o
                0x080056cc                MSIRangeTable
 .rodata.CSWTCH.42
                0x080056fc        0x4 Src\usbd_conf.o
 .rodata.USBD_LL_Init.str1.1
                0x08005700       0x13 Src\usbd_conf.o
 .rodata.USBD_FS_ConfigStrDescriptor.str1.1
                0x08005713        0xb Src\usbd_desc.o
 .rodata.USBD_FS_InterfaceStrDescriptor.str1.1
                0x0800571e        0xe Src\usbd_desc.o
 .rodata.USBD_FS_ManufacturerStrDescriptor.str1.1
                0x0800572c        0x5 Src\usbd_desc.o
 .rodata.USBD_FS_ProductStrDescriptor.str1.1
                0x08005731       0x13 Src\usbd_desc.o
 .rodata.USBD_FS_SerialStrDescriptor.str1.1
                0x08005744        0xd Src\usbd_desc.o
 .rodata._svfprintf_r.str1.1
                0x08005744       0x11 c:/program files (x86)/atollic/truestudio for stm32 9.0.1/armtools/bin/../lib/gcc/arm-atollic-eabi/6.3.1/../../../../arm-atollic-eabi/lib/armv7e-m/fpu\libc_nano.a(lib_a-nano-svfprintf.o)
 .rodata._printf_i.str1.1
                0x08005755       0x22 c:/program files (x86)/atollic/truestudio for stm32 9.0.1/armtools/bin/../lib/gcc/arm-atollic-eabi/6.3.1/../../../../arm-atollic-eabi/lib/armv7e-m/fpu\libc_nano.a(lib_a-nano-vfprintf_i.o)
                0x08005778                . = ALIGN (0x4)
 *fill*         0x08005777        0x1 

.ARM.extab
 *(.ARM.extab* .gnu.linkonce.armextab.*)

.ARM            0x08005778        0x8
                0x08005778                __exidx_start = .
 *(.ARM.exidx*)
 .ARM.exidx     0x08005778        0x8 c:/program files (x86)/atollic/truestudio for stm32 9.0.1/armtools/bin/../lib/gcc/arm-atollic-eabi/6.3.1/armv7e-m/fpu\libgcc.a(_udivmoddi4.o)
                0x08005780                __exidx_end = .

.rel.dyn        0x08005780        0x0
 .rel.iplt      0x08005780        0x0 c:/program files (x86)/atollic/truestudio for stm32 9.0.1/armtools/bin/../lib/gcc/arm-atollic-eabi/6.3.1/armv7e-m/fpu/crtbegin.o

.preinit_array  0x08005780        0x0
                0x08005780                PROVIDE (__preinit_array_start, .)
 *(.preinit_array*)
                0x08005780                PROVIDE (__preinit_array_end, .)

.init_array     0x08005780        0x4
                0x08005780                PROVIDE (__init_array_start, .)
 *(SORT(.init_array.*))
 *(.init_array*)
 .init_array    0x08005780        0x4 c:/program files (x86)/atollic/truestudio for stm32 9.0.1/armtools/bin/../lib/gcc/arm-atollic-eabi/6.3.1/armv7e-m/fpu/crtbegin.o
                0x08005784                PROVIDE (__init_array_end, .)

.fini_array     0x08005784        0x4
                [!provide]                PROVIDE (__fini_array_start, .)
 *(SORT(.fini_array.*))
 *(.fini_array*)
 .fini_array    0x08005784        0x4 c:/program files (x86)/atollic/truestudio for stm32 9.0.1/armtools/bin/../lib/gcc/arm-atollic-eabi/6.3.1/armv7e-m/fpu/crtbegin.o
                [!provide]                PROVIDE (__fini_array_end, .)
                0x08005788                _sidata = LOADADDR (.data)

.data           0x20000000      0x2c8 load address 0x08005788
                0x20000000                . = ALIGN (0x4)
                0x20000000                _sdata = .
 *(.data)
 *(.data*)
 .data.USBD_CDC
                0x20000000       0x38 Middlewares\ST\STM32_USB_Device_Library\Class\CDC\Src\usbd_cdc.o
                0x20000000                USBD_CDC
 .data.USBD_CDC_CfgFSDesc
                0x20000038       0x43 Middlewares\ST\STM32_USB_Device_Library\Class\CDC\Src\usbd_cdc.o
                0x20000038                USBD_CDC_CfgFSDesc
 *fill*         0x2000007b        0x1 
 .data.USBD_CDC_CfgHSDesc
                0x2000007c       0x43 Middlewares\ST\STM32_USB_Device_Library\Class\CDC\Src\usbd_cdc.o
                0x2000007c                USBD_CDC_CfgHSDesc
 *fill*         0x200000bf        0x1 
 .data.USBD_CDC_DeviceQualifierDesc
                0x200000c0        0xa Middlewares\ST\STM32_USB_Device_Library\Class\CDC\Src\usbd_cdc.o
 *fill*         0x200000ca        0x2 
 .data.USBD_CDC_OtherSpeedCfgDesc
                0x200000cc       0x43 Middlewares\ST\STM32_USB_Device_Library\Class\CDC\Src\usbd_cdc.o
                0x200000cc                USBD_CDC_OtherSpeedCfgDesc
 *fill*         0x2000010f        0x1 
 .data.HID_MOUSE_ReportDesc
                0x20000110       0x2d Middlewares\ST\STM32_USB_Device_Library\Class\HID\Src\usbd_hid.o
 *fill*         0x2000013d        0x3 
 .data.USBD_HID
                0x20000140       0x38 Middlewares\ST\STM32_USB_Device_Library\Class\HID\Src\usbd_hid.o
                0x20000140                USBD_HID
 .data.USBD_HID_CfgDesc
                0x20000178       0x22 Middlewares\ST\STM32_USB_Device_Library\Class\HID\Src\usbd_hid.o
 *fill*         0x2000019a        0x2 
 .data.USBD_HID_Desc
                0x2000019c        0x9 Middlewares\ST\STM32_USB_Device_Library\Class\HID\Src\usbd_hid.o
 *fill*         0x200001a5        0x3 
 .data.USBD_HID_DeviceQualifierDesc
                0x200001a8        0xa Middlewares\ST\STM32_USB_Device_Library\Class\HID\Src\usbd_hid.o
 *fill*         0x200001b2        0x2 
 .data.g_pCmdPacket
                0x200001b4        0x4 Src\FPC1020\FPC1020_Command.o
                0x200001b4                g_pCmdPacket
 .data.g_pRcmPacket
                0x200001b8        0x4 Src\FPC1020\FPC1020_Command.o
                0x200001b8                g_pRcmPacket
 .data.uartFinger
                0x200001bc        0x4 Src\FPC1020\FPC1020_Command.o
                0x200001bc                uartFinger
 .data.USBD_VCP_FS_BOSDesc
                0x200001c0        0xc Src\VCPusbd_desc.o
                0x200001c0                USBD_VCP_FS_BOSDesc
 .data.USBD_VCP_FS_DeviceDesc
                0x200001cc       0x12 Src\VCPusbd_desc.o
                0x200001cc                USBD_VCP_FS_DeviceDesc
 *fill*         0x200001de        0x2 
 .data.USBD_VCP_LangIDDesc
                0x200001e0        0x4 Src\VCPusbd_desc.o
                0x200001e0                USBD_VCP_LangIDDesc
 .data.VCP_FS_Desc
                0x200001e4       0x20 Src\VCPusbd_desc.o
                0x200001e4                VCP_FS_Desc
 .data.debugTerminal
                0x20000204        0x4 Src\main.o
                0x20000204                debugTerminal
 .data.g_nMaxFpCount
                0x20000208        0x4 Src\main.o
                0x20000208                g_nMaxFpCount
 .data.SystemCoreClock
                0x2000020c        0x4 Src\system_stm32l4xx.o
                0x2000020c                SystemCoreClock
 .data.USBD_Interface_fops_FS
                0x20000210       0x10 Src\usbd_cdc_if.o
                0x20000210                USBD_Interface_fops_FS
 .data.FS_Desc  0x20000220       0x20 Src\usbd_desc.o
                0x20000220                FS_Desc
 .data.USBD_FS_BOSDesc
                0x20000240        0xc Src\usbd_desc.o
                0x20000240                USBD_FS_BOSDesc
 .data.USBD_FS_DeviceDesc
                0x2000024c       0x12 Src\usbd_desc.o
                0x2000024c                USBD_FS_DeviceDesc
 *fill*         0x2000025e        0x2 
 .data.USBD_LangIDDesc
                0x20000260        0x4 Src\usbd_desc.o
                0x20000260                USBD_LangIDDesc
 .data._impure_ptr
                0x20000264        0x4 c:/program files (x86)/atollic/truestudio for stm32 9.0.1/armtools/bin/../lib/gcc/arm-atollic-eabi/6.3.1/../../../../arm-atollic-eabi/lib/armv7e-m/fpu\libc_nano.a(lib_a-impure.o)
                0x20000264                _impure_ptr
 .data.impure_data
                0x20000268       0x60 c:/program files (x86)/atollic/truestudio for stm32 9.0.1/armtools/bin/../lib/gcc/arm-atollic-eabi/6.3.1/../../../../arm-atollic-eabi/lib/armv7e-m/fpu\libc_nano.a(lib_a-impure.o)
                0x200002c8                . = ALIGN (0x4)
                0x200002c8                _edata = .

.igot.plt       0x200002c8        0x0 load address 0x08005a50
 .igot.plt      0x200002c8        0x0 c:/program files (x86)/atollic/truestudio for stm32 9.0.1/armtools/bin/../lib/gcc/arm-atollic-eabi/6.3.1/armv7e-m/fpu/crtbegin.o
                0x200002c8                . = ALIGN (0x4)

.bss            0x200002c8     0x1d08 load address 0x08005a50
                0x200002c8                _sbss = .
                0x200002c8                __bss_start__ = _sbss
 *(.bss)
 .bss           0x200002c8       0x1c c:/program files (x86)/atollic/truestudio for stm32 9.0.1/armtools/bin/../lib/gcc/arm-atollic-eabi/6.3.1/armv7e-m/fpu/crtbegin.o
 *(.bss*)
 .bss.ifalt.10352
                0x200002e4        0x1 Middlewares\ST\STM32_USB_Device_Library\Class\CDC\Src\usbd_cdc.o
 .bss.cfgidx.10358
                0x200002e5        0x1 Middlewares\ST\STM32_USB_Device_Library\Core\Src\usbd_ctlreq.o
 *fill*         0x200002e6        0x2 
 .bss.g_dwPacketSize
                0x200002e8        0x4 Src\FPC1020\FPC1020_Command.o
                0x200002e8                g_dwPacketSize
 .bss.m_byDstDeviceID
                0x200002ec        0x1 Src\FPC1020\FPC1020_Communication.o
                0x200002ec                m_byDstDeviceID
 .bss.m_bySrcDeviceID
                0x200002ed        0x1 Src\FPC1020\FPC1020_Communication.o
                0x200002ed                m_bySrcDeviceID
 *fill*         0x200002ee        0x2 
 .bss.UserTxBufPtrIn
                0x200002f0        0x4 Src\main.o
                0x200002f0                UserTxBufPtrIn
 .bss.UserTxBufPtrOut
                0x200002f4        0x4 Src\main.o
                0x200002f4                UserTxBufPtrOut
 .bss.rxBuff    0x200002f8      0x400 Src\main.o
                0x200002f8                rxBuff
 .bss.mem.10542
                0x200006f8      0x220 Src\usbd_conf.o
 .bss.mem1.10543
                0x20000918       0x14 Src\usbd_conf.o
 .bss.__malloc_free_list
                0x2000092c        0x4 c:/program files (x86)/atollic/truestudio for stm32 9.0.1/armtools/bin/../lib/gcc/arm-atollic-eabi/6.3.1/../../../../arm-atollic-eabi/lib/armv7e-m/fpu\libc_nano.a(lib_a-nano-mallocr.o)
                0x2000092c                __malloc_free_list
 .bss.__malloc_sbrk_start
                0x20000930        0x4 c:/program files (x86)/atollic/truestudio for stm32 9.0.1/armtools/bin/../lib/gcc/arm-atollic-eabi/6.3.1/../../../../arm-atollic-eabi/lib/armv7e-m/fpu\libc_nano.a(lib_a-nano-mallocr.o)
                0x20000930                __malloc_sbrk_start
 .bss.heap_end.5239
                0x20000934        0x4 c:/program files (x86)/atollic/truestudio for stm32 9.0.1/armtools/bin/../lib/gcc/arm-atollic-eabi/6.3.1/../../../../arm-atollic-eabi/lib/armv7e-m/fpu\libnosys.a(sbrk.o)
 *(COMMON)
 COMMON         0x20000938        0x4 Drivers\STM32L4xx_HAL_Driver\Src\stm32l4xx_hal.o
                0x20000938                uwTick
 COMMON         0x2000093c      0x280 Src\FPC1020\FPC1020_Command.o
                0x2000093c                g_Packet
 COMMON         0x20000bbc      0x224 Src\VCPusb_device.o
                0x20000bbc                hUsbDeviceFS
 COMMON         0x20000de0      0x200 Src\VCPusbd_desc.o
                0x20000de0                USBD_VCP_StrDesc
 COMMON         0x20000fe0      0x1e8 Src\main.o
                0x20000fe0                htim15
                0x20001020                rx2Flag
                0x20001024                BuffLength
                0x20001028                hdma_usart1_tx
                0x20001070                huart1
                0x200010e8                configFlag
                0x200010ec                huart2
                0x20001164                st
 COMMON         0x200011c8      0x7d0 Src\usbd_cdc_if.o
                0x200011c8                UserRxBufferFS
                0x200015b0                UserTxBufferFS
 COMMON         0x20001998      0x434 Src\usbd_conf.o
                0x20001998                hpcd_USB_FS
 COMMON         0x20001dcc      0x200 Src\usbd_desc.o
                0x20001dcc                USBD_StrDesc
 COMMON         0x20001fcc        0x4 c:/program files (x86)/atollic/truestudio for stm32 9.0.1/armtools/bin/../lib/gcc/arm-atollic-eabi/6.3.1/../../../../arm-atollic-eabi/lib/armv7e-m/fpu\libc_nano.a(lib_a-reent.o)
                0x20001fcc                errno
                0x20001fd0                . = ALIGN (0x4)
                0x20001fd0                _ebss = .
                0x20001fd0                __bss_end__ = _ebss

._user_heap_stack
                0x20001fd0      0x600 load address 0x08005a50
                0x20001fd0                . = ALIGN (0x4)
                0x20001fd0                PROVIDE (end, .)
                [!provide]                PROVIDE (_end, .)
                0x200021d0                . = (. + _Min_Heap_Size)
 *fill*         0x20001fd0      0x200 
                0x200025d0                . = (. + _Min_Stack_Size)
 *fill*         0x200021d0      0x400 
                0x200025d0                . = ALIGN (0x4)

/DISCARD/
 libc.a(*)
 libm.a(*)
 libgcc.a(*)

.ARM.attributes
                0x00000000       0x30
 *(.ARM.attributes)
 .ARM.attributes
                0x00000000       0x22 c:/program files (x86)/atollic/truestudio for stm32 9.0.1/armtools/bin/../lib/gcc/arm-atollic-eabi/6.3.1/armv7e-m/fpu/crti.o
 .ARM.attributes
                0x00000022       0x34 c:/program files (x86)/atollic/truestudio for stm32 9.0.1/armtools/bin/../lib/gcc/arm-atollic-eabi/6.3.1/armv7e-m/fpu/crtbegin.o
 .ARM.attributes
                0x00000056       0x39 Drivers\STM32L4xx_HAL_Driver\Src\stm32l4xx_hal.o
 .ARM.attributes
                0x0000008f       0x39 Drivers\STM32L4xx_HAL_Driver\Src\stm32l4xx_hal_cortex.o
 .ARM.attributes
                0x000000c8       0x39 Drivers\STM32L4xx_HAL_Driver\Src\stm32l4xx_hal_dma.o
 .ARM.attributes
                0x00000101       0x39 Drivers\STM32L4xx_HAL_Driver\Src\stm32l4xx_hal_gpio.o
 .ARM.attributes
                0x0000013a       0x39 Drivers\STM32L4xx_HAL_Driver\Src\stm32l4xx_hal_pcd.o
 .ARM.attributes
                0x00000173       0x39 Drivers\STM32L4xx_HAL_Driver\Src\stm32l4xx_hal_pcd_ex.o
 .ARM.attributes
                0x000001ac       0x39 Drivers\STM32L4xx_HAL_Driver\Src\stm32l4xx_hal_pwr_ex.o
 .ARM.attributes
                0x000001e5       0x39 Drivers\STM32L4xx_HAL_Driver\Src\stm32l4xx_hal_rcc.o
 .ARM.attributes
                0x0000021e       0x39 Drivers\STM32L4xx_HAL_Driver\Src\stm32l4xx_hal_rcc_ex.o
 .ARM.attributes
                0x00000257       0x39 Drivers\STM32L4xx_HAL_Driver\Src\stm32l4xx_hal_tim.o
 .ARM.attributes
                0x00000290       0x39 Drivers\STM32L4xx_HAL_Driver\Src\stm32l4xx_hal_tim_ex.o
 .ARM.attributes
                0x000002c9       0x39 Drivers\STM32L4xx_HAL_Driver\Src\stm32l4xx_hal_uart.o
 .ARM.attributes
                0x00000302       0x39 Drivers\STM32L4xx_HAL_Driver\Src\stm32l4xx_hal_uart_ex.o
 .ARM.attributes
                0x0000033b       0x39 Drivers\STM32L4xx_HAL_Driver\Src\stm32l4xx_ll_usb.o
 .ARM.attributes
                0x00000374       0x39 Middlewares\ST\STM32_USB_Device_Library\Class\CDC\Src\usbd_cdc.o
 .ARM.attributes
                0x000003ad       0x39 Middlewares\ST\STM32_USB_Device_Library\Class\HID\Src\usbd_hid.o
 .ARM.attributes
                0x000003e6       0x39 Middlewares\ST\STM32_USB_Device_Library\Core\Src\usbd_core.o
 .ARM.attributes
                0x0000041f       0x39 Middlewares\ST\STM32_USB_Device_Library\Core\Src\usbd_ctlreq.o
 .ARM.attributes
                0x00000458       0x39 Middlewares\ST\STM32_USB_Device_Library\Core\Src\usbd_ioreq.o
 .ARM.attributes
                0x00000491       0x39 Src\FPC1020\FPC1020Application.o
 .ARM.attributes
                0x000004ca       0x39 Src\FPC1020\FPC1020_Command.o
 .ARM.attributes
                0x00000503       0x39 Src\FPC1020\FPC1020_Communication.o
 .ARM.attributes
                0x0000053c       0x39 Src\VCPusb_device.o
 .ARM.attributes
                0x00000575       0x39 Src\VCPusbd_desc.o
 .ARM.attributes
                0x000005ae       0x39 Src\main.o
 .ARM.attributes
                0x000005e7       0x39 Src\stm32l4xx_hal_msp.o
 .ARM.attributes
                0x00000620       0x39 Src\stm32l4xx_it.o
 .ARM.attributes
                0x00000659       0x39 Src\system_stm32l4xx.o
 .ARM.attributes
                0x00000692       0x39 Src\usb_device.o
 .ARM.attributes
                0x000006cb       0x39 Src\usbd_cdc_if.o
 .ARM.attributes
                0x00000704       0x39 Src\usbd_conf.o
 .ARM.attributes
                0x0000073d       0x39 Src\usbd_desc.o
 .ARM.attributes
                0x00000776       0x21 startup\startup_stm32l432xx.o
 .ARM.attributes
                0x00000797       0x34 c:/program files (x86)/atollic/truestudio for stm32 9.0.1/armtools/bin/../lib/gcc/arm-atollic-eabi/6.3.1/../../../../arm-atollic-eabi/lib/armv7e-m/fpu\libc_nano.a(lib_a-init.o)
 .ARM.attributes
                0x000007cb       0x34 c:/program files (x86)/atollic/truestudio for stm32 9.0.1/armtools/bin/../lib/gcc/arm-atollic-eabi/6.3.1/../../../../arm-atollic-eabi/lib/armv7e-m/fpu\libc_nano.a(lib_a-memcpy-stub.o)
 .ARM.attributes
                0x000007ff       0x34 c:/program files (x86)/atollic/truestudio for stm32 9.0.1/armtools/bin/../lib/gcc/arm-atollic-eabi/6.3.1/../../../../arm-atollic-eabi/lib/armv7e-m/fpu\libc_nano.a(lib_a-memset.o)
 .ARM.attributes
                0x00000833       0x34 c:/program files (x86)/atollic/truestudio for stm32 9.0.1/armtools/bin/../lib/gcc/arm-atollic-eabi/6.3.1/../../../../arm-atollic-eabi/lib/armv7e-m/fpu\libc_nano.a(lib_a-sprintf.o)
 .ARM.attributes
                0x00000867       0x1b c:/program files (x86)/atollic/truestudio for stm32 9.0.1/armtools/bin/../lib/gcc/arm-atollic-eabi/6.3.1/../../../../arm-atollic-eabi/lib/armv7e-m/fpu\libc_nano.a(lib_a-strlen.o)
 .ARM.attributes
                0x00000882       0x34 c:/program files (x86)/atollic/truestudio for stm32 9.0.1/armtools/bin/../lib/gcc/arm-atollic-eabi/6.3.1/../../../../arm-atollic-eabi/lib/armv7e-m/fpu\libc_nano.a(lib_a-impure.o)
 .ARM.attributes
                0x000008b6       0x34 c:/program files (x86)/atollic/truestudio for stm32 9.0.1/armtools/bin/../lib/gcc/arm-atollic-eabi/6.3.1/../../../../arm-atollic-eabi/lib/armv7e-m/fpu\libc_nano.a(lib_a-nano-svfprintf.o)
 .ARM.attributes
                0x000008ea       0x34 c:/program files (x86)/atollic/truestudio for stm32 9.0.1/armtools/bin/../lib/gcc/arm-atollic-eabi/6.3.1/../../../../arm-atollic-eabi/lib/armv7e-m/fpu\libc_nano.a(lib_a-nano-vfprintf_i.o)
 .ARM.attributes
                0x0000091e       0x20 c:/program files (x86)/atollic/truestudio for stm32 9.0.1/armtools/bin/../lib/gcc/arm-atollic-eabi/6.3.1/../../../../arm-atollic-eabi/lib/armv7e-m/fpu\libc_nano.a(lib_a-memchr.o)
 .ARM.attributes
                0x0000093e       0x34 c:/program files (x86)/atollic/truestudio for stm32 9.0.1/armtools/bin/../lib/gcc/arm-atollic-eabi/6.3.1/../../../../arm-atollic-eabi/lib/armv7e-m/fpu\libc_nano.a(lib_a-memmove.o)
 .ARM.attributes
                0x00000972       0x34 c:/program files (x86)/atollic/truestudio for stm32 9.0.1/armtools/bin/../lib/gcc/arm-atollic-eabi/6.3.1/../../../../arm-atollic-eabi/lib/armv7e-m/fpu\libc_nano.a(lib_a-nano-freer.o)
 .ARM.attributes
                0x000009a6       0x34 c:/program files (x86)/atollic/truestudio for stm32 9.0.1/armtools/bin/../lib/gcc/arm-atollic-eabi/6.3.1/../../../../arm-atollic-eabi/lib/armv7e-m/fpu\libc_nano.a(lib_a-nano-mallocr.o)
 .ARM.attributes
                0x000009da       0x34 c:/program files (x86)/atollic/truestudio for stm32 9.0.1/armtools/bin/../lib/gcc/arm-atollic-eabi/6.3.1/../../../../arm-atollic-eabi/lib/armv7e-m/fpu\libc_nano.a(lib_a-nano-reallocr.o)
 .ARM.attributes
                0x00000a0e       0x34 c:/program files (x86)/atollic/truestudio for stm32 9.0.1/armtools/bin/../lib/gcc/arm-atollic-eabi/6.3.1/../../../../arm-atollic-eabi/lib/armv7e-m/fpu\libc_nano.a(lib_a-sbrkr.o)
 .ARM.attributes
                0x00000a42       0x34 c:/program files (x86)/atollic/truestudio for stm32 9.0.1/armtools/bin/../lib/gcc/arm-atollic-eabi/6.3.1/../../../../arm-atollic-eabi/lib/armv7e-m/fpu\libc_nano.a(lib_a-mlock.o)
 .ARM.attributes
                0x00000a76       0x34 c:/program files (x86)/atollic/truestudio for stm32 9.0.1/armtools/bin/../lib/gcc/arm-atollic-eabi/6.3.1/../../../../arm-atollic-eabi/lib/armv7e-m/fpu\libc_nano.a(lib_a-nano-msizer.o)
 .ARM.attributes
                0x00000aaa       0x34 c:/program files (x86)/atollic/truestudio for stm32 9.0.1/armtools/bin/../lib/gcc/arm-atollic-eabi/6.3.1/../../../../arm-atollic-eabi/lib/armv7e-m/fpu\libc_nano.a(lib_a-reent.o)
 .ARM.attributes
                0x00000ade       0x22 c:/program files (x86)/atollic/truestudio for stm32 9.0.1/armtools/bin/../lib/gcc/arm-atollic-eabi/6.3.1/armv7e-m/fpu\libgcc.a(_aeabi_uldivmod.o)
 .ARM.attributes
                0x00000b00       0x34 c:/program files (x86)/atollic/truestudio for stm32 9.0.1/armtools/bin/../lib/gcc/arm-atollic-eabi/6.3.1/armv7e-m/fpu\libgcc.a(_udivmoddi4.o)
 .ARM.attributes
                0x00000b34       0x22 c:/program files (x86)/atollic/truestudio for stm32 9.0.1/armtools/bin/../lib/gcc/arm-atollic-eabi/6.3.1/armv7e-m/fpu\libgcc.a(_dvmd_tls.o)
 .ARM.attributes
                0x00000b56       0x34 c:/program files (x86)/atollic/truestudio for stm32 9.0.1/armtools/bin/../lib/gcc/arm-atollic-eabi/6.3.1/../../../../arm-atollic-eabi/lib/armv7e-m/fpu\libnosys.a(sbrk.o)
 .ARM.attributes
                0x00000b8a       0x22 c:/program files (x86)/atollic/truestudio for stm32 9.0.1/armtools/bin/../lib/gcc/arm-atollic-eabi/6.3.1/armv7e-m/fpu/crtn.o
OUTPUT(STM32L432KC_MFP_HID_VCP.elf elf32-littlearm)

.debug_info     0x00000000    0x2e250
 .debug_info    0x00000000     0x1183 Drivers\STM32L4xx_HAL_Driver\Src\stm32l4xx_hal.o
 .debug_info    0x00001183     0x16f5 Drivers\STM32L4xx_HAL_Driver\Src\stm32l4xx_hal_cortex.o
 .debug_info    0x00002878     0x1067 Drivers\STM32L4xx_HAL_Driver\Src\stm32l4xx_hal_dma.o
 .debug_info    0x000038df     0x1081 Drivers\STM32L4xx_HAL_Driver\Src\stm32l4xx_hal_gpio.o
 .debug_info    0x00004960     0x1af1 Drivers\STM32L4xx_HAL_Driver\Src\stm32l4xx_hal_pcd.o
 .debug_info    0x00006451     0x1167 Drivers\STM32L4xx_HAL_Driver\Src\stm32l4xx_hal_pcd_ex.o
 .debug_info    0x000075b8     0x1213 Drivers\STM32L4xx_HAL_Driver\Src\stm32l4xx_hal_pwr_ex.o
 .debug_info    0x000087cb     0x1598 Drivers\STM32L4xx_HAL_Driver\Src\stm32l4xx_hal_rcc.o
 .debug_info    0x00009d63     0x17fa Drivers\STM32L4xx_HAL_Driver\Src\stm32l4xx_hal_rcc_ex.o
 .debug_info    0x0000b55d     0x3c59 Drivers\STM32L4xx_HAL_Driver\Src\stm32l4xx_hal_tim.o
 .debug_info    0x0000f1b6     0x1bab Drivers\STM32L4xx_HAL_Driver\Src\stm32l4xx_hal_tim_ex.o
 .debug_info    0x00010d61     0x2462 Drivers\STM32L4xx_HAL_Driver\Src\stm32l4xx_hal_uart.o
 .debug_info    0x000131c3     0x11e9 Drivers\STM32L4xx_HAL_Driver\Src\stm32l4xx_hal_uart_ex.o
 .debug_info    0x000143ac     0x1716 Drivers\STM32L4xx_HAL_Driver\Src\stm32l4xx_ll_usb.o
 .debug_info    0x00015ac2     0x1527 Middlewares\ST\STM32_USB_Device_Library\Class\CDC\Src\usbd_cdc.o
 .debug_info    0x00016fe9     0x117f Middlewares\ST\STM32_USB_Device_Library\Class\HID\Src\usbd_hid.o
 .debug_info    0x00018168     0x1497 Middlewares\ST\STM32_USB_Device_Library\Core\Src\usbd_core.o
 .debug_info    0x000195ff     0x14ca Middlewares\ST\STM32_USB_Device_Library\Core\Src\usbd_ctlreq.o
 .debug_info    0x0001aac9      0xff6 Middlewares\ST\STM32_USB_Device_Library\Core\Src\usbd_ioreq.o
 .debug_info    0x0001babf     0x182f Src\FPC1020\FPC1020Application.o
 .debug_info    0x0001d2ee     0x1782 Src\FPC1020\FPC1020_Command.o
 .debug_info    0x0001ea70     0x15ed Src\FPC1020\FPC1020_Communication.o
 .debug_info    0x0002005d      0xefb Src\VCPusb_device.o
 .debug_info    0x00020f58      0xe0c Src\VCPusbd_desc.o
 .debug_info    0x00021d64     0x287b Src\main.o
 .debug_info    0x000245df     0x1a43 Src\stm32l4xx_hal_msp.o
 .debug_info    0x00026022     0x177f Src\stm32l4xx_it.o
 .debug_info    0x000277a1      0xde2 Src\system_stm32l4xx.o
 .debug_info    0x00028583     0x1392 Src\usb_device.o
 .debug_info    0x00029915     0x166f Src\usbd_cdc_if.o
 .debug_info    0x0002af84     0x2459 Src\usbd_conf.o
 .debug_info    0x0002d3dd      0xe0c Src\usbd_desc.o
 .debug_info    0x0002e1e9       0x67 startup\startup_stm32l432xx.o

.debug_abbrev   0x00000000     0x5a06
 .debug_abbrev  0x00000000      0x2c0 Drivers\STM32L4xx_HAL_Driver\Src\stm32l4xx_hal.o
 .debug_abbrev  0x000002c0      0x37d Drivers\STM32L4xx_HAL_Driver\Src\stm32l4xx_hal_cortex.o
 .debug_abbrev  0x0000063d      0x29e Drivers\STM32L4xx_HAL_Driver\Src\stm32l4xx_hal_dma.o
 .debug_abbrev  0x000008db      0x268 Drivers\STM32L4xx_HAL_Driver\Src\stm32l4xx_hal_gpio.o
 .debug_abbrev  0x00000b43      0x396 Drivers\STM32L4xx_HAL_Driver\Src\stm32l4xx_hal_pcd.o
 .debug_abbrev  0x00000ed9      0x29d Drivers\STM32L4xx_HAL_Driver\Src\stm32l4xx_hal_pcd_ex.o
 .debug_abbrev  0x00001176      0x2c7 Drivers\STM32L4xx_HAL_Driver\Src\stm32l4xx_hal_pwr_ex.o
 .debug_abbrev  0x0000143d      0x2d2 Drivers\STM32L4xx_HAL_Driver\Src\stm32l4xx_hal_rcc.o
 .debug_abbrev  0x0000170f      0x31c Drivers\STM32L4xx_HAL_Driver\Src\stm32l4xx_hal_rcc_ex.o
 .debug_abbrev  0x00001a2b      0x3ab Drivers\STM32L4xx_HAL_Driver\Src\stm32l4xx_hal_tim.o
 .debug_abbrev  0x00001dd6      0x30d Drivers\STM32L4xx_HAL_Driver\Src\stm32l4xx_hal_tim_ex.o
 .debug_abbrev  0x000020e3      0x3aa Drivers\STM32L4xx_HAL_Driver\Src\stm32l4xx_hal_uart.o
 .debug_abbrev  0x0000248d      0x2b1 Drivers\STM32L4xx_HAL_Driver\Src\stm32l4xx_hal_uart_ex.o
 .debug_abbrev  0x0000273e      0x2fd Drivers\STM32L4xx_HAL_Driver\Src\stm32l4xx_ll_usb.o
 .debug_abbrev  0x00002a3b      0x2e8 Middlewares\ST\STM32_USB_Device_Library\Class\CDC\Src\usbd_cdc.o
 .debug_abbrev  0x00002d23      0x264 Middlewares\ST\STM32_USB_Device_Library\Class\HID\Src\usbd_hid.o
 .debug_abbrev  0x00002f87      0x308 Middlewares\ST\STM32_USB_Device_Library\Core\Src\usbd_core.o
 .debug_abbrev  0x0000328f      0x3aa Middlewares\ST\STM32_USB_Device_Library\Core\Src\usbd_ctlreq.o
 .debug_abbrev  0x00003639      0x1da Middlewares\ST\STM32_USB_Device_Library\Core\Src\usbd_ioreq.o
 .debug_abbrev  0x00003813      0x2ea Src\FPC1020\FPC1020Application.o
 .debug_abbrev  0x00003afd      0x30e Src\FPC1020\FPC1020_Command.o
 .debug_abbrev  0x00003e0b      0x2bf Src\FPC1020\FPC1020_Communication.o
 .debug_abbrev  0x000040ca      0x1e0 Src\VCPusb_device.o
 .debug_abbrev  0x000042aa      0x261 Src\VCPusbd_desc.o
 .debug_abbrev  0x0000450b      0x3c8 Src\main.o
 .debug_abbrev  0x000048d3      0x258 Src\stm32l4xx_hal_msp.o
 .debug_abbrev  0x00004b2b      0x22d Src\stm32l4xx_it.o
 .debug_abbrev  0x00004d58      0x1eb Src\system_stm32l4xx.o
 .debug_abbrev  0x00004f43      0x236 Src\usb_device.o
 .debug_abbrev  0x00005179      0x2f2 Src\usbd_cdc_if.o
 .debug_abbrev  0x0000546b      0x328 Src\usbd_conf.o
 .debug_abbrev  0x00005793      0x261 Src\usbd_desc.o
 .debug_abbrev  0x000059f4       0x12 startup\startup_stm32l432xx.o

.debug_loc      0x00000000     0xd2fc
 .debug_loc     0x00000000       0x76 Drivers\STM32L4xx_HAL_Driver\Src\stm32l4xx_hal.o
 .debug_loc     0x00000076      0x4fb Drivers\STM32L4xx_HAL_Driver\Src\stm32l4xx_hal_cortex.o
 .debug_loc     0x00000571      0x60c Drivers\STM32L4xx_HAL_Driver\Src\stm32l4xx_hal_dma.o
 .debug_loc     0x00000b7d      0x2ba Drivers\STM32L4xx_HAL_Driver\Src\stm32l4xx_hal_gpio.o
 .debug_loc     0x00000e37      0x9c5 Drivers\STM32L4xx_HAL_Driver\Src\stm32l4xx_hal_pcd.o
 .debug_loc     0x000017fc      0x1b6 Drivers\STM32L4xx_HAL_Driver\Src\stm32l4xx_hal_pcd_ex.o
 .debug_loc     0x000019b2      0x3eb Drivers\STM32L4xx_HAL_Driver\Src\stm32l4xx_hal_pwr_ex.o
 .debug_loc     0x00001d9d      0x5a9 Drivers\STM32L4xx_HAL_Driver\Src\stm32l4xx_hal_rcc.o
 .debug_loc     0x00002346      0xb08 Drivers\STM32L4xx_HAL_Driver\Src\stm32l4xx_hal_rcc_ex.o
 .debug_loc     0x00002e4e     0x3198 Drivers\STM32L4xx_HAL_Driver\Src\stm32l4xx_hal_tim.o
 .debug_loc     0x00005fe6      0xcfc Drivers\STM32L4xx_HAL_Driver\Src\stm32l4xx_hal_tim_ex.o
 .debug_loc     0x00006ce2     0x1826 Drivers\STM32L4xx_HAL_Driver\Src\stm32l4xx_hal_uart.o
 .debug_loc     0x00008508      0x300 Drivers\STM32L4xx_HAL_Driver\Src\stm32l4xx_hal_uart_ex.o
 .debug_loc     0x00008808      0xac1 Drivers\STM32L4xx_HAL_Driver\Src\stm32l4xx_ll_usb.o
 .debug_loc     0x000092c9      0x4cf Middlewares\ST\STM32_USB_Device_Library\Class\CDC\Src\usbd_cdc.o
 .debug_loc     0x00009798      0x40e Middlewares\ST\STM32_USB_Device_Library\Class\HID\Src\usbd_hid.o
 .debug_loc     0x00009ba6      0x5f2 Middlewares\ST\STM32_USB_Device_Library\Core\Src\usbd_core.o
 .debug_loc     0x0000a198      0x7cd Middlewares\ST\STM32_USB_Device_Library\Core\Src\usbd_ctlreq.o
 .debug_loc     0x0000a965      0x23c Middlewares\ST\STM32_USB_Device_Library\Core\Src\usbd_ioreq.o
 .debug_loc     0x0000aba1      0x23e Src\FPC1020\FPC1020Application.o
 .debug_loc     0x0000addf      0x856 Src\FPC1020\FPC1020_Command.o
 .debug_loc     0x0000b635      0x847 Src\FPC1020\FPC1020_Communication.o
 .debug_loc     0x0000be7c      0x294 Src\VCPusbd_desc.o
 .debug_loc     0x0000c110       0xf3 Src\main.o
 .debug_loc     0x0000c203       0xed Src\stm32l4xx_hal_msp.o
 .debug_loc     0x0000c2f0      0x1be Src\system_stm32l4xx.o
 .debug_loc     0x0000c4ae       0x4d Src\usb_device.o
 .debug_loc     0x0000c4fb      0x12d Src\usbd_cdc_if.o
 .debug_loc     0x0000c628      0xa40 Src\usbd_conf.o
 .debug_loc     0x0000d068      0x294 Src\usbd_desc.o

.debug_aranges  0x00000000     0x1328
 .debug_aranges
                0x00000000       0xe8 Drivers\STM32L4xx_HAL_Driver\Src\stm32l4xx_hal.o
 .debug_aranges
                0x000000e8       0xa8 Drivers\STM32L4xx_HAL_Driver\Src\stm32l4xx_hal_cortex.o
 .debug_aranges
                0x00000190       0x78 Drivers\STM32L4xx_HAL_Driver\Src\stm32l4xx_hal_dma.o
 .debug_aranges
                0x00000208       0x58 Drivers\STM32L4xx_HAL_Driver\Src\stm32l4xx_hal_gpio.o
 .debug_aranges
                0x00000260       0xc0 Drivers\STM32L4xx_HAL_Driver\Src\stm32l4xx_hal_pcd.o
 .debug_aranges
                0x00000320       0x50 Drivers\STM32L4xx_HAL_Driver\Src\stm32l4xx_hal_pcd_ex.o
 .debug_aranges
                0x00000370      0x100 Drivers\STM32L4xx_HAL_Driver\Src\stm32l4xx_hal_pwr_ex.o
 .debug_aranges
                0x00000470       0x88 Drivers\STM32L4xx_HAL_Driver\Src\stm32l4xx_hal_rcc.o
 .debug_aranges
                0x000004f8       0xd0 Drivers\STM32L4xx_HAL_Driver\Src\stm32l4xx_hal_rcc_ex.o
 .debug_aranges
                0x000005c8      0x268 Drivers\STM32L4xx_HAL_Driver\Src\stm32l4xx_hal_tim.o
 .debug_aranges
                0x00000830      0x100 Drivers\STM32L4xx_HAL_Driver\Src\stm32l4xx_hal_tim_ex.o
 .debug_aranges
                0x00000930      0x1a0 Drivers\STM32L4xx_HAL_Driver\Src\stm32l4xx_hal_uart.o
 .debug_aranges
                0x00000ad0       0x48 Drivers\STM32L4xx_HAL_Driver\Src\stm32l4xx_hal_uart_ex.o
 .debug_aranges
                0x00000b18       0xf0 Drivers\STM32L4xx_HAL_Driver\Src\stm32l4xx_ll_usb.o
 .debug_aranges
                0x00000c08       0x90 Middlewares\ST\STM32_USB_Device_Library\Class\CDC\Src\usbd_cdc.o
 .debug_aranges
                0x00000c98       0x58 Middlewares\ST\STM32_USB_Device_Library\Class\HID\Src\usbd_hid.o
 .debug_aranges
                0x00000cf0       0xa8 Middlewares\ST\STM32_USB_Device_Library\Core\Src\usbd_core.o
 .debug_aranges
                0x00000d98       0x50 Middlewares\ST\STM32_USB_Device_Library\Core\Src\usbd_ctlreq.o
 .debug_aranges
                0x00000de8       0x50 Middlewares\ST\STM32_USB_Device_Library\Core\Src\usbd_ioreq.o
 .debug_aranges
                0x00000e38       0x50 Src\FPC1020\FPC1020Application.o
 .debug_aranges
                0x00000e88       0x60 Src\FPC1020\FPC1020_Command.o
 .debug_aranges
                0x00000ee8       0x98 Src\FPC1020\FPC1020_Communication.o
 .debug_aranges
                0x00000f80       0x20 Src\VCPusb_device.o
 .debug_aranges
                0x00000fa0       0x58 Src\VCPusbd_desc.o
 .debug_aranges
                0x00000ff8       0x50 Src\main.o
 .debug_aranges
                0x00001048       0x40 Src\stm32l4xx_hal_msp.o
 .debug_aranges
                0x00001088       0x68 Src\stm32l4xx_it.o
 .debug_aranges
                0x000010f0       0x28 Src\system_stm32l4xx.o
 .debug_aranges
                0x00001118       0x28 Src\usb_device.o
 .debug_aranges
                0x00001140       0x48 Src\usbd_cdc_if.o
 .debug_aranges
                0x00001188      0x120 Src\usbd_conf.o
 .debug_aranges
                0x000012a8       0x58 Src\usbd_desc.o
 .debug_aranges
                0x00001300       0x28 startup\startup_stm32l432xx.o

.debug_ranges   0x00000000     0x1690
 .debug_ranges  0x00000000       0xd8 Drivers\STM32L4xx_HAL_Driver\Src\stm32l4xx_hal.o
 .debug_ranges  0x000000d8      0x138 Drivers\STM32L4xx_HAL_Driver\Src\stm32l4xx_hal_cortex.o
 .debug_ranges  0x00000210       0xa0 Drivers\STM32L4xx_HAL_Driver\Src\stm32l4xx_hal_dma.o
 .debug_ranges  0x000002b0       0x68 Drivers\STM32L4xx_HAL_Driver\Src\stm32l4xx_hal_gpio.o
 .debug_ranges  0x00000318      0x118 Drivers\STM32L4xx_HAL_Driver\Src\stm32l4xx_hal_pcd.o
 .debug_ranges  0x00000430       0x40 Drivers\STM32L4xx_HAL_Driver\Src\stm32l4xx_hal_pcd_ex.o
 .debug_ranges  0x00000470       0xf0 Drivers\STM32L4xx_HAL_Driver\Src\stm32l4xx_hal_pwr_ex.o
 .debug_ranges  0x00000560       0x90 Drivers\STM32L4xx_HAL_Driver\Src\stm32l4xx_hal_rcc.o
 .debug_ranges  0x000005f0       0xf8 Drivers\STM32L4xx_HAL_Driver\Src\stm32l4xx_hal_rcc_ex.o
 .debug_ranges  0x000006e8      0x318 Drivers\STM32L4xx_HAL_Driver\Src\stm32l4xx_hal_tim.o
 .debug_ranges  0x00000a00       0xf0 Drivers\STM32L4xx_HAL_Driver\Src\stm32l4xx_hal_tim_ex.o
 .debug_ranges  0x00000af0      0x190 Drivers\STM32L4xx_HAL_Driver\Src\stm32l4xx_hal_uart.o
 .debug_ranges  0x00000c80       0x38 Drivers\STM32L4xx_HAL_Driver\Src\stm32l4xx_hal_uart_ex.o
 .debug_ranges  0x00000cb8      0x1e0 Drivers\STM32L4xx_HAL_Driver\Src\stm32l4xx_ll_usb.o
 .debug_ranges  0x00000e98       0x80 Middlewares\ST\STM32_USB_Device_Library\Class\CDC\Src\usbd_cdc.o
 .debug_ranges  0x00000f18       0x48 Middlewares\ST\STM32_USB_Device_Library\Class\HID\Src\usbd_hid.o
 .debug_ranges  0x00000f60       0x98 Middlewares\ST\STM32_USB_Device_Library\Core\Src\usbd_core.o
 .debug_ranges  0x00000ff8       0xc0 Middlewares\ST\STM32_USB_Device_Library\Core\Src\usbd_ctlreq.o
 .debug_ranges  0x000010b8       0x40 Middlewares\ST\STM32_USB_Device_Library\Core\Src\usbd_ioreq.o
 .debug_ranges  0x000010f8       0x40 Src\FPC1020\FPC1020Application.o
 .debug_ranges  0x00001138       0x80 Src\FPC1020\FPC1020_Command.o
 .debug_ranges  0x000011b8       0x88 Src\FPC1020\FPC1020_Communication.o
 .debug_ranges  0x00001240       0x10 Src\VCPusb_device.o
 .debug_ranges  0x00001250       0x48 Src\VCPusbd_desc.o
 .debug_ranges  0x00001298       0xf8 Src\main.o
 .debug_ranges  0x00001390       0xa0 Src\stm32l4xx_hal_msp.o
 .debug_ranges  0x00001430       0x58 Src\stm32l4xx_it.o
 .debug_ranges  0x00001488       0x18 Src\system_stm32l4xx.o
 .debug_ranges  0x000014a0       0x18 Src\usb_device.o
 .debug_ranges  0x000014b8       0x38 Src\usbd_cdc_if.o
 .debug_ranges  0x000014f0      0x138 Src\usbd_conf.o
 .debug_ranges  0x00001628       0x48 Src\usbd_desc.o
 .debug_ranges  0x00001670       0x20 startup\startup_stm32l432xx.o

.debug_line     0x00000000     0xb0bf
 .debug_line    0x00000000      0x48e Drivers\STM32L4xx_HAL_Driver\Src\stm32l4xx_hal.o
 .debug_line    0x0000048e      0x4d5 Drivers\STM32L4xx_HAL_Driver\Src\stm32l4xx_hal_cortex.o
 .debug_line    0x00000963      0x587 Drivers\STM32L4xx_HAL_Driver\Src\stm32l4xx_hal_dma.o
 .debug_line    0x00000eea      0x455 Drivers\STM32L4xx_HAL_Driver\Src\stm32l4xx_hal_gpio.o
 .debug_line    0x0000133f      0x6c5 Drivers\STM32L4xx_HAL_Driver\Src\stm32l4xx_hal_pcd.o
 .debug_line    0x00001a04      0x3b2 Drivers\STM32L4xx_HAL_Driver\Src\stm32l4xx_hal_pcd_ex.o
 .debug_line    0x00001db6      0x5d4 Drivers\STM32L4xx_HAL_Driver\Src\stm32l4xx_hal_pwr_ex.o
 .debug_line    0x0000238a      0x654 Drivers\STM32L4xx_HAL_Driver\Src\stm32l4xx_hal_rcc.o
 .debug_line    0x000029de      0x789 Drivers\STM32L4xx_HAL_Driver\Src\stm32l4xx_hal_rcc_ex.o
 .debug_line    0x00003167     0x121f Drivers\STM32L4xx_HAL_Driver\Src\stm32l4xx_hal_tim.o
 .debug_line    0x00004386      0x7ac Drivers\STM32L4xx_HAL_Driver\Src\stm32l4xx_hal_tim_ex.o
 .debug_line    0x00004b32      0xdf6 Drivers\STM32L4xx_HAL_Driver\Src\stm32l4xx_hal_uart.o
 .debug_line    0x00005928      0x400 Drivers\STM32L4xx_HAL_Driver\Src\stm32l4xx_hal_uart_ex.o
 .debug_line    0x00005d28      0x608 Drivers\STM32L4xx_HAL_Driver\Src\stm32l4xx_ll_usb.o
 .debug_line    0x00006330      0x50a Middlewares\ST\STM32_USB_Device_Library\Class\CDC\Src\usbd_cdc.o
 .debug_line    0x0000683a      0x462 Middlewares\ST\STM32_USB_Device_Library\Class\HID\Src\usbd_hid.o
 .debug_line    0x00006c9c      0x4f4 Middlewares\ST\STM32_USB_Device_Library\Core\Src\usbd_core.o
 .debug_line    0x00007190      0x473 Middlewares\ST\STM32_USB_Device_Library\Core\Src\usbd_ctlreq.o
 .debug_line    0x00007603      0x38a Middlewares\ST\STM32_USB_Device_Library\Core\Src\usbd_ioreq.o
 .debug_line    0x0000798d      0x491 Src\FPC1020\FPC1020Application.o
 .debug_line    0x00007e1e      0x3e7 Src\FPC1020\FPC1020_Command.o
 .debug_line    0x00008205      0x497 Src\FPC1020\FPC1020_Communication.o
 .debug_line    0x0000869c      0x370 Src\VCPusb_device.o
 .debug_line    0x00008a0c      0x380 Src\VCPusbd_desc.o
 .debug_line    0x00008d8c      0x617 Src\main.o
 .debug_line    0x000093a3      0x3b3 Src\stm32l4xx_hal_msp.o
 .debug_line    0x00009756      0x3b0 Src\stm32l4xx_it.o
 .debug_line    0x00009b06      0x2a8 Src\system_stm32l4xx.o
 .debug_line    0x00009dae      0x412 Src\usb_device.o
 .debug_line    0x0000a1c0      0x415 Src\usbd_cdc_if.o
 .debug_line    0x0000a5d5      0x6f1 Src\usbd_conf.o
 .debug_line    0x0000acc6      0x37a Src\usbd_desc.o
 .debug_line    0x0000b040       0x7f startup\startup_stm32l432xx.o

.debug_str      0x00000000     0x6ab2
 .debug_str     0x00000000      0xe32 Drivers\STM32L4xx_HAL_Driver\Src\stm32l4xx_hal.o
                                0xed7 (size before relaxing)
 .debug_str     0x00000e32      0x3c3 Drivers\STM32L4xx_HAL_Driver\Src\stm32l4xx_hal_cortex.o
                                0xf6b (size before relaxing)
 .debug_str     0x000011f5      0x40e Drivers\STM32L4xx_HAL_Driver\Src\stm32l4xx_hal_dma.o
                                0xadf (size before relaxing)
 .debug_str     0x00001603      0x1cf Drivers\STM32L4xx_HAL_Driver\Src\stm32l4xx_hal_gpio.o
                                0x9da (size before relaxing)
 .debug_str     0x000017d2      0x866 Drivers\STM32L4xx_HAL_Driver\Src\stm32l4xx_hal_pcd.o
                                0xf9f (size before relaxing)
 .debug_str     0x00002038      0x17e Drivers\STM32L4xx_HAL_Driver\Src\stm32l4xx_hal_pcd_ex.o
                                0xbfb (size before relaxing)
 .debug_str     0x000021b6      0x46b Drivers\STM32L4xx_HAL_Driver\Src\stm32l4xx_hal_pwr_ex.o