FPC1020_Communication.c:16:5:Run_TestConnection	24	static
FPC1020_Communication.c:59:6:Run_Command_NP	24	static
FPC1020_Communication.c:29:5:Run_GetDeviceInfo	24	static
FPC1020_Communication.c:73:5:Run_GetImage	8	static
FPC1020_Communication.c:86:5:Run_UpImage	72	static
FPC1020_Communication.c:146:5:Run_Generate	32	static
FPC1020_Communication.c:167:5:Run_DownChar	544	static
FPC1020_Communication.c:206:5:Run_LoadChar	32	static
FPC1020_Communication.c:229:5:Run_UpChar	40	static
FPC1020_Communication.c:264:5:Run_StoreChar	32	static
FPC1020_Communication.c:295:5:Run_DelChar	32	static
FPC1020_Communication.c:317:5:Run_Search	32	static
FPC1020_Communication.c:348:5:Run_Merge	32	static
FPC1020_Communication.c:368:5:Run_GetStatus	40	static
FPC1020_Communication.c:393:5:Run_GetEmptyID	32	static
FPC1020_Communication.c:428:5:Run_GetEnrolledIDList	144	static
