main.c:72:5:main	32	static
main.c:187:6:SystemClock_Config	184	static
main.c:263:13:MX_TIM15_Init	40	static
main.c:298:13:MX_USART1_UART_Init	8	static
main.c:319:13:MX_USART2_UART_Init	8	static
main.c:342:13:MX_DMA_Init	16	static
main.c:361:13:MX_GPIO_Init	40	static
main.c:390:6:playBeep	16	static
main.c:395:6:HAL_UART_RxCpltCallback	16	static
main.c:403:6:HAL_TIM_PeriodElapsedCallback	24	static
main.c:437:6:sendHIDKey	24	static
main.c:452:9:convertNumbertoKeycode	24	static
main.c:498:6:_Error_Handler	16	static
