stm32l4xx_it.c:55:6:NMI_Handler	4	static
stm32l4xx_it.c:68:6:HardFault_Handler	4	static
stm32l4xx_it.c:86:6:MemManage_Handler	4	static
stm32l4xx_it.c:104:6:BusFault_Handler	4	static
stm32l4xx_it.c:122:6:UsageFault_Handler	4	static
stm32l4xx_it.c:140:6:SVC_Handler	4	static
stm32l4xx_it.c:153:6:DebugMon_Handler	4	static
stm32l4xx_it.c:166:6:PendSV_Handler	4	static
stm32l4xx_it.c:179:6:SysTick_Handler	8	static
stm32l4xx_it.c:201:6:DMA1_Channel4_IRQHandler	8	static
stm32l4xx_it.c:215:6:TIM1_BRK_TIM15_IRQHandler	8	static
stm32l4xx_it.c:229:6:USART1_IRQHandler	8	static
stm32l4xx_it.c:243:6:USB_IRQHandler	8	static
