usbd_conf2.c:101:6:HAL_PCD_MspInit	16	static
usbd_conf2.c:120:6:HAL_PCD_MspDeInit	0	static
usbd_conf2.c:144:6:HAL_PCD_SetupStageCallback	0	static
usbd_conf2.c:155:6:HAL_PCD_DataOutStageCallback	0	static
usbd_conf2.c:166:6:HAL_PCD_DataInStageCallback	0	static
usbd_conf2.c:176:6:HAL_PCD_SOFCallback	0	static
usbd_conf2.c:186:6:HAL_PCD_ResetCallback	8	static
usbd_conf2.c:213:6:HAL_PCD_SuspendCallback	8	static
usbd_conf2.c:233:6:HAL_PCD_ResumeCallback	8	static
usbd_conf2.c:253:6:HAL_PCD_ISOOUTIncompleteCallback	0	static
usbd_conf2.c:264:6:HAL_PCD_ISOINIncompleteCallback	0	static
usbd_conf2.c:274:6:HAL_PCD_ConnectCallback	0	static
usbd_conf2.c:284:6:HAL_PCD_DisconnectCallback	0	static
usbd_conf2.c:298:20:USBD_LL_Init	8	static
usbd_conf2.c:332:20:USBD_LL_DeInit	8	static
usbd_conf2.c:364:20:USBD_LL_Start	8	static
usbd_conf2.c:396:20:USBD_LL_Stop	8	static
usbd_conf2.c:431:20:USBD_LL_OpenEP	8	static
usbd_conf2.c:464:20:USBD_LL_CloseEP	8	static
usbd_conf2.c:497:20:USBD_LL_FlushEP	8	static
usbd_conf2.c:530:20:USBD_LL_StallEP	8	static
usbd_conf2.c:563:20:USBD_LL_ClearStallEP	8	static
usbd_conf2.c:596:9:USBD_LL_IsStallEP	0	static
usbd_conf2.c:616:20:USBD_LL_SetUSBAddress	8	static
usbd_conf2.c:651:20:USBD_LL_Transmit	8	static
usbd_conf2.c:686:20:USBD_LL_PrepareReceive	8	static
usbd_conf2.c:719:10:USBD_LL_GetRxDataSize	8	static
usbd_conf2.c:731:6:HAL_PCDEx_LPM_Callback	8	static
usbd_conf2.c:765:6:USBD_LL_Delay	0	static
usbd_conf2.c:775:7:USBD_static_malloc	0	static
usbd_conf2.c:786:6:USBD_static_free	0	static
usbd_conf2.c:809:6:HAL_PCDEx_SetConnectionState	0	static
usbd_conf2.c:832:20:USBD_LL_BatteryCharging	0	static
