usbd_conf.c:102:6:HAL_PCD_MspInit	24	static
usbd_conf.c:121:6:HAL_PCD_MspDeInit	16	static
usbd_conf.c:145:6:HAL_PCD_SetupStageCallback	16	static
usbd_conf.c:156:6:HAL_PCD_DataOutStageCallback	16	static
usbd_conf.c:167:6:HAL_PCD_DataInStageCallback	16	static
usbd_conf.c:177:6:HAL_PCD_SOFCallback	16	static
usbd_conf.c:187:6:HAL_PCD_ResetCallback	24	static
usbd_conf.c:214:6:HAL_PCD_SuspendCallback	16	static
usbd_conf.c:234:6:HAL_PCD_ResumeCallback	16	static
usbd_conf.c:254:6:HAL_PCD_ISOOUTIncompleteCallback	16	static
usbd_conf.c:265:6:HAL_PCD_ISOINIncompleteCallback	16	static
usbd_conf.c:275:6:HAL_PCD_ConnectCallback	16	static
usbd_conf.c:285:6:HAL_PCD_DisconnectCallback	16	static
usbd_conf.c:299:20:USBD_LL_Init	16	static
usbd_conf.c:338:20:USBD_LL_DeInit	24	static
usbd_conf.c:370:20:USBD_LL_Start	24	static
usbd_conf.c:402:20:USBD_LL_Stop	24	static
usbd_conf.c:437:20:USBD_LL_OpenEP	24	static
usbd_conf.c:470:20:USBD_LL_CloseEP	24	static
usbd_conf.c:503:20:USBD_LL_FlushEP	24	static
usbd_conf.c:536:20:USBD_LL_StallEP	24	static
usbd_conf.c:569:20:USBD_LL_ClearStallEP	24	static
usbd_conf.c:602:9:USBD_LL_IsStallEP	24	static
usbd_conf.c:622:20:USBD_LL_SetUSBAddress	24	static
usbd_conf.c:657:20:USBD_LL_Transmit	32	static
usbd_conf.c:692:20:USBD_LL_PrepareReceive	32	static
usbd_conf.c:725:10:USBD_LL_GetRxDataSize	16	static
usbd_conf.c:737:6:HAL_PCDEx_LPM_Callback	16	static
usbd_conf.c:771:6:USBD_LL_Delay	16	static
usbd_conf.c:781:7:USBD_static_malloc	16	static
usbd_conf.c:799:6:USBD_static_free	16	static
usbd_conf.c:810:13:SystemClockConfig_Resume	8	static
usbd_conf.c:822:6:HAL_PCDEx_SetConnectionState	16	static
usbd_conf.c:845:20:USBD_LL_BatteryCharging	24	static
